Archive member included because of file (symbol)

C:/NXP/S32DS_ARM_v1.3/Cross_Tools/gcc-arm-none-eabi-4_9/arm-none-eabi/newlib/lib/armv7e-m/fpu\libc_nano.a(lib_a-exit.o)
                              C:/NXP/S32DS_ARM_v1.3/Cross_Tools/gcc-arm-none-eabi-4_9/arm-none-eabi/newlib/lib/armv7e-m/fpu/crt0.o (exit)
C:/NXP/S32DS_ARM_v1.3/Cross_Tools/gcc-arm-none-eabi-4_9/arm-none-eabi/newlib/lib/armv7e-m/fpu\libc_nano.a(lib_a-impure.o)
                              C:/NXP/S32DS_ARM_v1.3/Cross_Tools/gcc-arm-none-eabi-4_9/arm-none-eabi/newlib/lib/armv7e-m/fpu\libc_nano.a(lib_a-exit.o) (_global_impure_ptr)
C:/NXP/S32DS_ARM_v1.3/Cross_Tools/gcc-arm-none-eabi-4_9/arm-none-eabi/newlib/lib/armv7e-m/fpu\libc_nano.a(lib_a-init.o)
                              C:/NXP/S32DS_ARM_v1.3/Cross_Tools/gcc-arm-none-eabi-4_9/arm-none-eabi/newlib/lib/armv7e-m/fpu/crt0.o (__libc_init_array)
C:/NXP/S32DS_ARM_v1.3/Cross_Tools/gcc-arm-none-eabi-4_9/arm-none-eabi/newlib/lib/armv7e-m/fpu\libc_nano.a(lib_a-memcpy.o)
                              ./SDK/rtos/FreeRTOS_S32K/Source/queue.o (memcpy)
C:/NXP/S32DS_ARM_v1.3/Cross_Tools/gcc-arm-none-eabi-4_9/arm-none-eabi/newlib/lib/armv7e-m/fpu\libc_nano.a(lib_a-memset.o)
                              C:/NXP/S32DS_ARM_v1.3/Cross_Tools/gcc-arm-none-eabi-4_9/arm-none-eabi/newlib/lib/armv7e-m/fpu/crt0.o (memset)
C:/NXP/S32DS_ARM_v1.3/Cross_Tools/gcc-arm-none-eabi-4_9/arm-none-eabi/newlib/lib/armv7e-m/fpu\libnosys.a(_exit.o)
                              C:/NXP/S32DS_ARM_v1.3/Cross_Tools/gcc-arm-none-eabi-4_9/arm-none-eabi/newlib/lib/armv7e-m/fpu\libc_nano.a(lib_a-exit.o) (_exit)

Allocating common symbols
Common symbol       size              file

g_xtal0ClkFreq      0x4               ./SDK/platform/drivers/src/clock/S32K144/clock_S32K144.o
g_RtcClkInFreq      0x4               ./SDK/platform/drivers/src/clock/S32K144/clock_S32K144.o
g_TClkFreq          0xc               ./SDK/platform/drivers/src/clock/S32K144/clock_S32K144.o

Discarded input sections

 .text          0x00000000        0x0 c:/nxp/s32ds_arm_v1.3/cross_tools/gcc-arm-none-eabi-4_9/bin/../lib/gcc/arm-none-eabi/4.9.3/armv7e-m/fpu/crti.o
 .data          0x00000000        0x0 c:/nxp/s32ds_arm_v1.3/cross_tools/gcc-arm-none-eabi-4_9/bin/../lib/gcc/arm-none-eabi/4.9.3/armv7e-m/fpu/crti.o
 .bss           0x00000000        0x0 c:/nxp/s32ds_arm_v1.3/cross_tools/gcc-arm-none-eabi-4_9/bin/../lib/gcc/arm-none-eabi/4.9.3/armv7e-m/fpu/crti.o
 .data          0x00000000        0x4 c:/nxp/s32ds_arm_v1.3/cross_tools/gcc-arm-none-eabi-4_9/bin/../lib/gcc/arm-none-eabi/4.9.3/armv7e-m/fpu/crtbegin.o
 .text          0x00000000       0x74 C:/NXP/S32DS_ARM_v1.3/Cross_Tools/gcc-arm-none-eabi-4_9/arm-none-eabi/newlib/lib/armv7e-m/fpu/crt0.o
 .data          0x00000000        0x0 C:/NXP/S32DS_ARM_v1.3/Cross_Tools/gcc-arm-none-eabi-4_9/arm-none-eabi/newlib/lib/armv7e-m/fpu/crt0.o
 .bss           0x00000000        0x0 C:/NXP/S32DS_ARM_v1.3/Cross_Tools/gcc-arm-none-eabi-4_9/arm-none-eabi/newlib/lib/armv7e-m/fpu/crt0.o
 .ARM.extab     0x00000000        0x0 C:/NXP/S32DS_ARM_v1.3/Cross_Tools/gcc-arm-none-eabi-4_9/arm-none-eabi/newlib/lib/armv7e-m/fpu/crt0.o
 .ARM.exidx     0x00000000        0x8 C:/NXP/S32DS_ARM_v1.3/Cross_Tools/gcc-arm-none-eabi-4_9/arm-none-eabi/newlib/lib/armv7e-m/fpu/crt0.o
 .ARM.attributes
                0x00000000       0x20 C:/NXP/S32DS_ARM_v1.3/Cross_Tools/gcc-arm-none-eabi-4_9/arm-none-eabi/newlib/lib/armv7e-m/fpu/crt0.o
 .group         0x00000000        0x8 ./Generated_Code/pin_mux.o
 .group         0x00000000        0x8 ./Generated_Code/pin_mux.o
 .group         0x00000000        0x8 ./Generated_Code/pin_mux.o
 .group         0x00000000        0x8 ./Generated_Code/pin_mux.o
 .group         0x00000000        0x8 ./Generated_Code/pin_mux.o
 .group         0x00000000        0x8 ./Generated_Code/pin_mux.o
 .group         0x00000000        0x8 ./Generated_Code/pin_mux.o
 .group         0x00000000        0x8 ./Generated_Code/pin_mux.o
 .group         0x00000000        0x8 ./Generated_Code/pin_mux.o
 .group         0x00000000        0x8 ./Generated_Code/pin_mux.o
 .group         0x00000000        0x8 ./Generated_Code/pin_mux.o
 .group         0x00000000        0x8 ./Generated_Code/pin_mux.o
 .group         0x00000000        0x8 ./Generated_Code/pin_mux.o
 .group         0x00000000        0x8 ./Generated_Code/pin_mux.o
 .text          0x00000000        0x0 ./Generated_Code/pin_mux.o
 .data          0x00000000        0x0 ./Generated_Code/pin_mux.o
 .bss           0x00000000        0x0 ./Generated_Code/pin_mux.o
 .group         0x00000000        0x8 ./Generated_Code/flexTimer1.o
 .group         0x00000000        0x8 ./Generated_Code/flexTimer1.o
 .group         0x00000000        0x8 ./Generated_Code/flexTimer1.o
 .group         0x00000000        0x8 ./Generated_Code/flexTimer1.o
 .group         0x00000000        0x8 ./Generated_Code/flexTimer1.o
 .group         0x00000000        0x8 ./Generated_Code/flexTimer1.o
[...]
Memory Configuration

Name             Origin             Length             Attributes
m_interrupts     0x00000000         0x00000400         xr
m_flash_config   0x00000400         0x00000010         xr
m_text           0x00000410         0x0007fbf0         xr
m_data           0x1fff8000         0x00008000         rw
m_data_2         0x20000000         0x00007000         rw
*default*        0x00000000         0xffffffff

Linker script and memory map

LOAD c:/nxp/s32ds_arm_v1.3/cross_tools/gcc-arm-none-eabi-4_9/bin/../lib/gcc/arm-none-eabi/4.9.3/armv7e-m/fpu/crti.o
LOAD c:/nxp/s32ds_arm_v1.3/cross_tools/gcc-arm-none-eabi-4_9/bin/../lib/gcc/arm-none-eabi/4.9.3/armv7e-m/fpu/crtbegin.o
LOAD C:/NXP/S32DS_ARM_v1.3/Cross_Tools/gcc-arm-none-eabi-4_9/arm-none-eabi/newlib/lib/armv7e-m/fpu/crt0.o
LOAD ./Generated_Code/pin_mux.o
LOAD ./Generated_Code/flexTimer1.o
LOAD ./Generated_Code/clockMan1.o
LOAD ./Generated_Code/Cpu.o
LOAD ./Project_Settings/Startup_Code/startup_S32K144.o
LOAD ./SDK/platform/devices/S32K144/startup/system_S32K144.o
LOAD ./SDK/platform/devices/startup.o
LOAD ./SDK/platform/drivers/src/clock/S32K144/clock_S32K144.o
LOAD ./SDK/platform/drivers/src/clock/clock_manager.o
LOAD ./SDK/platform/drivers/src/ftm/ftm_driver.o
LOAD ./SDK/platform/drivers/src/interrupt/interrupt_manager.o
LOAD ./SDK/platform/drivers/src/pins/pins_driver.o
LOAD ./SDK/platform/hal/src/ftm/ftm_hal.o
LOAD ./SDK/platform/hal/src/pcc/pcc_hal.o
LOAD ./SDK/platform/hal/src/pmc/pmc_hal.o
LOAD ./SDK/platform/hal/src/port/port_hal.o
LOAD ./SDK/platform/hal/src/scg/scg_hal.o
LOAD ./SDK/platform/hal/src/sim/S32K144/sim_hal_S32K144.o
LOAD ./SDK/platform/hal/src/smc/smc_hal.o
LOAD ./SDK/rtos/FreeRTOS_S32K/Source/portable/GCC/ARM_CM4F/port.o
LOAD ./SDK/rtos/FreeRTOS_S32K/Source/portable/MemMang/heap_2.o
LOAD ./SDK/rtos/FreeRTOS_S32K/Source/timers.o
LOAD ./SDK/rtos/FreeRTOS_S32K/Source/tasks.o
LOAD ./SDK/rtos/FreeRTOS_S32K/Source/queue.o
LOAD ./SDK/rtos/FreeRTOS_S32K/Source/list.o
LOAD ./SDK/rtos/FreeRTOS_S32K/Source/event_groups.o
LOAD ./SDK/rtos/FreeRTOS_S32K/Source/croutine.o
LOAD ./Sources/transceiver.o
LOAD ./Sources/rtos_driver.o
LOAD ./Sources/main.o
LOAD ./Sources/clocks_and_modes.o
LOAD ./Sources/can_driver.o
LOAD ./Sources/ADC.o
START GROUP
LOAD c:/nxp/s32ds_arm_v1.3/cross_tools/gcc-arm-none-eabi-4_9/bin/../lib/gcc/arm-none-eabi/4.9.3/armv7e-m/fpu\libgcc.a
LOAD C:/NXP/S32DS_ARM_v1.3/Cross_Tools/gcc-arm-none-eabi-4_9/arm-none-eabi/newlib/lib/armv7e-m/fpu\libc_nano.a
END GROUP
START GROUP
LOAD c:/nxp/s32ds_arm_v1.3/cross_tools/gcc-arm-none-eabi-4_9/bin/../lib/gcc/arm-none-eabi/4.9.3/armv7e-m/fpu\libgcc.a
LOAD C:/NXP/S32DS_ARM_v1.3/Cross_Tools/gcc-arm-none-eabi-4_9/arm-none-eabi/newlib/lib/armv7e-m/fpu\libc_nano.a
LOAD C:/NXP/S32DS_ARM_v1.3/Cross_Tools/gcc-arm-none-eabi-4_9/arm-none-eabi/newlib/lib/armv7e-m/fpu\libnosys.a
END GROUP
START GROUP
LOAD c:/nxp/s32ds_arm_v1.3/cross_tools/gcc-arm-none-eabi-4_9/bin/../lib/gcc/arm-none-eabi/4.9.3/armv7e-m/fpu\libgcc.a
LOAD C:/NXP/S32DS_ARM_v1.3/Cross_Tools/gcc-arm-none-eabi-4_9/arm-none-eabi/newlib/lib/armv7e-m/fpu\libc_nano.a
LOAD C:/NXP/S32DS_ARM_v1.3/Cross_Tools/gcc-arm-none-eabi-4_9/arm-none-eabi/newlib/lib/armv7e-m/fpu\libnosys.a
END GROUP
LOAD c:/nxp/s32ds_arm_v1.3/cross_tools/gcc-arm-none-eabi-4_9/bin/../lib/gcc/arm-none-eabi/4.9.3/armv7e-m/fpu/crtend.o
LOAD c:/nxp/s32ds_arm_v1.3/cross_tools/gcc-arm-none-eabi-4_9/bin/../lib/gcc/arm-none-eabi/4.9.3/armv7e-m/fpu/crtn.o
                0x00000400                HEAP_SIZE = DEFINED (__heap_size__)?__heap_size__:0x400
                0x00000400                STACK_SIZE = DEFINED (__stack_size__)?__stack_size__:0x400
                0x00000400                M_VECTOR_RAM_SIZE = DEFINED (__flash_vector_table__)?0x0:0x400

.interrupts     0x00000000      0x400
                0x00000000                __VECTOR_TABLE = .
                0x00000000                . = ALIGN (0x4)
 *(.isr_vector)
 .isr_vector    0x00000000      0x400 ./Project_Settings/Startup_Code/startup_S32K144.o
                0x00000000                __isr_vector
                0x00000400                . = ALIGN (0x4)

.flash_config   0x00000400       0x10
                0x00000400                . = ALIGN (0x4)
 *(.FlashConfig)
 .FlashConfig   0x00000400       0x10 ./Project_Settings/Startup_Code/startup_S32K144.o
                0x00000410                . = ALIGN (0x4)

.text           0x00000410     0x8d48
                0x00000410                . = ALIGN (0x4)
 *(.text)
 .text          0x00000410       0x5c c:/nxp/s32ds_arm_v1.3/cross_tools/gcc-arm-none-eabi-4_9/bin/../lib/gcc/arm-none-eabi/4.9.3/armv7e-m/fpu/crtbegin.o
 .text          0x0000046c       0x44 ./Project_Settings/Startup_Code/startup_S32K144.o
                0x0000046c                Reset_Handler
                0x000004ac                DebugMon_Handler
                0x000004ac                Reserved88_IRQHandler
                0x000004ac                CAN0_ORed_IRQHandler
                0x000004ac                HardFault_Handler
                0x000004ac                Reserved86_IRQHandler
                0x000004ac                Reserved103_IRQHandler
                0x000004ac                FTM2_Ovf_Reload_IRQHandler
                0x000004ac                Reserved50_IRQHandler
                0x000004ac                FTFC_Fault_IRQHandler
                0x000004ac                Reserved114_IRQHandler
                0x000004ac                NMI_Handler
                0x000004ac                Reserved89_IRQHandler
                0x000004ac                ERM_double_fault_IRQHandler
                0x000004ac                DMA2_IRQHandler
                0x000004ac                Reserved59_IRQHandler
                0x000004ac                LPIT0_Ch0_IRQHandler
                0x000004ac                Reserved99_IRQHandler
                0x000004ac                CAN2_ORed_0_15_MB_IRQHandler
                0x000004ac                LPIT0_Ch3_IRQHandler
                0x000004ac                Reserved92_IRQHandler
                0x000004ac                CAN1_Error_IRQHandler
                0x000004ac                SWI_IRQHandler
                0x000004ac                ADC0_IRQHandler
                0x000004ac                UsageFault_Handler
                0x000004ac                FTM0_Ovf_Reload_IRQHandler
                0x000004ac                DefaultISR
                0x000004ac                DMA9_IRQHandler
                0x000004ac                Reserved58_IRQHandler
                0x000004ac                CAN1_ORed_0_15_MB_IRQHandler
                0x000004ac                DMA14_IRQHandler
                0x000004ac                Reserved82_IRQHandler
                0x000004ac                CAN0_ORed_16_31_MB_IRQHandler
                0x000004ac                LPI2C0_Slave_IRQHandler
                0x000004ac                Reserved71_IRQHandler
                0x000004ac                PORTD_IRQHandler
                0x000004ac                Reserved69_IRQHandler
                0x000004ac                PORTB_IRQHandler
                0x000004ac                Reserved70_IRQHandler
                0x000004ac                ADC1_IRQHandler
                0x000004ac                Reserved53_IRQHandler
                0x000004ac                DMA5_IRQHandler
                0x000004ac                RTC_IRQHandler
                0x000004ac                PDB0_IRQHandler
                0x000004ac                Reserved54_IRQHandler
                0x000004ac                LPSPI1_IRQHandler
                0x000004ac                LPUART1_RxTx_IRQHandler
                0x000004ac                RTC_Seconds_IRQHandler
                0x000004ac                CAN2_ORed_IRQHandler
                0x000004ac                Reserved72_IRQHandler
                0x000004ac                Reserved110_IRQHandler
                0x000004ac                DMA11_IRQHandler
                0x000004ac                Reserved107_IRQHandler
                0x000004ac                Read_Collision_IRQHandler
                0x000004ac                CAN2_Error_IRQHandler
                0x000004ac                FTFC_IRQHandler
                0x000004ac                DMA7_IRQHandler
                0x000004ac                Reserved105_IRQHandler
                0x000004ac                LPIT0_Ch1_IRQHandler
                0x000004ac                FTM3_Ovf_Reload_IRQHandler
                0x000004ac                LPUART2_RxTx_IRQHandler
                0x000004ac                LPSPI0_IRQHandler
                0x000004ac                WDOG_EWM_IRQHandler
                0x000004ac                MemManage_Handler
                0x000004ac                Reserved90_IRQHandler
                0x000004ac                Reserved83_IRQHandler
                0x000004ac                FTM0_Fault_IRQHandler
                0x000004ac                Reserved48_IRQHandler
                0x000004ac                ERM_single_fault_IRQHandler
                0x000004ac                FTM2_Fault_IRQHandler
                0x000004ac                DMA13_IRQHandler
                0x000004ac                FTM3_Fault_IRQHandler
                0x000004ac                RCM_IRQHandler
                0x000004ac                DMA3_IRQHandler
                0x000004ac                Reserved100_IRQHandler
                0x000004ac                DMA0_IRQHandler
                0x000004ac                Reserved91_IRQHandler
                0x000004ac                CAN1_ORed_IRQHandler
                0x000004ac                DMA15_IRQHandler
                0x000004ac                SCG_IRQHandler
                0x000004ac                PDB1_IRQHandler
                0x000004ac                Reserved81_IRQHandler
                0x000004ac                Reserved46_IRQHandler
                0x000004ac                Reserved45_IRQHandler
                0x000004ac                CAN0_Error_IRQHandler
                0x000004ac                Reserved112_IRQHandler
                0x000004ac                LPI2C0_Master_IRQHandler
                0x000004ac                DMA4_IRQHandler
                0x000004ac                FTM1_Fault_IRQHandler
                0x000004ac                Reserved106_IRQHandler
                0x000004ac                DMA_Error_IRQHandler
                0x000004ac                LVD_LVW_IRQHandler
                0x000004ac                LPIT0_Ch2_IRQHandler
                0x000004ac                PORTA_IRQHandler
                0x000004ac                MCM_IRQHandler
                0x000004ac                LPSPI2_IRQHandler
                0x000004ac                DMA12_IRQHandler
                0x000004ac                CAN0_ORed_0_15_MB_IRQHandler
                0x000004ac                PORTE_IRQHandler
                0x000004ac                LPUART0_RxTx_IRQHandler
                0x000004ac                LPTMR0_IRQHandler
                0x000004ac                BusFault_Handler
                0x000004ac                Reserved87_IRQHandler
                0x000004ac                FTM1_Ovf_Reload_IRQHandler
                0x000004ac                DMA8_IRQHandler
                0x000004ac                Reserved93_IRQHandler
                0x000004ac                DMA10_IRQHandler
                0x000004ac                CAN0_Wake_Up_IRQHandler
                0x000004ac                CMP0_IRQHandler
                0x000004ac                Reserved52_IRQHandler
                0x000004ac                PORTC_IRQHandler
                0x000004ac                DMA6_IRQHandler
                0x000004ac                FLEXIO_IRQHandler
                0x000004ac                DMA1_IRQHandler
                0x000004ac                Reserved113_IRQHandler
 *(.text*)
 .text.SystemInit
                0x000004b0       0x58 ./SDK/platform/devices/S32K144/startup/system_S32K144.o
                0x000004b0                SystemInit
 .text.init_data_bss
                0x00000508       0xf4 ./SDK/platform/devices/startup.o
                0x00000508                init_data_bss
 .text.SCG_HAL_GetClockoutSourceSel
                0x000005fc       0x6c ./SDK/platform/drivers/src/clock/S32K144/clock_S32K144.o
 .text.SCG_HAL_SetClockoutSourceSel
                0x00000668       0x80 ./SDK/platform/drivers/src/clock/S32K144/clock_S32K144.o
 .text.PCC_HAL_GetClockMode
                0x000006e8       0x44 ./SDK/platform/drivers/src/clock/S32K144/clock_S32K144.o
 .text.PCC_HAL_GetClockSourceSel
                0x0000072c       0x80 ./SDK/platform/drivers/src/clock/S32K144/clock_S32K144.o
 .text.PCC_HAL_GetFracValueSel
                0x000007ac       0x4c ./SDK/platform/drivers/src/clock/S32K144/clock_S32K144.o
 .text.PCC_HAL_GetDividerSel
                0x000007f8       0x94 ./SDK/platform/drivers/src/clock/S32K144/clock_S32K144.o
 .text.SIM_HAL_GetRtcClkSrc
                0x0000088c       0x48 ./SDK/platform/drivers/src/clock/S32K144/clock_S32K144.o
 .text.SIM_HAL_SetLpoClocks
                0x000008d4       0x78 ./SDK/platform/drivers/src/clock/S32K144/clock_S32K144.o
 .text.SIM_HAL_SetEimClockGate
                0x0000094c       0x3c ./SDK/platform/drivers/src/clock/S32K144/clock_S32K144.o
 .text.SIM_HAL_GetEimClockGate
                0x00000988       0x30 ./SDK/platform/drivers/src/clock/S32K144/clock_S32K144.o
 .text.SIM_HAL_SetErmClockGate
                0x000009b8       0x3c ./SDK/platform/drivers/src/clock/S32K144/clock_S32K144.o
 .text.SIM_HAL_GetErmClockGate
                0x000009f4       0x30 ./SDK/platform/drivers/src/clock/S32K144/clock_S32K144.o
 .text.SIM_HAL_SetDmaClockGate
                0x00000a24       0x3c ./SDK/platform/drivers/src/clock/S32K144/clock_S32K144.o
 .text.SIM_HAL_GetDmaClockGate
                0x00000a60       0x30 ./SDK/platform/drivers/src/clock/S32K144/clock_S32K144.o
 .text.SIM_HAL_SetMpuClockGate
                0x00000a90       0x3c ./SDK/platform/drivers/src/clock/S32K144/clock_S32K144.o
 .text.SIM_HAL_GetMpuClockGate
                0x00000acc       0x30 ./SDK/platform/drivers/src/clock/S32K144/clock_S32K144.o
 .text.SIM_HAL_SetMscmClockGate
                0x00000afc       0x3c ./SDK/platform/drivers/src/clock/S32K144/clock_S32K144.o
 .text.SIM_HAL_GetMscmClockGate
                0x00000b38       0x30 ./SDK/platform/drivers/src/clock/S32K144/clock_S32K144.o
 .text.SIM_HAL_SetTClkFreq
                0x00000b68       0x2c ./SDK/platform/drivers/src/clock/S32K144/clock_S32K144.o
 .text.SIM_HAL_GetTClkFreq
                0x00000b94       0x34 ./SDK/platform/drivers/src/clock/S32K144/clock_S32K144.o
 .text.SMC_HAL_GetPowerModeStatus
                0x00000bc8       0x70 ./SDK/platform/drivers/src/clock/S32K144/clock_S32K144.o
 .text.PMC_HAL_SetLpoMode
                0x00000c38       0x40 ./SDK/platform/drivers/src/clock/S32K144/clock_S32K144.o
 .text.PMC_HAL_GetLpoMode
                0x00000c78       0x2c ./SDK/platform/drivers/src/clock/S32K144/clock_S32K144.o
 .text.PMC_HAL_SetLpoTrimValue
                0x00000ca4       0x58 ./SDK/platform/drivers/src/clock/S32K144/clock_S32K144.o
 .text.CLOCK_SYS_SetConfiguration
                0x00000cfc       0x44 ./SDK/platform/drivers/src/clock/S32K144/clock_S32K144.o
                0x00000cfc                CLOCK_SYS_SetConfiguration
 .text.CLOCK_SYS_SetScgConfiguration
                0x00000d40       0xb4 ./SDK/platform/drivers/src/clock/S32K144/clock_S32K144.o
                0x00000d40                CLOCK_SYS_SetScgConfiguration
 .text.CLOCK_SYS_SetPccConfiguration
                0x00000df4       0x1c ./SDK/platform/drivers/src/clock/S32K144/clock_S32K144.o
                0x00000df4                CLOCK_SYS_SetPccConfiguration
 .text.CLOCK_SYS_SetSimConfiguration
                0x00000e10       0xc8 ./SDK/platform/drivers/src/clock/S32K144/clock_S32K144.o
                0x00000e10                CLOCK_SYS_SetSimConfiguration
 .text.CLOCK_SYS_SetPmcConfiguration
                0x00000ed8       0x34 ./SDK/platform/drivers/src/clock/S32K144/clock_S32K144.o
                0x00000ed8                CLOCK_SYS_SetPmcConfiguration
 .text.CLOCK_SYS_GetScgClockFreq
                0x00000f0c       0xd8 ./SDK/platform/drivers/src/clock/S32K144/clock_S32K144.o
 .text.CLOCK_SYS_GetSimClockFreq
                0x00000fe4      0x1c0 ./SDK/platform/drivers/src/clock/S32K144/clock_S32K144.o
 .text.CLOCK_SYS_GetPccClockFreq
                0x000011a4      0x13c ./SDK/platform/drivers/src/clock/S32K144/clock_S32K144.o
 .text.CLOCK_SYS_GetFreq
                0x000012e0       0x5c ./SDK/platform/drivers/src/clock/S32K144/clock_S32K144.o
                0x000012e0                CLOCK_SYS_GetFreq
 .text.CLOCK_SYS_GetPeripheralClock
                0x0000133c       0xe0 ./SDK/platform/drivers/src/clock/S32K144/clock_S32K144.o
 .text.CLOCK_SYS_GetCurrentRunMode
                0x0000141c       0x40 ./SDK/platform/drivers/src/clock/S32K144/clock_S32K144.o
 .text.CLOCK_SYS_TransitionSystemClock
                0x0000145c       0x70 ./SDK/platform/drivers/src/clock/S32K144/clock_S32K144.o
 .text.CLOCK_SYS_GetSimClkOutFreq
                0x000014cc       0xe8 ./SDK/platform/drivers/src/clock/S32K144/clock_S32K144.o
 .text.CLOCK_SYS_GetScgClkOutFreq
                0x000015b4       0x80 ./SDK/platform/drivers/src/clock/S32K144/clock_S32K144.o
 .text.CLOCK_SYS_GetSimRtcClkFreq
                0x00001634       0x70 ./SDK/platform/drivers/src/clock/S32K144/clock_S32K144.o
 .text.CLOCK_SYS_ConfigureSIRC
                0x000016a4       0x88 ./SDK/platform/drivers/src/clock/S32K144/clock_S32K144.o
 .text.CLOCK_SYS_ConfigureFIRC
                0x0000172c       0x88 ./SDK/platform/drivers/src/clock/S32K144/clock_S32K144.o
 .text.CLOCK_SYS_ConfigureSOSC
                0x000017b4       0x8c ./SDK/platform/drivers/src/clock/S32K144/clock_S32K144.o
 .text.CLOCK_SYS_ConfigureSPLL
                0x00001840       0x8c ./SDK/platform/drivers/src/clock/S32K144/clock_S32K144.o
 .text.CLOCK_SYS_ConfigureTemporarySystemClock
                0x000018cc       0x64 ./SDK/platform/drivers/src/clock/S32K144/clock_S32K144.o
 .text.CLOCK_SYS_ConfigureModulesFromScg
                0x00001930      0x190 ./SDK/platform/drivers/src/clock/S32K144/clock_S32K144.o
 .text.CLOCK_SYS_Init
                0x00001ac0       0x44 ./SDK/platform/drivers/src/clock/clock_manager.o
                0x00001ac0                CLOCK_SYS_Init
 .text.CLOCK_SYS_UpdateConfiguration
                0x00001b04      0x180 ./SDK/platform/drivers/src/clock/clock_manager.o
                0x00001b04                CLOCK_SYS_UpdateConfiguration
 .text.PCC_HAL_GetClockSourceSel
                0x00001c84       0x80 ./SDK/platform/drivers/src/ftm/ftm_driver.o
 .text.FTM_HAL_SetClockSource
                0x00001d04       0x2c ./SDK/platform/drivers/src/ftm/ftm_driver.o
 .text.FTM_HAL_GetClockSource
                0x00001d30       0x20 ./SDK/platform/drivers/src/ftm/ftm_driver.o
 .text.FTM_HAL_GetClockPs
                0x00001d50       0x20 ./SDK/platform/drivers/src/ftm/ftm_driver.o
 .text.FTM_HAL_SetTimerOverflowInt
                0x00001d70       0x2c ./SDK/platform/drivers/src/ftm/ftm_driver.o
 .text.FTM_HAL_EnablePwmChannelOutputs
                0x00001d9c       0x38 ./SDK/platform/drivers/src/ftm/ftm_driver.o
 .text.FTM_HAL_DisablePwmChannelOutputs
                0x00001dd4       0x34 ./SDK/platform/drivers/src/ftm/ftm_driver.o
 .text.FTM_HAL_ClearTimerOverflow
                0x00001e08       0x24 ./SDK/platform/drivers/src/ftm/ftm_driver.o
 .text.FTM_HAL_SetCpwms
                0x00001e2c       0x2c ./SDK/platform/drivers/src/ftm/ftm_driver.o
 .text.FTM_HAL_GetCpwms
                0x00001e58       0x28 ./SDK/platform/drivers/src/ftm/ftm_driver.o
 .text.FTM_HAL_SetMod
                0x00001e80       0x28 ./SDK/platform/drivers/src/ftm/ftm_driver.o
 .text.FTM_HAL_GetMod
                0x00001ea8       0x1c ./SDK/platform/drivers/src/ftm/ftm_driver.o
 .text.FTM_HAL_SetCounterInitVal
                0x00001ec4       0x28 ./SDK/platform/drivers/src/ftm/ftm_driver.o
 .text.FTM_HAL_SetChnMSnBAMode
                0x00001eec       0x70 ./SDK/platform/drivers/src/ftm/ftm_driver.o
 .text.FTM_HAL_SetChnEdgeLevel
                0x00001f5c       0x70 ./SDK/platform/drivers/src/ftm/ftm_driver.o
 .text.FTM_HAL_HasChnEventOccurred
                0x00001fcc       0x34 ./SDK/platform/drivers/src/ftm/ftm_driver.o
 .text.FTM_HAL_ClearChnEventFlag
                0x00002000       0x40 ./SDK/platform/drivers/src/ftm/ftm_driver.o
 .text.FTM_HAL_SetChnCountVal
                0x00002040       0x28 ./SDK/platform/drivers/src/ftm/ftm_driver.o
 .text.FTM_HAL_GetChnCountVal
                0x00002068       0x28 ./SDK/platform/drivers/src/ftm/ftm_driver.o
 .text.FTM_HAL_SetChnOutputPolarityCmd
                0x00002090       0x48 ./SDK/platform/drivers/src/ftm/ftm_driver.o
 .text.FTM_HAL_SetChnFaultInputPolarityCmd
                0x000020d8       0x50 ./SDK/platform/drivers/src/ftm/ftm_driver.o
 .text.FTM_HAL_SetFaultInt
                0x00002128       0x28 ./SDK/platform/drivers/src/ftm/ftm_driver.o
 .text.FTM_HAL_SetFaultControlMode
                0x00002150       0x2c ./SDK/platform/drivers/src/ftm/ftm_driver.o
 .text.FTM_HAL_SetWriteProtectionCmd
                0x0000217c       0x34 ./SDK/platform/drivers/src/ftm/ftm_driver.o
 .text.FTM_HAL_Enable
                0x000021b0       0x28 ./SDK/platform/drivers/src/ftm/ftm_driver.o
 .text.FTM_HAL_SetInitChnOutputCmd
                0x000021d8       0x2c ./SDK/platform/drivers/src/ftm/ftm_driver.o
 .text.FTM_HAL_SetPwmSyncMode
                0x00002204       0x2c ./SDK/platform/drivers/src/ftm/ftm_driver.o
 .text.FTM_HAL_SetSoftwareTriggerCmd
                0x00002230       0x28 ./SDK/platform/drivers/src/ftm/ftm_driver.o
 .text.FTM_HAL_SetHardwareSyncTriggerSrc
                0x00002258       0x48 ./SDK/platform/drivers/src/ftm/ftm_driver.o
 .text.FTM_HAL_SetOutmaskPwmSyncModeCmd
                0x000022a0       0x2c ./SDK/platform/drivers/src/ftm/ftm_driver.o
 .text.FTM_HAL_SetMaxLoadingCmd
                0x000022cc       0x2c ./SDK/platform/drivers/src/ftm/ftm_driver.o
 .text.FTM_HAL_SetMinLoadingCmd
                0x000022f8       0x28 ./SDK/platform/drivers/src/ftm/ftm_driver.o
 .text.FTM_HAL_SetDualChnMofCombineCmd
                0x00002320       0x4c ./SDK/platform/drivers/src/ftm/ftm_driver.o
 .text.FTM_HAL_SetDualChnFaultCmd
                0x0000236c       0x4c ./SDK/platform/drivers/src/ftm/ftm_driver.o
 .text.FTM_HAL_SetDualChnPwmSyncCmd
                0x000023b8       0x4c ./SDK/platform/drivers/src/ftm/ftm_driver.o
 .text.FTM_HAL_SetDualChnDeadtimeCmd
                0x00002404       0x4c ./SDK/platform/drivers/src/ftm/ftm_driver.o
 .text.FTM_HAL_SetDualEdgeCaptureCmd
                0x00002450       0x4c ./SDK/platform/drivers/src/ftm/ftm_driver.o
 .text.FTM_HAL_GetDualEdgeCaptureBit
                0x0000249c       0x34 ./SDK/platform/drivers/src/ftm/ftm_driver.o
 .text.FTM_HAL_SetDualChnCompCmd
                0x000024d0       0x4c ./SDK/platform/drivers/src/ftm/ftm_driver.o
 .text.FTM_HAL_SetDualChnCombineCmd
                0x0000251c       0x4c ./SDK/platform/drivers/src/ftm/ftm_driver.o
 .text.FTM_HAL_GetDualChnCombineCmd
                0x00002568       0x34 ./SDK/platform/drivers/src/ftm/ftm_driver.o
 .text.FTM_HAL_GetDualChnMofCombineCmd
                0x0000259c       0x34 ./SDK/platform/drivers/src/ftm/ftm_driver.o
 .text.FTM_HAL_SetDeadtimePrescale
                0x000025d0       0x2c ./SDK/platform/drivers/src/ftm/ftm_driver.o
 .text.FTM_HAL_SetDeadtimeCount
                0x000025fc       0x2c ./SDK/platform/drivers/src/ftm/ftm_driver.o
 .text.FTM_HAL_SetInitTriggerCmd
                0x00002628       0x2c ./SDK/platform/drivers/src/ftm/ftm_driver.o
 .text.FTM_HAL_SetFaultInputFilterVal
                0x00002654       0x2c ./SDK/platform/drivers/src/ftm/ftm_driver.o
 .text.FTM_HAL_SetFaultInputFilterCmd
                0x00002680       0x4c ./SDK/platform/drivers/src/ftm/ftm_driver.o
 .text.FTM_HAL_SetFaultInputCmd
                0x000026cc       0x48 ./SDK/platform/drivers/src/ftm/ftm_driver.o
 .text.FTM_HAL_SetPwmFaultBehavior
                0x00002714       0x34 ./SDK/platform/drivers/src/ftm/ftm_driver.o
 .text.FTM_HAL_SetBdmMode
                0x00002748       0x30 ./SDK/platform/drivers/src/ftm/ftm_driver.o
 .text.FTM_HAL_SetSwoctrlHardwareSyncModeCmd
                0x00002778       0x30 ./SDK/platform/drivers/src/ftm/ftm_driver.o
 .text.FTM_HAL_SetInvctrlHardwareSyncModeCmd
                0x000027a8       0x30 ./SDK/platform/drivers/src/ftm/ftm_driver.o
 .text.FTM_HAL_SetOutmaskHardwareSyncModeCmd
                0x000027d8       0x30 ./SDK/platform/drivers/src/ftm/ftm_driver.o
 .text.FTM_HAL_SetModCntinCvHardwareSyncModeCmd
                0x00002808       0x30 ./SDK/platform/drivers/src/ftm/ftm_driver.o
 .text.FTM_HAL_SetCounterHardwareSyncModeCmd
                0x00002838       0x30 ./SDK/platform/drivers/src/ftm/ftm_driver.o
 .text.FTM_HAL_SetSwoctrlSoftwareSyncModeCmd
                0x00002868       0x30 ./SDK/platform/drivers/src/ftm/ftm_driver.o
 .text.FTM_HAL_SetInvctrlSoftwareSyncModeCmd
                0x00002898       0x30 ./SDK/platform/drivers/src/ftm/ftm_driver.o
 .text.FTM_HAL_SetOutmaskSoftwareSyncModeCmd
                0x000028c8       0x30 ./SDK/platform/drivers/src/ftm/ftm_driver.o
 .text.FTM_HAL_SetModCntinCvSoftwareSyncModeCmd
                0x000028f8       0x30 ./SDK/platform/drivers/src/ftm/ftm_driver.o
 .text.FTM_HAL_SetHwTriggerSyncModeCmd
                0x00002928       0x2c ./SDK/platform/drivers/src/ftm/ftm_driver.o
 .text.FTM_HAL_SetCounterSoftwareSyncModeCmd
                0x00002954       0x30 ./SDK/platform/drivers/src/ftm/ftm_driver.o
 .text.FTM_HAL_SetPwmSyncModeCmd
                0x00002984       0x2c ./SDK/platform/drivers/src/ftm/ftm_driver.o
 .text.FTM_HAL_SetSwoctrlPwmSyncModeCmd
                0x000029b0       0x30 ./SDK/platform/drivers/src/ftm/ftm_driver.o
 .text.FTM_HAL_SetInvctrlPwmSyncModeCmd
                0x000029e0       0x30 ./SDK/platform/drivers/src/ftm/ftm_driver.o
 .text.FTM_HAL_SetCntinPwmSyncModeCmd
                0x00002a10       0x30 ./SDK/platform/drivers/src/ftm/ftm_driver.o
 .text.FTM_DRV_Init
                0x00002a40      0x108 ./SDK/platform/drivers/src/ftm/ftm_driver.o
                0x00002a40                FTM_DRV_Init
 .text.FTM_DRV_InitPwm
                0x00002b48      0x504 ./SDK/platform/drivers/src/ftm/ftm_driver.o
                0x00002b48                FTM_DRV_InitPwm
 .text.FTM_DRV_UpdatePwmChannel
                0x0000304c      0x1a0 ./SDK/platform/drivers/src/ftm/ftm_driver.o
                0x0000304c                FTM_DRV_UpdatePwmChannel
 .text.FTM_DRV_SetSync
                0x000031ec      0x164 ./SDK/platform/drivers/src/ftm/ftm_driver.o
                0x000031ec                FTM_DRV_SetSync
 .text.FTM_DRV_GetFrequency
                0x00003350       0xc8 ./SDK/platform/drivers/src/ftm/ftm_driver.o
                0x00003350                FTM_DRV_GetFrequency
 .text.FTM_DRV_ConvertFreqToPeriodTicks
                0x00003418       0x34 ./SDK/platform/drivers/src/ftm/ftm_driver.o
                0x00003418                FTM_DRV_ConvertFreqToPeriodTicks
 .text.FTM0_Ch0_Ch1_IRQHandler
                0x0000344c       0x10 ./SDK/platform/drivers/src/ftm/ftm_driver.o
                0x0000344c                FTM0_Ch0_Ch1_IRQHandler
 .text.FTM0_Ch2_Ch3_IRQHandler
                0x0000345c       0x10 ./SDK/platform/drivers/src/ftm/ftm_driver.o
                0x0000345c                FTM0_Ch2_Ch3_IRQHandler
 .text.FTM0_Ch4_Ch5_IRQHandler
                0x0000346c       0x10 ./SDK/platform/drivers/src/ftm/ftm_driver.o
                0x0000346c                FTM0_Ch4_Ch5_IRQHandler
 .text.FTM0_Ch6_Ch7_IRQHandler
                0x0000347c       0x10 ./SDK/platform/drivers/src/ftm/ftm_driver.o
                0x0000347c                FTM0_Ch6_Ch7_IRQHandler
 .text.FTM1_Ch0_Ch1_IRQHandler
                0x0000348c       0x10 ./SDK/platform/drivers/src/ftm/ftm_driver.o
                0x0000348c                FTM1_Ch0_Ch1_IRQHandler
 .text.FTM1_Ch2_Ch3_IRQHandler
                0x0000349c       0x10 ./SDK/platform/drivers/src/ftm/ftm_driver.o
                0x0000349c                FTM1_Ch2_Ch3_IRQHandler
 .text.FTM1_Ch4_Ch5_IRQHandler
                0x000034ac       0x10 ./SDK/platform/drivers/src/ftm/ftm_driver.o
                0x000034ac                FTM1_Ch4_Ch5_IRQHandler
 .text.FTM1_Ch6_Ch7_IRQHandler
                0x000034bc       0x10 ./SDK/platform/drivers/src/ftm/ftm_driver.o
                0x000034bc                FTM1_Ch6_Ch7_IRQHandler
 .text.FTM2_Ch0_Ch1_IRQHandler
                0x000034cc       0x10 ./SDK/platform/drivers/src/ftm/ftm_driver.o
                0x000034cc                FTM2_Ch0_Ch1_IRQHandler
 .text.FTM2_Ch2_Ch3_IRQHandler
                0x000034dc       0x10 ./SDK/platform/drivers/src/ftm/ftm_driver.o
                0x000034dc                FTM2_Ch2_Ch3_IRQHandler
 .text.FTM2_Ch4_Ch5_IRQHandler
                0x000034ec       0x10 ./SDK/platform/drivers/src/ftm/ftm_driver.o
                0x000034ec                FTM2_Ch4_Ch5_IRQHandler
 .text.FTM2_Ch6_Ch7_IRQHandler
                0x000034fc       0x10 ./SDK/platform/drivers/src/ftm/ftm_driver.o
                0x000034fc                FTM2_Ch6_Ch7_IRQHandler
 .text.FTM3_Ch0_Ch1_IRQHandler
                0x0000350c       0x10 ./SDK/platform/drivers/src/ftm/ftm_driver.o
                0x0000350c                FTM3_Ch0_Ch1_IRQHandler
 .text.FTM3_Ch2_Ch3_IRQHandler
                0x0000351c       0x10 ./SDK/platform/drivers/src/ftm/ftm_driver.o
                0x0000351c                FTM3_Ch2_Ch3_IRQHandler
 .text.FTM3_Ch4_Ch5_IRQHandler
                0x0000352c       0x10 ./SDK/platform/drivers/src/ftm/ftm_driver.o
                0x0000352c                FTM3_Ch4_Ch5_IRQHandler
 .text.FTM3_Ch6_Ch7_IRQHandler
                0x0000353c       0x10 ./SDK/platform/drivers/src/ftm/ftm_driver.o
                0x0000353c                FTM3_Ch6_Ch7_IRQHandler
 .text.FTM_DRV_IrqHandler
                0x0000354c       0x38 ./SDK/platform/drivers/src/ftm/ftm_driver.o
 .text.FTM_DRV_InputCaptureHandler
                0x00003584      0x1cc ./SDK/platform/drivers/src/ftm/ftm_driver.o
 .text.INT_SYS_InstallHandler
                0x00003750       0x44 ./SDK/platform/drivers/src/interrupt/interrupt_manager.o
                0x00003750                INT_SYS_InstallHandler
 .text.INT_SYS_EnableIRQ
                0x00003794       0x30 ./SDK/platform/drivers/src/interrupt/interrupt_manager.o
                0x00003794                INT_SYS_EnableIRQ
 .text.INT_SYS_DisableIRQ
                0x000037c4       0x34 ./SDK/platform/drivers/src/interrupt/interrupt_manager.o
                0x000037c4                INT_SYS_DisableIRQ
 .text.INT_SYS_EnableIRQGlobal
                0x000037f8       0x2c ./SDK/platform/drivers/src/interrupt/interrupt_manager.o
                0x000037f8                INT_SYS_EnableIRQGlobal
 .text.INT_SYS_DisableIRQGlobal
                0x00003824       0x1c ./SDK/platform/drivers/src/interrupt/interrupt_manager.o
                0x00003824                INT_SYS_DisableIRQGlobal
 .text.PORT_HAL_SetPullSel
                0x00003840       0x8c ./SDK/platform/drivers/src/pins/pins_driver.o
 .text.PORT_HAL_SetPassiveFilterMode
                0x000038cc       0x40 ./SDK/platform/drivers/src/pins/pins_driver.o
 .text.PORT_HAL_SetDriveStrengthMode
                0x0000390c       0x48 ./SDK/platform/drivers/src/pins/pins_driver.o
 .text.PORT_HAL_SetMuxModeSel
                0x00003954       0x44 ./SDK/platform/drivers/src/pins/pins_driver.o
 .text.PORT_HAL_SetPinCtrlLockMode
                0x00003998       0x40 ./SDK/platform/drivers/src/pins/pins_driver.o
 .text.PORT_HAL_SetPinIntSel
                0x000039d8       0x44 ./SDK/platform/drivers/src/pins/pins_driver.o
 .text.PORT_HAL_ClearPinIntFlagCmd
                0x00003a1c       0x38 ./SDK/platform/drivers/src/pins/pins_driver.o
 .text.GPIO_HAL_SetPinDirection
                0x00003a54       0x40 ./SDK/platform/drivers/src/pins/pins_driver.o
 .text.PINS_DRV_Init
                0x00003a94      0x268 ./SDK/platform/drivers/src/pins/pins_driver.o
                0x00003a94                PINS_DRV_Init
 .text.FTM_HAL_SetClockPs
                0x00003cfc       0x2c ./SDK/platform/hal/src/ftm/ftm_hal.o
 .text.FTM_HAL_Enable
                0x00003d28       0x28 ./SDK/platform/hal/src/ftm/ftm_hal.o
 .text.FTM_HAL_Init
                0x00003d50       0x24 ./SDK/platform/hal/src/ftm/ftm_hal.o
                0x00003d50                FTM_HAL_Init
 .text.FTM_HAL_Reset
                0x00003d74       0xfc ./SDK/platform/hal/src/ftm/ftm_hal.o
                0x00003d74                FTM_HAL_Reset
 .text.FTM_HAL_SetChnTriggerCmd
                0x00003e70       0x74 ./SDK/platform/hal/src/ftm/ftm_hal.o
                0x00003e70                FTM_HAL_SetChnTriggerCmd
 .text.PCC_HAL_SetPeripheralClockConfig
                0x00003ee4       0xc8 ./SDK/platform/hal/src/pcc/pcc_hal.o
                0x00003ee4                PCC_HAL_SetPeripheralClockConfig
 .text.SCG_HAL_GetSystemClockSrc
                0x00003fac       0x6c ./SDK/platform/hal/src/scg/scg_hal.o
 .text.SCG_HAL_GetSystemClockFreq
                0x00004018       0xe4 ./SDK/platform/hal/src/scg/scg_hal.o
                0x00004018                SCG_HAL_GetSystemClockFreq
 .text.SCG_HAL_SetSystemClockConfig
                0x000040fc      0x184 ./SDK/platform/hal/src/scg/scg_hal.o
                0x000040fc                SCG_HAL_SetSystemClockConfig
 .text.SCG_HAL_GetSystemClockConfig
                0x00004280       0xe4 ./SDK/platform/hal/src/scg/scg_hal.o
                0x00004280                SCG_HAL_GetSystemClockConfig
 .text.SCG_HAL_GetSysOscDefaultConfig
                0x00004364       0x50 ./SDK/platform/hal/src/scg/scg_hal.o
                0x00004364                SCG_HAL_GetSysOscDefaultConfig
 .text.SCG_HAL_InitSysOsc
                0x000043b4       0xdc ./SDK/platform/hal/src/scg/scg_hal.o
                0x000043b4                SCG_HAL_InitSysOsc
 .text.SCG_HAL_DeinitSysOsc
                0x00004490       0x54 ./SDK/platform/hal/src/scg/scg_hal.o
                0x00004490                SCG_HAL_DeinitSysOsc
 .text.SCG_HAL_GetSysOscFreq
                0x000044e4       0x38 ./SDK/platform/hal/src/scg/scg_hal.o
                0x000044e4                SCG_HAL_GetSysOscFreq
 .text.SCG_HAL_GetSysOscAsyncFreq
                0x0000451c       0x7c ./SDK/platform/hal/src/scg/scg_hal.o
                0x0000451c                SCG_HAL_GetSysOscAsyncFreq
 .text.SCG_HAL_GetSircDefaultConfig
                0x00004598       0x3c ./SDK/platform/hal/src/scg/scg_hal.o
                0x00004598                SCG_HAL_GetSircDefaultConfig
 .text.SCG_HAL_InitSirc
                0x000045d4       0xbc ./SDK/platform/hal/src/scg/scg_hal.o
                0x000045d4                SCG_HAL_InitSirc
 .text.SCG_HAL_DeinitSirc
                0x00004690       0x48 ./SDK/platform/hal/src/scg/scg_hal.o
                0x00004690                SCG_HAL_DeinitSirc
 .text.SCG_HAL_GetSircFreq
                0x000046d8       0x4c ./SDK/platform/hal/src/scg/scg_hal.o
                0x000046d8                SCG_HAL_GetSircFreq
 .text.SCG_HAL_GetSircAsyncFreq
                0x00004724       0x7c ./SDK/platform/hal/src/scg/scg_hal.o
                0x00004724                SCG_HAL_GetSircAsyncFreq
 .text.SCG_HAL_GetFircDefaultConfig
                0x000047a0       0x44 ./SDK/platform/hal/src/scg/scg_hal.o
                0x000047a0                SCG_HAL_GetFircDefaultConfig
 .text.SCG_HAL_InitFirc
                0x000047e4       0xdc ./SDK/platform/hal/src/scg/scg_hal.o
                0x000047e4                SCG_HAL_InitFirc
 .text.SCG_HAL_DeinitFirc
                0x000048c0       0x4c ./SDK/platform/hal/src/scg/scg_hal.o
                0x000048c0                SCG_HAL_DeinitFirc
 .text.SCG_HAL_GetFircFreq
                0x0000490c       0x4c ./SDK/platform/hal/src/scg/scg_hal.o
                0x0000490c                SCG_HAL_GetFircFreq
 .text.SCG_HAL_GetFircAsyncFreq
                0x00004958       0x7c ./SDK/platform/hal/src/scg/scg_hal.o
                0x00004958                SCG_HAL_GetFircAsyncFreq
 .text.SCG_HAL_GetSysPllDefaultConfig
                0x000049d4       0x48 ./SDK/platform/hal/src/scg/scg_hal.o
                0x000049d4                SCG_HAL_GetSysPllDefaultConfig
 .text.SCG_HAL_InitSysPll
                0x00004a1c       0xd4 ./SDK/platform/hal/src/scg/scg_hal.o
                0x00004a1c                SCG_HAL_InitSysPll
 .text.SCG_HAL_DeinitSysPll
                0x00004af0       0x4c ./SDK/platform/hal/src/scg/scg_hal.o
                0x00004af0                SCG_HAL_DeinitSysPll
 .text.SCG_HAL_GetSysPllFreq
                0x00004b3c       0x80 ./SDK/platform/hal/src/scg/scg_hal.o
                0x00004b3c                SCG_HAL_GetSysPllFreq
 .text.SCG_HAL_GetSysPllAsyncFreq
                0x00004bbc       0x7c ./SDK/platform/hal/src/scg/scg_hal.o
                0x00004bbc                SCG_HAL_GetSysPllAsyncFreq
 .text.SCG_HAL_SetRtcClkInFreq
                0x00004c38       0x20 ./SDK/platform/hal/src/scg/scg_hal.o
                0x00004c38                SCG_HAL_SetRtcClkInFreq
 .text.SCG_HAL_GetRtcClkInFreq
                0x00004c58       0x1c ./SDK/platform/hal/src/scg/scg_hal.o
                0x00004c58                SCG_HAL_GetRtcClkInFreq
 .text.SIM_HAL_GetClkoutConfig
                0x00004c74      0x12c ./SDK/platform/hal/src/sim/S32K144/sim_hal_S32K144.o
                0x00004c74                SIM_HAL_GetClkoutConfig
 .text.SIM_HAL_InitClkout
                0x00004da0       0x5c ./SDK/platform/hal/src/sim/S32K144/sim_hal_S32K144.o
                0x00004da0                SIM_HAL_InitClkout
 .text.SIM_HAL_GetFtmExternalClkPinMode
                0x00004dfc       0x94 ./SDK/platform/hal/src/sim/S32K144/sim_hal_S32K144.o
                0x00004dfc                SIM_HAL_GetFtmExternalClkPinMode
 .text.SIM_HAL_GetLpoFreq
                0x00004e90       0x60 ./SDK/platform/hal/src/sim/S32K144/sim_hal_S32K144.o
                0x00004e90                SIM_HAL_GetLpoFreq
 .text.SIM_HAL_GetLpo128KFreq
                0x00004ef0       0x18 ./SDK/platform/hal/src/sim/S32K144/sim_hal_S32K144.o
                0x00004ef0                SIM_HAL_GetLpo128KFreq
 .text.SIM_HAL_GetLpo32KFreq
                0x00004f08       0x30 ./SDK/platform/hal/src/sim/S32K144/sim_hal_S32K144.o
                0x00004f08                SIM_HAL_GetLpo32KFreq
 .text.SIM_HAL_GetLpo1KFreq
                0x00004f38       0x2c ./SDK/platform/hal/src/sim/S32K144/sim_hal_S32K144.o
                0x00004f38                SIM_HAL_GetLpo1KFreq
 .text.SIM_HAL_InitTraceClock
                0x00004f64       0xbc ./SDK/platform/hal/src/sim/S32K144/sim_hal_S32K144.o
                0x00004f64                SIM_HAL_InitTraceClock
 .text.pxPortInitialiseStack
                0x00005020       0x64 ./SDK/rtos/FreeRTOS_S32K/Source/portable/GCC/ARM_CM4F/port.o
                0x00005020                pxPortInitialiseStack
 .text.prvTaskExitError
                0x00005084       0x3c ./SDK/rtos/FreeRTOS_S32K/Source/portable/GCC/ARM_CM4F/port.o
 .text.SVC_Handler
                0x000050c0       0x20 ./SDK/rtos/FreeRTOS_S32K/Source/portable/GCC/ARM_CM4F/port.o
                0x000050c0                SVC_Handler
 .text.prvPortStartFirstTask
                0x000050e0       0x20 ./SDK/rtos/FreeRTOS_S32K/Source/portable/GCC/ARM_CM4F/port.o
 .text.xPortStartScheduler
                0x00005100      0x118 ./SDK/rtos/FreeRTOS_S32K/Source/portable/GCC/ARM_CM4F/port.o
                0x00005100                xPortStartScheduler
 .text.vPortEnterCritical
                0x00005218       0x5c ./SDK/rtos/FreeRTOS_S32K/Source/portable/GCC/ARM_CM4F/port.o
                0x00005218                vPortEnterCritical
 .text.vPortExitCritical
                0x00005274       0x4c ./SDK/rtos/FreeRTOS_S32K/Source/portable/GCC/ARM_CM4F/port.o
                0x00005274                vPortExitCritical
 .text.PendSV_Handler
                0x000052c0       0x60 ./SDK/rtos/FreeRTOS_S32K/Source/portable/GCC/ARM_CM4F/port.o
                0x000052c0                PendSV_Handler
 .text.SysTick_Handler
                0x00005320       0x44 ./SDK/rtos/FreeRTOS_S32K/Source/portable/GCC/ARM_CM4F/port.o
                0x00005320                SysTick_Handler
 .text.vPortSetupTimerInterrupt
                0x00005364       0x24 ./SDK/rtos/FreeRTOS_S32K/Source/portable/GCC/ARM_CM4F/port.o
                0x00005364                vPortSetupTimerInterrupt
 .text.vPortEnableVFP
                0x00005388       0x14 ./SDK/rtos/FreeRTOS_S32K/Source/portable/GCC/ARM_CM4F/port.o
 .text.vPortValidateInterruptPriority
                0x0000539c       0x78 ./SDK/rtos/FreeRTOS_S32K/Source/portable/GCC/ARM_CM4F/port.o
                0x0000539c                vPortValidateInterruptPriority
 .text.pvPortMalloc
                0x00005414      0x11c ./SDK/rtos/FreeRTOS_S32K/Source/portable/MemMang/heap_2.o
                0x00005414                pvPortMalloc
 .text.vPortFree
                0x00005530       0x70 ./SDK/rtos/FreeRTOS_S32K/Source/portable/MemMang/heap_2.o
                0x00005530                vPortFree
 .text.prvHeapInit
                0x000055a0       0x50 ./SDK/rtos/FreeRTOS_S32K/Source/portable/MemMang/heap_2.o
 .text.xTimerCreateTimerTask
                0x000055f0       0x64 ./SDK/rtos/FreeRTOS_S32K/Source/timers.o
                0x000055f0                xTimerCreateTimerTask
 .text.xTimerGenericCommand
                0x00005654       0x8c ./SDK/rtos/FreeRTOS_S32K/Source/timers.o
                0x00005654                xTimerGenericCommand
 .text.prvProcessExpiredTimer
                0x000056e0       0x80 ./SDK/rtos/FreeRTOS_S32K/Source/timers.o
 .text.prvTimerTask
                0x00005760       0x24 ./SDK/rtos/FreeRTOS_S32K/Source/timers.o
 .text.prvProcessTimerOrBlockTask
                0x00005784       0x80 ./SDK/rtos/FreeRTOS_S32K/Source/timers.o
 .text.prvGetNextExpireTime
                0x00005804       0x48 ./SDK/rtos/FreeRTOS_S32K/Source/timers.o
 .text.prvSampleTimeNow
                0x0000584c       0x40 ./SDK/rtos/FreeRTOS_S32K/Source/timers.o
 .text.prvInsertTimerInActiveList
                0x0000588c       0x84 ./SDK/rtos/FreeRTOS_S32K/Source/timers.o
 .text.prvProcessReceivedCommands
                0x00005910      0x160 ./SDK/rtos/FreeRTOS_S32K/Source/timers.o
 .text.prvSwitchTimerLists
                0x00005a70       0xc0 ./SDK/rtos/FreeRTOS_S32K/Source/timers.o
 .text.prvCheckForValidListAndQueue
                0x00005b30       0x74 ./SDK/rtos/FreeRTOS_S32K/Source/timers.o
 .text.xTimerPendFunctionCallFromISR
                0x00005ba4       0x44 ./SDK/rtos/FreeRTOS_S32K/Source/timers.o
                0x00005ba4                xTimerPendFunctionCallFromISR
 .text.xTaskGenericCreate
                0x00005be8      0x19c ./SDK/rtos/FreeRTOS_S32K/Source/tasks.o
                0x00005be8                xTaskGenericCreate
 .text.sys_thread_new
                0x00005d84       0x4c ./SDK/rtos/FreeRTOS_S32K/Source/tasks.o
                0x00005d84                sys_thread_new
 .text.vTaskDelayUntil
                0x00005dd0      0x11c ./SDK/rtos/FreeRTOS_S32K/Source/tasks.o
                0x00005dd0                vTaskDelayUntil
 .text.vTaskStartScheduler
                0x00005eec       0x98 ./SDK/rtos/FreeRTOS_S32K/Source/tasks.o
                0x00005eec                vTaskStartScheduler
 .text.vTaskSuspendAll
                0x00005f84       0x1c ./SDK/rtos/FreeRTOS_S32K/Source/tasks.o
                0x00005f84                vTaskSuspendAll
 .text.xTaskResumeAll
                0x00005fa0      0x12c ./SDK/rtos/FreeRTOS_S32K/Source/tasks.o
                0x00005fa0                xTaskResumeAll
 .text.xTaskGetTickCount
                0x000060cc       0x20 ./SDK/rtos/FreeRTOS_S32K/Source/tasks.o
                0x000060cc                xTaskGetTickCount
 .text.xTaskIncrementTick
                0x000060ec      0x180 ./SDK/rtos/FreeRTOS_S32K/Source/tasks.o
                0x000060ec                xTaskIncrementTick
 .text.vTaskSwitchContext
                0x0000626c       0xb4 ./SDK/rtos/FreeRTOS_S32K/Source/tasks.o
                0x0000626c                vTaskSwitchContext
 .text.vTaskPlaceOnEventList
                0x00006320       0x9c ./SDK/rtos/FreeRTOS_S32K/Source/tasks.o
                0x00006320                vTaskPlaceOnEventList
 .text.vTaskPlaceOnUnorderedEventList
                0x000063bc       0xc8 ./SDK/rtos/FreeRTOS_S32K/Source/tasks.o
                0x000063bc                vTaskPlaceOnUnorderedEventList
 .text.vTaskPlaceOnEventListRestricted
                0x00006484       0x9c ./SDK/rtos/FreeRTOS_S32K/Source/tasks.o
                0x00006484                vTaskPlaceOnEventListRestricted
 .text.xTaskRemoveFromEventList
                0x00006520       0xc8 ./SDK/rtos/FreeRTOS_S32K/Source/tasks.o
                0x00006520                xTaskRemoveFromEventList
 .text.xTaskRemoveFromUnorderedEventList
                0x000065e8       0xd0 ./SDK/rtos/FreeRTOS_S32K/Source/tasks.o
                0x000065e8                xTaskRemoveFromUnorderedEventList
 .text.vTaskSetTimeOutState
                0x000066b8       0x44 ./SDK/rtos/FreeRTOS_S32K/Source/tasks.o
                0x000066b8                vTaskSetTimeOutState
 .text.xTaskCheckForTimeOut
                0x000066fc       0xbc ./SDK/rtos/FreeRTOS_S32K/Source/tasks.o
                0x000066fc                xTaskCheckForTimeOut
 .text.vTaskMissedYield
                0x000067b8       0x18 ./SDK/rtos/FreeRTOS_S32K/Source/tasks.o
                0x000067b8                vTaskMissedYield
 .text.prvIdleTask
                0x000067d0       0x30 ./SDK/rtos/FreeRTOS_S32K/Source/tasks.o
 .text.prvInitialiseTCBVariables
                0x00006800       0xa4 ./SDK/rtos/FreeRTOS_S32K/Source/tasks.o
 .text.prvInitialiseTaskLists
                0x000068a4       0x7c ./SDK/rtos/FreeRTOS_S32K/Source/tasks.o
 .text.prvCheckTasksWaitingTermination
                0x00006920       0x74 ./SDK/rtos/FreeRTOS_S32K/Source/tasks.o
 .text.prvAddCurrentTaskToDelayedList
                0x00006994       0x6c ./SDK/rtos/FreeRTOS_S32K/Source/tasks.o
 .text.prvAllocateTCBAndStack
                0x00006a00       0x70 ./SDK/rtos/FreeRTOS_S32K/Source/tasks.o
 .text.prvDeleteTCB
                0x00006a70       0x20 ./SDK/rtos/FreeRTOS_S32K/Source/tasks.o
 .text.prvResetNextTaskUnblockTime
                0x00006a90       0x48 ./SDK/rtos/FreeRTOS_S32K/Source/tasks.o
 .text.xTaskGetSchedulerState
                0x00006ad8       0x3c ./SDK/rtos/FreeRTOS_S32K/Source/tasks.o
                0x00006ad8                xTaskGetSchedulerState
 .text.vTaskPriorityInherit
                0x00006b14       0xf0 ./SDK/rtos/FreeRTOS_S32K/Source/tasks.o
                0x00006b14                vTaskPriorityInherit
 .text.xTaskPriorityDisinherit
                0x00006c04      0x10c ./SDK/rtos/FreeRTOS_S32K/Source/tasks.o
                0x00006c04                xTaskPriorityDisinherit
 .text.uxTaskResetEventItemValue
                0x00006d10       0x30 ./SDK/rtos/FreeRTOS_S32K/Source/tasks.o
                0x00006d10                uxTaskResetEventItemValue
 .text.pvTaskIncrementMutexHeldCount
                0x00006d40       0x28 ./SDK/rtos/FreeRTOS_S32K/Source/tasks.o
                0x00006d40                pvTaskIncrementMutexHeldCount
 .text.xQueueGenericReset
                0x00006d68       0xd0 ./SDK/rtos/FreeRTOS_S32K/Source/queue.o
                0x00006d68                xQueueGenericReset
 .text.xQueueGenericCreate
                0x00006e38       0xb0 ./SDK/rtos/FreeRTOS_S32K/Source/queue.o
                0x00006e38                xQueueGenericCreate
 .text.xQueueCreateMutex
                0x00006ee8       0x98 ./SDK/rtos/FreeRTOS_S32K/Source/queue.o
                0x00006ee8                xQueueCreateMutex
 .text.xQueueGenericSend
                0x00006f80      0x1ec ./SDK/rtos/FreeRTOS_S32K/Source/queue.o
                0x00006f80                xQueueGenericSend
 .text.xQueueGenericSendFromISR
                0x0000716c      0x118 ./SDK/rtos/FreeRTOS_S32K/Source/queue.o
                0x0000716c                xQueueGenericSendFromISR
 .text.xQueueGiveFromISR
                0x00007284      0x100 ./SDK/rtos/FreeRTOS_S32K/Source/queue.o
                0x00007284                xQueueGiveFromISR
 .text.xQueueGenericReceive
                0x00007384      0x20c ./SDK/rtos/FreeRTOS_S32K/Source/queue.o
                0x00007384                xQueueGenericReceive
 .text.prvCopyDataToQueue
                0x00007590       0xdc ./SDK/rtos/FreeRTOS_S32K/Source/queue.o
 .text.prvCopyDataFromQueue
                0x0000766c       0x4c ./SDK/rtos/FreeRTOS_S32K/Source/queue.o
 .text.prvUnlockQueue
                0x000076b8       0x98 ./SDK/rtos/FreeRTOS_S32K/Source/queue.o
 .text.prvIsQueueEmpty
                0x00007750       0x2c ./SDK/rtos/FreeRTOS_S32K/Source/queue.o
 .text.prvIsQueueFull
                0x0000777c       0x30 ./SDK/rtos/FreeRTOS_S32K/Source/queue.o
 .text.vQueueWaitForMessageRestricted
                0x000077ac       0x5c ./SDK/rtos/FreeRTOS_S32K/Source/queue.o
                0x000077ac                vQueueWaitForMessageRestricted
 .text.vListInitialise
                0x00007808       0x40 ./SDK/rtos/FreeRTOS_S32K/Source/list.o
                0x00007808                vListInitialise
 .text.vListInitialiseItem
                0x00007848       0x18 ./SDK/rtos/FreeRTOS_S32K/Source/list.o
                0x00007848                vListInitialiseItem
 .text.vListInsertEnd
                0x00007860       0x48 ./SDK/rtos/FreeRTOS_S32K/Source/list.o
                0x00007860                vListInsertEnd
 .text.vListInsert
                0x000078a8       0x70 ./SDK/rtos/FreeRTOS_S32K/Source/list.o
                0x000078a8                vListInsert
 .text.uxListRemove
                0x00007918       0x54 ./SDK/rtos/FreeRTOS_S32K/Source/list.o
                0x00007918                uxListRemove
 .text.xEventGroupCreate
                0x0000796c       0x30 ./SDK/rtos/FreeRTOS_S32K/Source/event_groups.o
                0x0000796c                xEventGroupCreate
 .text.xEventGroupWaitBits
                0x0000799c      0x194 ./SDK/rtos/FreeRTOS_S32K/Source/event_groups.o
                0x0000799c                xEventGroupWaitBits
 .text.xEventGroupClearBits
                0x00007b30       0x6c ./SDK/rtos/FreeRTOS_S32K/Source/event_groups.o
                0x00007b30                xEventGroupClearBits
 .text.xEventGroupSetBits
                0x00007b9c      0x114 ./SDK/rtos/FreeRTOS_S32K/Source/event_groups.o
                0x00007b9c                xEventGroupSetBits
 .text.vEventGroupSetBitsCallback
                0x00007cb0       0x18 ./SDK/rtos/FreeRTOS_S32K/Source/event_groups.o
                0x00007cb0                vEventGroupSetBitsCallback
 .text.prvTestWaitCondition
                0x00007cc8       0x44 ./SDK/rtos/FreeRTOS_S32K/Source/event_groups.o
 .text.PORT_init
                0x00007d0c       0xd4 ./Sources/transceiver.o
                0x00007d0c                PORT_init
 .text.LPSPI1_init_master
                0x00007de0       0x64 ./Sources/transceiver.o
                0x00007de0                LPSPI1_init_master
 .text.LPSPI1_init_MC33903
                0x00007e44       0x54 ./Sources/transceiver.o
                0x00007e44                LPSPI1_init_MC33903
 .text.LPSPI1_transmit_16bits
                0x00007e98       0x38 ./Sources/transceiver.o
                0x00007e98                LPSPI1_transmit_16bits
 .text.LPSPI1_receive_16bits
                0x00007ed0       0x40 ./Sources/transceiver.o
                0x00007ed0                LPSPI1_receive_16bits
 .text.GPIO_HAL_SetPins
                0x00007f10       0x1c ./Sources/rtos_driver.o
 .text.GPIO_HAL_SetPinsDirection
                0x00007f2c       0x1c ./Sources/rtos_driver.o
 .text.PORT_HAL_SetMuxModeSel
                0x00007f48       0x44 ./Sources/rtos_driver.o
 .text.PORT_HAL_SetPinIntSel
                0x00007f8c       0x44 ./Sources/rtos_driver.o
 .text.PORT_HAL_ClearPortIntFlagCmd
                0x00007fd0       0x1c ./Sources/rtos_driver.o
 .text.PCC_HAL_SetClockMode
                0x00007fec       0x5c ./Sources/rtos_driver.o
 .text.PCC_HAL_SetClockSourceSel
                0x00008048       0xa0 ./Sources/rtos_driver.o
 .text.INT_SYS_SetPriority
                0x000080e8       0x8c ./Sources/rtos_driver.o
 .text.CAN_RX_Interrupt
                0x00008174       0x34 ./Sources/rtos_driver.o
                0x00008174                CAN_RX_Interrupt
 .text.SW3_ISR  0x000081a8       0x28 ./Sources/rtos_driver.o
                0x000081a8                SW3_ISR
 .text.rtos_can_init
                0x000081d0      0x1a8 ./Sources/rtos_driver.o
                0x000081d0                rtos_can_init
 .text.rtos_can_tx_thread_EG
                0x00008378      0x120 ./Sources/rtos_driver.o
                0x00008378                rtos_can_tx_thread_EG
 .text.rtos_can_tx_thread_periodic
                0x00008498       0xa4 ./Sources/rtos_driver.o
                0x00008498                rtos_can_tx_thread_periodic
 .text.rtos_can_rx_thread_interruption
                0x0000853c       0xd8 ./Sources/rtos_driver.o
                0x0000853c                rtos_can_rx_thread_interruption
 .text.rtos_can_set_sw_msg
                0x00008614       0x58 ./Sources/rtos_driver.o
                0x00008614                rtos_can_set_sw_msg
 .text.rtos_can_transmit
                0x0000866c       0x40 ./Sources/rtos_driver.o
                0x0000866c                rtos_can_transmit
 .text.rtos_adc_read_thread
                0x000086ac       0x80 ./Sources/rtos_driver.o
                0x000086ac                rtos_adc_read_thread
 .text.rtos_turn_on_leds
                0x0000872c       0x50 ./Sources/rtos_driver.o
                0x0000872c                rtos_turn_on_leds
 .text.set_tx_thread_period
                0x0000877c       0x1c ./Sources/rtos_driver.o
                0x0000877c                set_tx_thread_period
 .text.set_adc_tx_thread_period
                0x00008798       0x1c ./Sources/rtos_driver.o
                0x00008798                set_adc_tx_thread_period
 .text.turn_on_red_LED
                0x000087b4       0x28 ./Sources/rtos_driver.o
                0x000087b4                turn_on_red_LED
 .text.turn_on_green_LED
                0x000087dc       0x2c ./Sources/rtos_driver.o
                0x000087dc                turn_on_green_LED
 .text.turn_on_yellow_LED
                0x00008808       0x28 ./Sources/rtos_driver.o
                0x00008808                turn_on_yellow_LED
 .text.turn_off_LEDS
                0x00008830       0x20 ./Sources/rtos_driver.o
                0x00008830                turn_off_LEDS
 .text.rtos_add_ID_function
                0x00008850       0xac ./Sources/rtos_driver.o
                0x00008850                rtos_add_ID_function
 .text.rtos_define_tx_periodic_msg
                0x000088fc       0x30 ./Sources/rtos_driver.o
                0x000088fc                rtos_define_tx_periodic_msg
 .text.test_function
                0x0000892c       0x44 ./Sources/main.o
                0x0000892c                test_function
 .text.main     0x00008970      0x17c ./Sources/main.o
                0x00008970                main
 .text.SOSC_init_8MHz
                0x00008aec       0x4c ./Sources/clocks_and_modes.o
                0x00008aec                SOSC_init_8MHz
 .text.SPLL_init_160MHz
                0x00008b38       0x64 ./Sources/clocks_and_modes.o
                0x00008b38                SPLL_init_160MHz
 .text.NormalRUNmode_80MHz
                0x00008b9c       0x20 ./Sources/clocks_and_modes.o
                0x00008b9c                NormalRUNmode_80MHz
 .text.CAN_Init
                0x00008bbc      0x114 ./Sources/can_driver.o
                0x00008bbc                CAN_Init
 .text.CAN_enable_rx_interruption
                0x00008cd0       0x18 ./Sources/can_driver.o
                0x00008cd0                CAN_enable_rx_interruption
 .text.CAN_send_message
                0x00008ce8       0xdc ./Sources/can_driver.o
                0x00008ce8                CAN_send_message
 .text.CAN_receive_message
                0x00008dc4       0xe8 ./Sources/can_driver.o
                0x00008dc4                CAN_receive_message
 .text.CAN_get_tx_status
                0x00008eac       0x20 ./Sources/can_driver.o
                0x00008eac                CAN_get_tx_status
 .text.ADC_init
                0x00008ecc       0x68 ./Sources/ADC.o
                0x00008ecc                ADC_init
 .text.convertAdcChan
                0x00008f34       0x30 ./Sources/ADC.o
                0x00008f34                convertAdcChan
 .text.adc_complete
                0x00008f64       0x20 ./Sources/ADC.o
                0x00008f64                adc_complete
 .text.read_adc_chx
                0x00008f84       0x3c ./Sources/ADC.o
                0x00008f84                read_adc_chx
 .text.memcpy   0x00008fc0       0x16 C:/NXP/S32DS_ARM_v1.3/Cross_Tools/gcc-arm-none-eabi-4_9/arm-none-eabi/newlib/lib/armv7e-m/fpu\libc_nano.a(lib_a-memcpy.o)
                0x00008fc0                memcpy
 .text.memset   0x00008fd6       0x10 C:/NXP/S32DS_ARM_v1.3/Cross_Tools/gcc-arm-none-eabi-4_9/arm-none-eabi/newlib/lib/armv7e-m/fpu\libc_nano.a(lib_a-memset.o)
                0x00008fd6                memset
 *(.rodata)
 *fill*         0x00008fe6        0x2 
 .rodata        0x00008fe8        0x8 ./SDK/rtos/FreeRTOS_S32K/Source/timers.o
 .rodata        0x00008ff0        0x5 ./SDK/rtos/FreeRTOS_S32K/Source/tasks.o
 *fill*         0x00008ff5        0x3 
 .rodata        0x00008ff8        0xc ./Sources/transceiver.o
 .rodata        0x00009004       0x3b ./Sources/main.o
 *(.rodata*)
 *fill*         0x0000903f        0x1 
 .rodata.g_ftmBase
                0x00009040       0x10 ./SDK/platform/drivers/src/ftm/ftm_driver.o
                0x00009040                g_ftmBase
 .rodata.g_ftmOverflowIrqId
                0x00009050        0x4 ./SDK/platform/drivers/src/ftm/ftm_driver.o
                0x00009050                g_ftmOverflowIrqId
 .rodata.g_ftmExtClockSel
                0x00009054        0x8 ./SDK/platform/drivers/src/ftm/ftm_driver.o
 .rodata.clockNameMappings
                0x0000905c       0x9e ./SDK/platform/hal/src/pcc/pcc_hal.o
                0x0000905c                clockNameMappings
 *fill*         0x000090fa        0x2 
 .rodata.maxClocksFreq.5346
                0x000090fc       0x24 ./SDK/platform/hal/src/scg/scg_hal.o
 .rodata.systemClockDividerValues.5368
                0x00009120       0x10 ./SDK/platform/hal/src/scg/scg_hal.o
 .rodata.fircFreq.5456
                0x00009130       0x10 ./SDK/platform/hal/src/scg/scg_hal.o
 *(.glue_7)
 .glue_7        0x00000000        0x0 linker stubs
 *(.glue_7t)
 .glue_7t       0x00000000        0x0 linker stubs
 *(.eh_frame)
 .eh_frame      0x00009140        0x0 c:/nxp/s32ds_arm_v1.3/cross_tools/gcc-arm-none-eabi-4_9/bin/../lib/gcc/arm-none-eabi/4.9.3/armv7e-m/fpu/crtbegin.o
 *(.init)
 .init          0x00009140        0x4 c:/nxp/s32ds_arm_v1.3/cross_tools/gcc-arm-none-eabi-4_9/bin/../lib/gcc/arm-none-eabi/4.9.3/armv7e-m/fpu/crti.o
                0x00009140                _init
 .init          0x00009144        0x8 c:/nxp/s32ds_arm_v1.3/cross_tools/gcc-arm-none-eabi-4_9/bin/../lib/gcc/arm-none-eabi/4.9.3/armv7e-m/fpu/crtn.o
 *(.fini)
 .fini          0x0000914c        0x4 c:/nxp/s32ds_arm_v1.3/cross_tools/gcc-arm-none-eabi-4_9/bin/../lib/gcc/arm-none-eabi/4.9.3/armv7e-m/fpu/crti.o
                0x0000914c                _fini
 .fini          0x00009150        0x8 c:/nxp/s32ds_arm_v1.3/cross_tools/gcc-arm-none-eabi-4_9/bin/../lib/gcc/arm-none-eabi/4.9.3/armv7e-m/fpu/crtn.o
                0x00009158                . = ALIGN (0x4)

.vfp11_veneer   0x00009158        0x0
 .vfp11_veneer  0x00000000        0x0 linker stubs

.v4_bx          0x00009158        0x0
 .v4_bx         0x00000000        0x0 linker stubs

.iplt           0x00009158        0x0
 .iplt          0x00000000        0x0 c:/nxp/s32ds_arm_v1.3/cross_tools/gcc-arm-none-eabi-4_9/bin/../lib/gcc/arm-none-eabi/4.9.3/armv7e-m/fpu/crtbegin.o

.rel.dyn        0x00009158        0x0
 .rel.iplt      0x00000000        0x0 c:/nxp/s32ds_arm_v1.3/cross_tools/gcc-arm-none-eabi-4_9/bin/../lib/gcc/arm-none-eabi/4.9.3/armv7e-m/fpu/crtbegin.o

.ARM.extab
 *(.ARM.extab* .gnu.linkonce.armextab.*)

.ARM            0x00009158        0x0
                0x00009158                __exidx_start = .
 *(.ARM.exidx*)
                0x00009158                __exidx_end = .

.ctors          0x00009158        0x0
                0x00009158                __CTOR_LIST__ = .
 *crtbegin.o(.ctors)
 *crtbegin?.o(.ctors)
 *(EXCLUDE_FILE(*crtend.o *crtend?.o) .ctors)
 *(SORT(.ctors.*))
 *(.ctors)
                0x00009158                __CTOR_END__ = .

.dtors          0x00009158        0x0
                0x00009158                __DTOR_LIST__ = .
 *crtbegin.o(.dtors)
 *crtbegin?.o(.dtors)
 *(EXCLUDE_FILE(*crtend.o *crtend?.o) .dtors)
 *(SORT(.dtors.*))
 *(.dtors)
                0x00009158                __DTOR_END__ = .

.preinit_array  0x00009158        0x0
                0x00009158                PROVIDE (__preinit_array_start, .)
 *(.preinit_array*)
                0x00009158                PROVIDE (__preinit_array_end, .)

.init_array     0x00009158        0x4
                0x00009158                PROVIDE (__init_array_start, .)
 *(SORT(.init_array.*))
 *(.init_array*)
 .init_array    0x00009158        0x4 c:/nxp/s32ds_arm_v1.3/cross_tools/gcc-arm-none-eabi-4_9/bin/../lib/gcc/arm-none-eabi/4.9.3/armv7e-m/fpu/crtbegin.o
                0x0000915c                PROVIDE (__init_array_end, .)

.fini_array     0x0000915c        0x4
                0x0000915c                PROVIDE (__fini_array_start, .)
 *(SORT(.fini_array.*))
 *(.fini_array*)
 .fini_array    0x0000915c        0x4 c:/nxp/s32ds_arm_v1.3/cross_tools/gcc-arm-none-eabi-4_9/bin/../lib/gcc/arm-none-eabi/4.9.3/armv7e-m/fpu/crtbegin.o
                0x00009160                PROVIDE (__fini_array_end, .)
                0x00009160                __etext = .
                0x00009160                __DATA_ROM = .

.interrupts_ram
                0x1fff8000      0x400
                0x1fff8000                . = ALIGN (0x4)
                0x1fff8000                __VECTOR_RAM__ = .
                0x1fff8000                __interrupts_ram_start__ = .
 *(.m_interrupts_ram)
                0x1fff8400                . = (. + M_VECTOR_RAM_SIZE)
 *fill*         0x1fff8000      0x400 
                0x1fff8400                . = ALIGN (0x4)
                0x1fff8400                __interrupts_ram_end__ = .
                0x1fff8000                __VECTOR_RAM = DEFINED (__flash_vector_table__)?ORIGIN (m_interrupts):__VECTOR_RAM__
                0x00000400                __RAM_VECTOR_TABLE_SIZE = DEFINED (__flash_vector_table__)?0x0:(__interrupts_ram_end__ - __interrupts_ram_start__)

.data           0x1fff8400      0xfb8 load address 0x00009160
                0x1fff8400                . = ALIGN (0x4)
                0x1fff8400                __DATA_RAM = .
                0x1fff8400                __data_start__ = .
 *(.data)
 *(.data*)
 .data.g_pin_mux_InitConfigArr
                0x1fff8400      0xde8 ./Generated_Code/pin_mux.o
                0x1fff8400                g_pin_mux_InitConfigArr
 .data.flexTimer1_IndependentChannelsConfig
                0x1fff91e8        0x8 ./Generated_Code/flexTimer1.o
                0x1fff91e8                flexTimer1_IndependentChannelsConfig
 .data.flexTimer1_PwmConfig
                0x1fff91f0       0x18 ./Generated_Code/flexTimer1.o
                0x1fff91f0                flexTimer1_PwmConfig
 .data.flexTimer1_InitConfig
                0x1fff9208       0x30 ./Generated_Code/flexTimer1.o
                0x1fff9208                flexTimer1_InitConfig
 .data.peripheralClockConfig0
                0x1fff9238       0x6c ./Generated_Code/clockMan1.o
                0x1fff9238                peripheralClockConfig0
 .data.clockMan1_InitConfig0
                0x1fff92a4       0xf0 ./Generated_Code/clockMan1.o
                0x1fff92a4                clockMan1_InitConfig0
 .data.g_clockManConfigsArr
                0x1fff9394        0x4 ./Generated_Code/clockMan1.o
                0x1fff9394                g_clockManConfigsArr
 .data.uxCriticalNesting
                0x1fff9398        0x4 ./SDK/rtos/FreeRTOS_S32K/Source/portable/GCC/ARM_CM4F/port.o
 .data.xFreeBytesRemaining
                0x1fff939c        0x4 ./SDK/rtos/FreeRTOS_S32K/Source/portable/MemMang/heap_2.o
 .data.tx_task_period
                0x1fff93a0        0x4 ./Sources/rtos_driver.o
 .data.adc_tx_task_period
                0x1fff93a4        0x4 ./Sources/rtos_driver.o
 .data.red_treshold
                0x1fff93a8        0x2 ./Sources/rtos_driver.o
 .data.yellow_treshold
                0x1fff93aa        0x2 ./Sources/rtos_driver.o
 .data.green_treshold
                0x1fff93ac        0x2 ./Sources/rtos_driver.o
 *fill*         0x1fff93ae        0x2 
 .data.per_msg.8006
                0x1fff93b0        0x3 ./Sources/main.o
 *(.jcr*)
 *fill*         0x1fff93b3        0x1 
 .jcr           0x1fff93b4        0x0 c:/nxp/s32ds_arm_v1.3/cross_tools/gcc-arm-none-eabi-4_9/bin/../lib/gcc/arm-none-eabi/4.9.3/armv7e-m/fpu/crtbegin.o
 .jcr           0x1fff93b4        0x4 c:/nxp/s32ds_arm_v1.3/cross_tools/gcc-arm-none-eabi-4_9/bin/../lib/gcc/arm-none-eabi/4.9.3/armv7e-m/fpu/crtend.o
                0x1fff93b8                . = ALIGN (0x4)
                0x1fff93b8                __data_end__ = .
                0x0000a118                __DATA_END = (__DATA_ROM + (__data_end__ - __data_start__))
                0x0000a118                __CODE_ROM = __DATA_END

.igot.plt       0x1fff93b8        0x0 load address 0x0000a118
 .igot.plt      0x00000000        0x0 c:/nxp/s32ds_arm_v1.3/cross_tools/gcc-arm-none-eabi-4_9/bin/../lib/gcc/arm-none-eabi/4.9.3/armv7e-m/fpu/crtbegin.o

.code           0x1fff93b8        0x0 load address 0x0000a118
                0x1fff93b8                . = ALIGN (0x4)
                0x1fff93b8                __CODE_RAM = .
                0x1fff93b8                __code_start__ = .
 *(.code_ram)
                0x1fff93b8                . = ALIGN (0x4)
                0x1fff93b8                __code_end__ = .
                0x0000a118                __CODE_END = (__CODE_ROM + (__code_end__ - __code_start__))

.customSectionBlock
 *(.customSection)

.bss            0x20000000     0x2310
                0x20000000                . = ALIGN (0x4)
                0x20000000                __BSS_START = .
                0x20000000                __bss_start__ = .
 *(.bss)
 .bss           0x20000000       0x1c c:/nxp/s32ds_arm_v1.3/cross_tools/gcc-arm-none-eabi-4_9/bin/../lib/gcc/arm-none-eabi/4.9.3/armv7e-m/fpu/crtbegin.o
 *(.bss*)
 .bss.flexTimer1_FaultConfig
                0x2000001c       0x3c ./Generated_Code/flexTimer1.o
                0x2000001c                flexTimer1_FaultConfig
 .bss.g_clockManCallbacksArr
                0x20000058        0x4 ./Generated_Code/clockMan1.o
                0x20000058                g_clockManCallbacksArr
 .bss.g_clockState
                0x2000005c       0x10 ./SDK/platform/drivers/src/clock/clock_manager.o
 .bss.ftmStatePtr
                0x2000006c       0x10 ./SDK/platform/drivers/src/ftm/ftm_driver.o
                0x2000006c                ftmStatePtr
 .bss.g_interruptDisableCount
                0x2000007c        0x4 ./SDK/platform/drivers/src/interrupt/interrupt_manager.o
 .bss.ucMaxSysCallPriority
                0x20000080        0x1 ./SDK/rtos/FreeRTOS_S32K/Source/portable/GCC/ARM_CM4F/port.o
 *fill*         0x20000081        0x3 
 .bss.ulMaxPRIGROUPValue
                0x20000084        0x4 ./SDK/rtos/FreeRTOS_S32K/Source/portable/GCC/ARM_CM4F/port.o
 .bss.ucHeap    0x20000088     0x2000 ./SDK/rtos/FreeRTOS_S32K/Source/portable/MemMang/heap_2.o
 .bss.xStart    0x20002088        0x8 ./SDK/rtos/FreeRTOS_S32K/Source/portable/MemMang/heap_2.o
 .bss.xEnd      0x20002090        0x8 ./SDK/rtos/FreeRTOS_S32K/Source/portable/MemMang/heap_2.o
 .bss.xHeapHasBeenInitialised.4526
                0x20002098        0x4 ./SDK/rtos/FreeRTOS_S32K/Source/portable/MemMang/heap_2.o
 .bss.xActiveTimerList1
                0x2000209c       0x14 ./SDK/rtos/FreeRTOS_S32K/Source/timers.o
 .bss.xActiveTimerList2
                0x200020b0       0x14 ./SDK/rtos/FreeRTOS_S32K/Source/timers.o
 .bss.pxCurrentTimerList
                0x200020c4        0x4 ./SDK/rtos/FreeRTOS_S32K/Source/timers.o
 .bss.pxOverflowTimerList
                0x200020c8        0x4 ./SDK/rtos/FreeRTOS_S32K/Source/timers.o
 .bss.xTimerQueue
                0x200020cc        0x4 ./SDK/rtos/FreeRTOS_S32K/Source/timers.o
 .bss.xLastTime.4766
                0x200020d0        0x4 ./SDK/rtos/FreeRTOS_S32K/Source/timers.o
 .bss.pxCurrentTCB
                0x200020d4        0x4 ./SDK/rtos/FreeRTOS_S32K/Source/tasks.o
                0x200020d4                pxCurrentTCB
 .bss.pxReadyTasksLists
                0x200020d8       0xa0 ./SDK/rtos/FreeRTOS_S32K/Source/tasks.o
 .bss.xDelayedTaskList1
                0x20002178       0x14 ./SDK/rtos/FreeRTOS_S32K/Source/tasks.o
 .bss.xDelayedTaskList2
                0x2000218c       0x14 ./SDK/rtos/FreeRTOS_S32K/Source/tasks.o
 .bss.pxDelayedTaskList
                0x200021a0        0x4 ./SDK/rtos/FreeRTOS_S32K/Source/tasks.o
 .bss.pxOverflowDelayedTaskList
                0x200021a4        0x4 ./SDK/rtos/FreeRTOS_S32K/Source/tasks.o
 .bss.xPendingReadyList
                0x200021a8       0x14 ./SDK/rtos/FreeRTOS_S32K/Source/tasks.o
 .bss.xTasksWaitingTermination
                0x200021bc       0x14 ./SDK/rtos/FreeRTOS_S32K/Source/tasks.o
 .bss.uxTasksDeleted
                0x200021d0        0x4 ./SDK/rtos/FreeRTOS_S32K/Source/tasks.o
 .bss.xSuspendedTaskList
                0x200021d4       0x14 ./SDK/rtos/FreeRTOS_S32K/Source/tasks.o
 .bss.uxCurrentNumberOfTasks
                0x200021e8        0x4 ./SDK/rtos/FreeRTOS_S32K/Source/tasks.o
 .bss.xTickCount
                0x200021ec        0x4 ./SDK/rtos/FreeRTOS_S32K/Source/tasks.o
 .bss.uxTopReadyPriority
                0x200021f0        0x4 ./SDK/rtos/FreeRTOS_S32K/Source/tasks.o
 .bss.xSchedulerRunning
                0x200021f4        0x4 ./SDK/rtos/FreeRTOS_S32K/Source/tasks.o
 .bss.uxPendedTicks
                0x200021f8        0x4 ./SDK/rtos/FreeRTOS_S32K/Source/tasks.o
 .bss.xYieldPending
                0x200021fc        0x4 ./SDK/rtos/FreeRTOS_S32K/Source/tasks.o
 .bss.xNumOfOverflows
                0x20002200        0x4 ./SDK/rtos/FreeRTOS_S32K/Source/tasks.o
 .bss.uxTaskNumber
                0x20002204        0x4 ./SDK/rtos/FreeRTOS_S32K/Source/tasks.o
 .bss.xNextTaskUnblockTime
                0x20002208        0x4 ./SDK/rtos/FreeRTOS_S32K/Source/tasks.o
 .bss.uxSchedulerSuspended
                0x2000220c        0x4 ./SDK/rtos/FreeRTOS_S32K/Source/tasks.o
 .bss.can_handler
                0x20002210       0x10 ./Sources/rtos_driver.o
 .bss.ID_SW     0x20002220        0x1 ./Sources/rtos_driver.o
 *fill*         0x20002221        0x3 
 .bss.msg_SW    0x20002224        0x8 ./Sources/rtos_driver.o
 .bss.DLC_SW    0x2000222c        0x1 ./Sources/rtos_driver.o
 *fill*         0x2000222d        0x1 
 .bss.adc_read  0x2000222e        0x2 ./Sources/rtos_driver.o
 .bss.ID_function
                0x20002230       0x78 ./Sources/rtos_driver.o
 .bss.ID_func_counter
                0x200022a8        0x1 ./Sources/rtos_driver.o
 *fill*         0x200022a9        0x3 
 .bss.rx_message
                0x200022ac       0x10 ./Sources/rtos_driver.o
 .bss.tx_message
                0x200022bc       0x10 ./Sources/rtos_driver.o
 .bss.message_to_send
                0x200022cc       0x10 ./Sources/rtos_driver.o
 .bss.can_base  0x200022dc        0x4 ./Sources/rtos_driver.o
 .bss.periodic_msg.8010
                0x200022e0       0x10 ./Sources/main.o
 .bss.RxCODE    0x200022f0        0x4 ./Sources/can_driver.o
 .bss.RxID      0x200022f4        0x4 ./Sources/can_driver.o
 .bss.RxLENGTH  0x200022f8        0x4 ./Sources/can_driver.o
 *(COMMON)
 COMMON         0x200022fc       0x14 ./SDK/platform/drivers/src/clock/S32K144/clock_S32K144.o
                0x200022fc                g_xtal0ClkFreq
                0x20002300                g_RtcClkInFreq
                0x20002304                g_TClkFreq
                0x20002310                . = ALIGN (0x4)
                0x20002310                __bss_end__ = .
                0x20002310                __BSS_END = .

.heap           0x20002310      0x400
                0x20002310                . = ALIGN (0x8)
                0x20002310                __end__ = .
                0x20002310                PROVIDE (end, .)
                0x20002310                PROVIDE (_end, .)
                0x20002310                PROVIDE (__end, .)
                0x20002310                __HeapBase = .
                0x20002710                . = (. + HEAP_SIZE)
 *fill*         0x20002310      0x400 
                0x20002710                __HeapLimit = .
                0x20002710                __heap_limit = .

.stack          0x20002710      0x400
                0x20002710                . = ALIGN (0x8)
                0x20002b10                . = (. + STACK_SIZE)
 *fill*         0x20002710      0x400 
                0x20007000                __StackTop = (ORIGIN (m_data_2) + 0x7000)
                0x20006c00                __StackLimit = (__StackTop - STACK_SIZE)
                0x20007000                PROVIDE (__stack, __StackTop)

.ARM.attributes
                0x00000000       0x30
 *(.ARM.attributes)
 .ARM.attributes
                0x00000000       0x22 c:/nxp/s32ds_arm_v1.3/cross_tools/gcc-arm-none-eabi-4_9/bin/../lib/gcc/arm-none-eabi/4.9.3/armv7e-m/fpu/crti.o
 .ARM.attributes
                0x00000022       0x34 c:/nxp/s32ds_arm_v1.3/cross_tools/gcc-arm-none-eabi-4_9/bin/../lib/gcc/arm-none-eabi/4.9.3/armv7e-m/fpu/crtbegin.o
 .ARM.attributes
                0x00000056       0x39 ./Generated_Code/pin_mux.o
 .ARM.attributes
                0x0000008f       0x39 ./Generated_Code/flexTimer1.o
 .ARM.attributes
                0x000000c8       0x39 ./Generated_Code/clockMan1.o
 .ARM.attributes
                0x00000101       0x1f ./Project_Settings/Startup_Code/startup_S32K144.o
 .ARM.attributes
                0x00000120       0x39 ./SDK/platform/devices/S32K144/startup/system_S32K144.o
 .ARM.attributes
                0x00000159       0x39 ./SDK/platform/devices/startup.o
 .ARM.attributes
                0x00000192       0x39 ./SDK/platform/drivers/src/clock/S32K144/clock_S32K144.o
 .ARM.attributes
                0x000001cb       0x39 ./SDK/platform/drivers/src/clock/clock_manager.o
 .ARM.attributes
                0x00000204       0x39 ./SDK/platform/drivers/src/ftm/ftm_driver.o
 .ARM.attributes
                0x0000023d       0x39 ./SDK/platform/drivers/src/interrupt/interrupt_manager.o
 .ARM.attributes
                0x00000276       0x39 ./SDK/platform/drivers/src/pins/pins_driver.o
 .ARM.attributes
                0x000002af       0x39 ./SDK/platform/hal/src/ftm/ftm_hal.o
 .ARM.attributes
                0x000002e8       0x39 ./SDK/platform/hal/src/pcc/pcc_hal.o
 .ARM.attributes
                0x00000321       0x39 ./SDK/platform/hal/src/scg/scg_hal.o
 .ARM.attributes
                0x0000035a       0x39 ./SDK/platform/hal/src/sim/S32K144/sim_hal_S32K144.o
 .ARM.attributes
                0x00000393       0x39 ./SDK/rtos/FreeRTOS_S32K/Source/portable/GCC/ARM_CM4F/port.o
 .ARM.attributes
                0x000003cc       0x39 ./SDK/rtos/FreeRTOS_S32K/Source/portable/MemMang/heap_2.o
 .ARM.attributes
                0x00000405       0x39 ./SDK/rtos/FreeRTOS_S32K/Source/timers.o
 .ARM.attributes
                0x0000043e       0x39 ./SDK/rtos/FreeRTOS_S32K/Source/tasks.o
 .ARM.attributes
                0x00000477       0x39 ./SDK/rtos/FreeRTOS_S32K/Source/queue.o
 .ARM.attributes
                0x000004b0       0x39 ./SDK/rtos/FreeRTOS_S32K/Source/list.o
 .ARM.attributes
                0x000004e9       0x39 ./SDK/rtos/FreeRTOS_S32K/Source/event_groups.o
 .ARM.attributes
                0x00000522       0x39 ./Sources/transceiver.o
 .ARM.attributes
                0x0000055b       0x39 ./Sources/rtos_driver.o
 .ARM.attributes
                0x00000594       0x39 ./Sources/main.o
 .ARM.attributes
                0x000005cd       0x39 ./Sources/clocks_and_modes.o
 .ARM.attributes
                0x00000606       0x39 ./Sources/can_driver.o
 .ARM.attributes
                0x0000063f       0x39 ./Sources/ADC.o
 .ARM.attributes
                0x00000678       0x34 C:/NXP/S32DS_ARM_v1.3/Cross_Tools/gcc-arm-none-eabi-4_9/arm-none-eabi/newlib/lib/armv7e-m/fpu\libc_nano.a(lib_a-memcpy.o)
 .ARM.attributes
                0x000006ac       0x34 C:/NXP/S32DS_ARM_v1.3/Cross_Tools/gcc-arm-none-eabi-4_9/arm-none-eabi/newlib/lib/armv7e-m/fpu\libc_nano.a(lib_a-memset.o)
 .ARM.attributes
                0x000006e0       0x34 c:/nxp/s32ds_arm_v1.3/cross_tools/gcc-arm-none-eabi-4_9/bin/../lib/gcc/arm-none-eabi/4.9.3/armv7e-m/fpu/crtend.o
 .ARM.attributes
                0x00000714       0x22 c:/nxp/s32ds_arm_v1.3/cross_tools/gcc-arm-none-eabi-4_9/bin/../lib/gcc/arm-none-eabi/4.9.3/armv7e-m/fpu/crtn.o
                0x00000001                ASSERT ((__StackLimit >= __HeapLimit), region m_data_2 overflowed with stack and heap)
OUTPUT(S32K144_FreeRTOS.elf elf32-littlearm)

.debug_info     0x00000000    0x14b2c
 .debug_info    0x00000000      0x379 ./Generated_Code/pin_mux.o
 .debug_info    0x00000379      0x7ba ./Generated_Code/flexTimer1.o
 .debug_info    0x00000b33      0xf66 ./Generated_Code/clockMan1.o
 .debug_info    0x00001a99       0x8e ./Project_Settings/Startup_Code/startup_S32K144.o
 .debug_info    0x00001b27      0x4f2 ./SDK/platform/devices/S32K144/startup/system_S32K144.o
 .debug_info    0x00002019      0x3e4 ./SDK/platform/devices/startup.o
 .debug_info    0x000023fd     0x20af ./SDK/platform/drivers/src/clock/S32K144/clock_S32K144.o
 .debug_info    0x000044ac     0x1087 ./SDK/platform/drivers/src/clock/clock_manager.o
 .debug_info    0x00005533     0x34c4 ./SDK/platform/drivers/src/ftm/ftm_driver.o
 .debug_info    0x000089f7      0x554 ./SDK/platform/drivers/src/interrupt/interrupt_manager.o
 .debug_info    0x00008f4b      0x7f7 ./SDK/platform/drivers/src/pins/pins_driver.o
 .debug_info    0x00009742      0x433 ./SDK/platform/hal/src/ftm/ftm_hal.o
 .debug_info    0x00009b75      0x436 ./SDK/platform/hal/src/pcc/pcc_hal.o
 .debug_info    0x00009fab     0x110b ./SDK/platform/hal/src/scg/scg_hal.o
 .debug_info    0x0000b0b6      0xbcb ./SDK/platform/hal/src/sim/S32K144/sim_hal_S32K144.o
 .debug_info    0x0000bc81      0x512 ./SDK/rtos/FreeRTOS_S32K/Source/portable/GCC/ARM_CM4F/port.o
 .debug_info    0x0000c193      0x2bf ./SDK/rtos/FreeRTOS_S32K/Source/portable/MemMang/heap_2.o
 .debug_info    0x0000c452      0xb3c ./SDK/rtos/FreeRTOS_S32K/Source/timers.o
 .debug_info    0x0000cf8e     0x1ac3 ./SDK/rtos/FreeRTOS_S32K/Source/tasks.o
 .debug_info    0x0000ea51     0x1133 ./SDK/rtos/FreeRTOS_S32K/Source/queue.o
 .debug_info    0x0000fb84      0x28f ./SDK/rtos/FreeRTOS_S32K/Source/list.o
 .debug_info    0x0000fe13      0x865 ./SDK/rtos/FreeRTOS_S32K/Source/event_groups.o
 .debug_info    0x00010678      0x469 ./Sources/transceiver.o
 .debug_info    0x00010ae1     0x1737 ./Sources/rtos_driver.o
 .debug_info    0x00012218     0x1d1c ./Sources/main.o
 .debug_info    0x00013f34      0x262 ./Sources/clocks_and_modes.o
 .debug_info    0x00014196      0x694 ./Sources/can_driver.o
 .debug_info    0x0001482a      0x302 ./Sources/ADC.o

.debug_abbrev   0x00000000     0x29a0
 .debug_abbrev  0x00000000       0xe9 ./Generated_Code/pin_mux.o
 .debug_abbrev  0x000000e9       0xe2 ./Generated_Code/flexTimer1.o
 .debug_abbrev  0x000001cb      0x12a ./Generated_Code/clockMan1.o
 .debug_abbrev  0x000002f5       0x14 ./Project_Settings/Startup_Code/startup_S32K144.o
 .debug_abbrev  0x00000309      0x118 ./SDK/platform/devices/S32K144/startup/system_S32K144.o
 .debug_abbrev  0x00000421      0x101 ./SDK/platform/devices/startup.o
 .debug_abbrev  0x00000522      0x274 ./SDK/platform/drivers/src/clock/S32K144/clock_S32K144.o
 .debug_abbrev  0x00000796      0x18b ./SDK/platform/drivers/src/clock/clock_manager.o
 .debug_abbrev  0x00000921      0x22a ./SDK/platform/drivers/src/ftm/ftm_driver.o
 .debug_abbrev  0x00000b4b      0x131 ./SDK/platform/drivers/src/interrupt/interrupt_manager.o
 .debug_abbrev  0x00000c7c      0x1b6 ./SDK/platform/drivers/src/pins/pins_driver.o
 .debug_abbrev  0x00000e32      0x151 ./SDK/platform/hal/src/ftm/ftm_hal.o
 .debug_abbrev  0x00000f83      0x123 ./SDK/platform/hal/src/pcc/pcc_hal.o
 .debug_abbrev  0x000010a6      0x215 ./SDK/platform/hal/src/scg/scg_hal.o
 .debug_abbrev  0x000012bb      0x1c7 ./SDK/platform/hal/src/sim/S32K144/sim_hal_S32K144.o
 .debug_abbrev  0x00001482      0x1c0 ./SDK/rtos/FreeRTOS_S32K/Source/portable/GCC/ARM_CM4F/port.o
 .debug_abbrev  0x00001642      0x155 ./SDK/rtos/FreeRTOS_S32K/Source/portable/MemMang/heap_2.o
 .debug_abbrev  0x00001797      0x1ea ./SDK/rtos/FreeRTOS_S32K/Source/timers.o
 .debug_abbrev  0x00001981      0x276 ./SDK/rtos/FreeRTOS_S32K/Source/tasks.o
 .debug_abbrev  0x00001bf7      0x1d7 ./SDK/rtos/FreeRTOS_S32K/Source/queue.o
 .debug_abbrev  0x00001dce       0xc1 ./SDK/rtos/FreeRTOS_S32K/Source/list.o
 .debug_abbrev  0x00001e8f      0x1ca ./SDK/rtos/FreeRTOS_S32K/Source/event_groups.o
 .debug_abbrev  0x00002059      0x132 ./Sources/transceiver.o
 .debug_abbrev  0x0000218b      0x29c ./Sources/rtos_driver.o
 .debug_abbrev  0x00002427      0x1da ./Sources/main.o
 .debug_abbrev  0x00002601       0xc2 ./Sources/clocks_and_modes.o
 .debug_abbrev  0x000026c3      0x1a7 ./Sources/can_driver.o
 .debug_abbrev  0x0000286a      0x136 ./Sources/ADC.o

.debug_aranges  0x00000000     0x1068
 .debug_aranges
                0x00000000       0x18 ./Generated_Code/pin_mux.o
 .debug_aranges
                0x00000018       0x18 ./Generated_Code/flexTimer1.o
 .debug_aranges
                0x00000030       0x18 ./Generated_Code/clockMan1.o
 .debug_aranges
                0x00000048       0x20 ./Project_Settings/Startup_Code/startup_S32K144.o
 .debug_aranges
                0x00000068       0x30 ./SDK/platform/devices/S32K144/startup/system_S32K144.o
 .debug_aranges
                0x00000098       0x20 ./SDK/platform/devices/startup.o
 .debug_aranges
                0x000000b8      0x180 ./SDK/platform/drivers/src/clock/S32K144/clock_S32K144.o
 .debug_aranges
                0x00000238       0x38 ./SDK/platform/drivers/src/clock/clock_manager.o
 .debug_aranges
                0x00000270      0x450 ./SDK/platform/drivers/src/ftm/ftm_driver.o
 .debug_aranges
                0x000006c0       0x40 ./SDK/platform/drivers/src/interrupt/interrupt_manager.o
 .debug_aranges
                0x00000700       0x60 ./SDK/platform/drivers/src/pins/pins_driver.o
 .debug_aranges
                0x00000760       0x48 ./SDK/platform/hal/src/ftm/ftm_hal.o
 .debug_aranges
                0x000007a8       0x20 ./SDK/platform/hal/src/pcc/pcc_hal.o
 .debug_aranges
                0x000007c8       0xe8 ./SDK/platform/hal/src/scg/scg_hal.o
 .debug_aranges
                0x000008b0       0xe0 ./SDK/platform/hal/src/sim/S32K144/sim_hal_S32K144.o
 .debug_aranges
                0x00000990       0x80 ./SDK/rtos/FreeRTOS_S32K/Source/portable/GCC/ARM_CM4F/port.o
 .debug_aranges
                0x00000a10       0x40 ./SDK/rtos/FreeRTOS_S32K/Source/portable/MemMang/heap_2.o
 .debug_aranges
                0x00000a50       0xa8 ./SDK/rtos/FreeRTOS_S32K/Source/timers.o
 .debug_aranges
                0x00000af8      0x1a8 ./SDK/rtos/FreeRTOS_S32K/Source/tasks.o
 .debug_aranges
                0x00000ca0       0xe0 ./SDK/rtos/FreeRTOS_S32K/Source/queue.o
 .debug_aranges
                0x00000d80       0x40 ./SDK/rtos/FreeRTOS_S32K/Source/list.o
 .debug_aranges
                0x00000dc0       0x68 ./SDK/rtos/FreeRTOS_S32K/Source/event_groups.o
 .debug_aranges
                0x00000e28       0x48 ./Sources/transceiver.o
 .debug_aranges
                0x00000e70      0x118 ./Sources/rtos_driver.o
 .debug_aranges
                0x00000f88       0x28 ./Sources/main.o
 .debug_aranges
                0x00000fb0       0x30 ./Sources/clocks_and_modes.o
 .debug_aranges
                0x00000fe0       0x50 ./Sources/can_driver.o
 .debug_aranges
                0x00001030       0x38 ./Sources/ADC.o

.debug_macro    0x00000000    0x20939
 .debug_macro   0x00000000       0xfa ./Generated_Code/pin_mux.o
 .debug_macro   0x000000fa      0x86e ./Generated_Code/pin_mux.o
 .debug_macro   0x00000968       0x10 ./Generated_Code/pin_mux.o
 .debug_macro   0x00000978       0x19 ./Generated_Code/pin_mux.o
 .debug_macro   0x00000991       0x16 ./Generated_Code/pin_mux.o
 .debug_macro   0x000009a7       0x64 ./Generated_Code/pin_mux.o
 .debug_macro   0x00000a0b      0x1b5 ./Generated_Code/pin_mux.o
 .debug_macro   0x00000bc0      0x147 ./Generated_Code/pin_mux.o
 .debug_macro   0x00000d07       0x9d ./Generated_Code/pin_mux.o
 .debug_macro   0x00000da4       0x10 ./Generated_Code/pin_mux.o
 .debug_macro   0x00000db4      0x1a1 ./Generated_Code/pin_mux.o
 .debug_macro   0x00000f55     0xdf8d ./Generated_Code/pin_mux.o
 .debug_macro   0x0000eee2      0x7be ./Generated_Code/pin_mux.o
 .debug_macro   0x0000f6a0       0x58 ./Generated_Code/pin_mux.o
 .debug_macro   0x0000f6f8       0x1c ./Generated_Code/pin_mux.o
 .debug_macro   0x0000f714      0x1c9 ./Generated_Code/flexTimer1.o
 .debug_macro   0x0000f8dd       0x16 ./Generated_Code/flexTimer1.o
 .debug_macro   0x0000f8f3     0xdfa2 ./Generated_Code/flexTimer1.o
 .debug_macro   0x0001d895       0x16 ./Generated_Code/flexTimer1.o
 .debug_macro   0x0001d8ab       0x16 ./Generated_Code/flexTimer1.o
 .debug_macro   0x0001d8c1       0x16 ./Generated_Code/flexTimer1.o
 .debug_macro   0x0001d8d7       0x10 ./Generated_Code/flexTimer1.o
 .debug_macro   0x0001d8e7       0xe6 ./Generated_Code/flexTimer1.o
 .debug_macro   0x0001d9cd       0x10 ./Generated_Code/flexTimer1.o
 .debug_macro   0x0001d9dd       0x22 ./Generated_Code/flexTimer1.o
 .debug_macro   0x0001d9ff       0x16 ./Generated_Code/flexTimer1.o
 .debug_macro   0x0001da15      0x1b9 ./Generated_Code/clockMan1.o
 .debug_macro   0x0001dbce       0xc6 ./SDK/platform/devices/S32K144/startup/system_S32K144.o
 .debug_macro   0x0001dc94       0xc7 ./SDK/platform/devices/startup.o
 .debug_macro   0x0001dd5b      0x15d ./SDK/platform/drivers/src/clock/S32K144/clock_S32K144.o
 .debug_macro   0x0001deb8      0x163 ./SDK/platform/drivers/src/clock/clock_manager.o
 .debug_macro   0x0001e01b      0x17b ./SDK/platform/drivers/src/ftm/ftm_driver.o
 .debug_macro   0x0001e196       0xc7 ./SDK/platform/drivers/src/interrupt/interrupt_manager.o
 .debug_macro   0x0001e25d      0x171 ./SDK/platform/drivers/src/pins/pins_driver.o
 .debug_macro   0x0001e3ce      0x115 ./SDK/platform/hal/src/ftm/ftm_hal.o
 .debug_macro   0x0001e4e3       0xe0 ./SDK/platform/hal/src/ftm/ftm_hal.o
 .debug_macro   0x0001e5c3      0x10a ./SDK/platform/hal/src/pcc/pcc_hal.o
 .debug_macro   0x0001e6cd      0x12c ./SDK/platform/hal/src/scg/scg_hal.o
 .debug_macro   0x0001e7f9      0x12c ./SDK/platform/hal/src/sim/S32K144/sim_hal_S32K144.o
 .debug_macro   0x0001e925      0x1e4 ./SDK/rtos/FreeRTOS_S32K/Source/portable/GCC/ARM_CM4F/port.o
 .debug_macro   0x0001eb09      0x167 ./SDK/rtos/FreeRTOS_S32K/Source/portable/GCC/ARM_CM4F/port.o
 .debug_macro   0x0001ec70      0x15d ./SDK/rtos/FreeRTOS_S32K/Source/portable/GCC/ARM_CM4F/port.o
 .debug_macro   0x0001edcd       0xe4 ./SDK/rtos/FreeRTOS_S32K/Source/portable/GCC/ARM_CM4F/port.o
 .debug_macro   0x0001eeb1       0x10 ./SDK/rtos/FreeRTOS_S32K/Source/portable/GCC/ARM_CM4F/port.o
 .debug_macro   0x0001eec1       0x1f ./SDK/rtos/FreeRTOS_S32K/Source/portable/GCC/ARM_CM4F/port.o
 .debug_macro   0x0001eee0      0x345 ./SDK/rtos/FreeRTOS_S32K/Source/portable/GCC/ARM_CM4F/port.o
 .debug_macro   0x0001f225       0xc0 ./SDK/rtos/FreeRTOS_S32K/Source/portable/GCC/ARM_CM4F/port.o
 .debug_macro   0x0001f2e5       0x8c ./SDK/rtos/FreeRTOS_S32K/Source/portable/GCC/ARM_CM4F/port.o
 .debug_macro   0x0001f371      0x168 ./SDK/rtos/FreeRTOS_S32K/Source/portable/MemMang/heap_2.o
 .debug_macro   0x0001f4d9       0x2e ./SDK/rtos/FreeRTOS_S32K/Source/portable/MemMang/heap_2.o
 .debug_macro   0x0001f507      0x177 ./SDK/rtos/FreeRTOS_S32K/Source/timers.o
 .debug_macro   0x0001f67e       0xb0 ./SDK/rtos/FreeRTOS_S32K/Source/timers.o
 .debug_macro   0x0001f72e       0x91 ./SDK/rtos/FreeRTOS_S32K/Source/timers.o
 .debug_macro   0x0001f7bf      0x1f6 ./SDK/rtos/FreeRTOS_S32K/Source/tasks.o
 .debug_macro   0x0001f9b5       0x10 ./SDK/rtos/FreeRTOS_S32K/Source/tasks.o
 .debug_macro   0x0001f9c5       0x16 ./SDK/rtos/FreeRTOS_S32K/Source/tasks.o
 .debug_macro   0x0001f9db      0x1ba ./SDK/rtos/FreeRTOS_S32K/Source/queue.o
 .debug_macro   0x0001fb95      0x13a ./SDK/rtos/FreeRTOS_S32K/Source/list.o
 .debug_macro   0x0001fccf      0x193 ./SDK/rtos/FreeRTOS_S32K/Source/event_groups.o
 .debug_macro   0x0001fe62       0x19 ./SDK/rtos/FreeRTOS_S32K/Source/event_groups.o
 .debug_macro   0x0001fe7b       0x95 ./Sources/transceiver.o
 .debug_macro   0x0001ff10      0x3d1 ./Sources/rtos_driver.o
 .debug_macro   0x000202e1       0x1c ./Sources/rtos_driver.o
 .debug_macro   0x000202fd       0x7f ./Sources/rtos_driver.o
 .debug_macro   0x0002037c       0x16 ./Sources/rtos_driver.o
 .debug_macro   0x00020392      0x311 ./Sources/main.o
 .debug_macro   0x000206a3       0x8f ./Sources/clocks_and_modes.o
 .debug_macro   0x00020732      0x178 ./Sources/can_driver.o
 .debug_macro   0x000208aa       0x8f ./Sources/ADC.o

.debug_line     0x00000000     0xa570
 .debug_line    0x00000000      0x35a ./Generated_Code/pin_mux.o
 .debug_line    0x0000035a      0x576 ./Generated_Code/flexTimer1.o
 .debug_line    0x000008d0      0x565 ./Generated_Code/clockMan1.o
 .debug_line    0x00000e35       0x83 ./Project_Settings/Startup_Code/startup_S32K144.o
 .debug_line    0x00000eb8      0x322 ./SDK/platform/devices/S32K144/startup/system_S32K144.o
 .debug_line    0x000011da      0x292 ./SDK/platform/devices/startup.o
 .debug_line    0x0000146c      0xb94 ./SDK/platform/drivers/src/clock/S32K144/clock_S32K144.o
 .debug_line    0x00002000      0x570 ./SDK/platform/drivers/src/clock/clock_manager.o
 .debug_line    0x00002570     0x13df ./SDK/platform/drivers/src/ftm/ftm_driver.o
 .debug_line    0x0000394f      0x36b ./SDK/platform/drivers/src/interrupt/interrupt_manager.o
 .debug_line    0x00003cba      0x5d0 ./SDK/platform/drivers/src/pins/pins_driver.o
 .debug_line    0x0000428a      0x3de ./SDK/platform/hal/src/ftm/ftm_hal.o
 .debug_line    0x00004668      0x392 ./SDK/platform/hal/src/pcc/pcc_hal.o
 .debug_line    0x000049fa      0x75b ./SDK/platform/hal/src/scg/scg_hal.o
 .debug_line    0x00005155      0x72c ./SDK/platform/hal/src/sim/S32K144/sim_hal_S32K144.o
 .debug_line    0x00005881      0x4eb ./SDK/rtos/FreeRTOS_S32K/Source/portable/GCC/ARM_CM4F/port.o
 .debug_line    0x00005d6c      0x3d0 ./SDK/rtos/FreeRTOS_S32K/Source/portable/MemMang/heap_2.o
 .debug_line    0x0000613c      0x60d ./SDK/rtos/FreeRTOS_S32K/Source/timers.o
 .debug_line    0x00006749      0xe38 ./SDK/rtos/FreeRTOS_S32K/Source/tasks.o
 .debug_line    0x00007581      0xaa5 ./SDK/rtos/FreeRTOS_S32K/Source/queue.o
 .debug_line    0x00008026      0x37e ./SDK/rtos/FreeRTOS_S32K/Source/list.o
 .debug_line    0x000083a4      0x598 ./SDK/rtos/FreeRTOS_S32K/Source/event_groups.o
 .debug_line    0x0000893c      0x257 ./Sources/transceiver.o
 .debug_line    0x00008b93      0xb89 ./Sources/rtos_driver.o
 .debug_line    0x0000971c      0x7a9 ./Sources/main.o
 .debug_line    0x00009ec5      0x210 ./Sources/clocks_and_modes.o
 .debug_line    0x0000a0d5      0x2b8 ./Sources/can_driver.o
 .debug_line    0x0000a38d      0x1e3 ./Sources/ADC.o

.debug_str      0x00000000    0x6fe1e
 .debug_str     0x00000000    0x60d70 ./Generated_Code/pin_mux.o
                              0x60e01 (size before relaxing)
 .debug_str     0x00060d70     0x1743 ./Generated_Code/flexTimer1.o
                              0x622a2 (size before relaxing)
 .debug_str     0x000624b3     0x13db ./Generated_Code/clockMan1.o
                              0x62e34 (size before relaxing)
 .debug_str     0x0006388e      0x1f2 ./SDK/platform/devices/S32K144/startup/system_S32K144.o
                              0x60cb2 (size before relaxing)
 .debug_str     0x00063a80      0x117 ./SDK/platform/devices/startup.o
                              0x60bdf (size before relaxing)
 .debug_str     0x00063b97      0x8d1 ./SDK/platform/drivers/src/clock/S32K144/clock_S32K144.o
                              0x62be9 (size before relaxing)
 .debug_str     0x00064468      0x191 ./SDK/platform/drivers/src/clock/clock_manager.o
                              0x625b5 (size before relaxing)
 .debug_str     0x000645f9     0x1c54 ./SDK/platform/drivers/src/ftm/ftm_driver.o
                              0x64235 (size before relaxing)
 .debug_str     0x0006624d      0x111 ./SDK/platform/drivers/src/interrupt/interrupt_manager.o
                              0x6116a (size before relaxing)
 .debug_str     0x0006635e      0x174 ./SDK/platform/drivers/src/pins/pins_driver.o
                              0x614f5 (size before relaxing)
 .debug_str     0x000664d2       0xa9 ./SDK/platform/hal/src/ftm/ftm_hal.o
                              0x61678 (size before relaxing)
 .debug_str     0x0006657b       0x5f ./SDK/platform/hal/src/pcc/pcc_hal.o
                              0x61205 (size before relaxing)
 .debug_str     0x000665da      0x38e ./SDK/platform/hal/src/scg/scg_hal.o
                              0x61b93 (size before relaxing)
 .debug_str     0x00066968      0x5d1 ./SDK/platform/hal/src/sim/S32K144/sim_hal_S32K144.o
                              0x61526 (size before relaxing)