Archive member included because of file (symbol)

C:/NXP/S32DS_ARM_v1.3/Cross_Tools/gcc-arm-none-eabi-4_9/arm-none-eabi/newlib/lib/armv7e-m/fpu\libc_nano.a(lib_a-exit.o)
                              C:/NXP/S32DS_ARM_v1.3/Cross_Tools/gcc-arm-none-eabi-4_9/arm-none-eabi/newlib/lib/armv7e-m/fpu/crt0.o (exit)
C:/NXP/S32DS_ARM_v1.3/Cross_Tools/gcc-arm-none-eabi-4_9/arm-none-eabi/newlib/lib/armv7e-m/fpu\libc_nano.a(lib_a-impure.o)
                              C:/NXP/S32DS_ARM_v1.3/Cross_Tools/gcc-arm-none-eabi-4_9/arm-none-eabi/newlib/lib/armv7e-m/fpu\libc_nano.a(lib_a-exit.o) (_global_impure_ptr)
C:/NXP/S32DS_ARM_v1.3/Cross_Tools/gcc-arm-none-eabi-4_9/arm-none-eabi/newlib/lib/armv7e-m/fpu\libc_nano.a(lib_a-init.o)
                              C:/NXP/S32DS_ARM_v1.3/Cross_Tools/gcc-arm-none-eabi-4_9/arm-none-eabi/newlib/lib/armv7e-m/fpu/crt0.o (__libc_init_array)
C:/NXP/S32DS_ARM_v1.3/Cross_Tools/gcc-arm-none-eabi-4_9/arm-none-eabi/newlib/lib/armv7e-m/fpu\libc_nano.a(lib_a-memcpy.o)
                              ./SDK/rtos/FreeRTOS_S32K/Source/queue.o (memcpy)
C:/NXP/S32DS_ARM_v1.3/Cross_Tools/gcc-arm-none-eabi-4_9/arm-none-eabi/newlib/lib/armv7e-m/fpu\libc_nano.a(lib_a-memset.o)
                              C:/NXP/S32DS_ARM_v1.3/Cross_Tools/gcc-arm-none-eabi-4_9/arm-none-eabi/newlib/lib/armv7e-m/fpu/crt0.o (memset)
C:/NXP/S32DS_ARM_v1.3/Cross_Tools/gcc-arm-none-eabi-4_9/arm-none-eabi/newlib/lib/armv7e-m/fpu\libnosys.a(_exit.o)
                              C:/NXP/S32DS_ARM_v1.3/Cross_Tools/gcc-arm-none-eabi-4_9/arm-none-eabi/newlib/lib/armv7e-m/fpu\libc_nano.a(lib_a-exit.o) (_exit)

Allocating common symbols
Common symbol       size              file

g_xtal0ClkFreq      0x4               ./SDK/platform/drivers/src/clock/S32K144/clock_S32K144.o
g_RtcClkInFreq      0x4               ./SDK/platform/drivers/src/clock/S32K144/clock_S32K144.o
g_TClkFreq          0xc               ./SDK/platform/drivers/src/clock/S32K144/clock_S32K144.o

Discarded input sections

 .text          0x00000000        0x0 c:/nxp/s32ds_arm_v1.3/cross_tools/gcc-arm-none-eabi-4_9/bin/../lib/gcc/arm-none-eabi/4.9.3/armv7e-m/fpu/crti.o
 .data          0x00000000        0x0 c:/nxp/s32ds_arm_v1.3/cross_tools/gcc-arm-none-eabi-4_9/bin/../lib/gcc/arm-none-eabi/4.9.3/armv7e-m/fpu/crti.o
 .bss           0x00000000        0x0 c:/nxp/s32ds_arm_v1.3/cross_tools/gcc-arm-none-eabi-4_9/bin/../lib/gcc/arm-none-eabi/4.9.3/armv7e-m/fpu/crti.o
 .data          0x00000000        0x4 c:/nxp/s32ds_arm_v1.3/cross_tools/gcc-arm-none-eabi-4_9/bin/../lib/gcc/arm-none-eabi/4.9.3/armv7e-m/fpu/crtbegin.o
 .text          0x00000000       0x74 C:/NXP/S32DS_ARM_v1.3/Cross_Tools/gcc-arm-none-eabi-4_9/arm-none-eabi/newlib/lib/armv7e-m/fpu/crt0.o
 .data          0x00000000        0x0 C:/NXP/S32DS_ARM_v1.3/Cross_Tools/gcc-arm-none-eabi-4_9/arm-none-eabi/newlib/lib/armv7e-m/fpu/crt0.o
 .bss           0x00000000        0x0 C:/NXP/S32DS_ARM_v1.3/Cross_Tools/gcc-arm-none-eabi-4_9/arm-none-eabi/newlib/lib/armv7e-m/fpu/crt0.o
 .ARM.extab     0x00000000        0x0 C:/NXP/S32DS_ARM_v1.3/Cross_Tools/gcc-arm-none-eabi-4_9/arm-none-eabi/newlib/lib/armv7e-m/fpu/crt0.o
 .ARM.exidx     0x00000000        0x8 C:/NXP/S32DS_ARM_v1.3/Cross_Tools/gcc-arm-none-eabi-4_9/arm-none-eabi/newlib/lib/armv7e-m/fpu/crt0.o
 .ARM.attributes
                0x00000000       0x20 C:/NXP/S32DS_ARM_v1.3/Cross_Tools/gcc-arm-none-eabi-4_9/arm-none-eabi/newlib/lib/armv7e-m/fpu/crt0.o
 .group         0x00000000        0x8 ./Generated_Code/pin_mux.o
 .group         0x00000000        0x8 ./Generated_Code/pin_mux.o
 .group         0x00000000        0x8 ./Generated_Code/pin_mux.o
 .group         0x00000000        0x8 ./Generated_Code/pin_mux.o
 .group         0x00000000        0x8 ./Generated_Code/pin_mux.o
 .group         0x00000000        0x8 ./Generated_Code/pin_mux.o
 .group         0x00000000        0x8 ./Generated_Code/pin_mux.o
 .group         0x00000000        0x8 ./Generated_Code/pin_mux.o
 .group         0x00000000        0x8 ./Generated_Code/pin_mux.o
 .group         0x00000000        0x8 ./Generated_Code/pin_mux.o
 .group         0x00000000        0x8 ./Generated_Code/pin_mux.o
 .group         0x00000000        0x8 ./Generated_Code/pin_mux.o
 .group         0x00000000        0x8 ./Generated_Code/pin_mux.o
 .group         0x00000000        0x8 ./Generated_Code/pin_mux.o
 .text          0x00000000        0x0 ./Generated_Code/pin_mux.o
 .data          0x00000000        0x0 ./Generated_Code/pin_mux.o
 .bss           0x00000000        0x0 ./Generated_Code/pin_mux.o
 .group         0x00000000        0x8 ./Generated_Code/flexTimer3.o
 .group         0x00000000        0x8 ./Generated_Code/flexTimer3.o
 .group         0x00000000        0x8 ./Generated_Code/flexTimer3.o
 .group         0x00000000        0x8 ./Generated_Code/flexTimer3.o
 .group         0x00000000        0x8 ./Generated_Code/flexTimer3.o
 .group         0x00000000        0x8 ./Generated_Code/flexTimer3.o
[...]
Memory Configuration

Name             Origin             Length             Attributes
m_interrupts     0x00000000         0x00000400         xr
m_flash_config   0x00000400         0x00000010         xr
m_text           0x00000410         0x0007fbf0         xr
m_data           0x1fff8000         0x00008000         rw
m_data_2         0x20000000         0x00007000         rw
*default*        0x00000000         0xffffffff

Linker script and memory map

LOAD c:/nxp/s32ds_arm_v1.3/cross_tools/gcc-arm-none-eabi-4_9/bin/../lib/gcc/arm-none-eabi/4.9.3/armv7e-m/fpu/crti.o
LOAD c:/nxp/s32ds_arm_v1.3/cross_tools/gcc-arm-none-eabi-4_9/bin/../lib/gcc/arm-none-eabi/4.9.3/armv7e-m/fpu/crtbegin.o
LOAD C:/NXP/S32DS_ARM_v1.3/Cross_Tools/gcc-arm-none-eabi-4_9/arm-none-eabi/newlib/lib/armv7e-m/fpu/crt0.o
LOAD ./Generated_Code/pin_mux.o
LOAD ./Generated_Code/flexTimer3.o
LOAD ./Generated_Code/flexTimer2.o
LOAD ./Generated_Code/flexTimer1.o
LOAD ./Generated_Code/clockMan1.o
LOAD ./Generated_Code/Cpu.o
LOAD ./Project_Settings/Startup_Code/startup_S32K144.o
LOAD ./SDK/platform/devices/S32K144/startup/system_S32K144.o
LOAD ./SDK/platform/devices/startup.o
LOAD ./SDK/platform/drivers/src/clock/S32K144/clock_S32K144.o
LOAD ./SDK/platform/drivers/src/clock/clock_manager.o
LOAD ./SDK/platform/drivers/src/ftm/ftm_driver.o
LOAD ./SDK/platform/drivers/src/interrupt/interrupt_manager.o
LOAD ./SDK/platform/drivers/src/pins/pins_driver.o
LOAD ./SDK/platform/hal/src/ftm/ftm_hal.o
LOAD ./SDK/platform/hal/src/pcc/pcc_hal.o
LOAD ./SDK/platform/hal/src/pmc/pmc_hal.o
LOAD ./SDK/platform/hal/src/port/port_hal.o
LOAD ./SDK/platform/hal/src/scg/scg_hal.o
LOAD ./SDK/platform/hal/src/sim/S32K144/sim_hal_S32K144.o
LOAD ./SDK/platform/hal/src/smc/smc_hal.o
LOAD ./SDK/rtos/FreeRTOS_S32K/Source/portable/GCC/ARM_CM4F/port.o
LOAD ./SDK/rtos/FreeRTOS_S32K/Source/portable/MemMang/heap_2.o
LOAD ./SDK/rtos/FreeRTOS_S32K/Source/timers.o
LOAD ./SDK/rtos/FreeRTOS_S32K/Source/tasks.o
LOAD ./SDK/rtos/FreeRTOS_S32K/Source/queue.o
LOAD ./SDK/rtos/FreeRTOS_S32K/Source/list.o
LOAD ./SDK/rtos/FreeRTOS_S32K/Source/event_groups.o
LOAD ./SDK/rtos/FreeRTOS_S32K/Source/croutine.o
LOAD ./Sources/transceiver.o
LOAD ./Sources/rtos_driver.o
LOAD ./Sources/main.o
LOAD ./Sources/clocks_and_modes.o
LOAD ./Sources/can_driver.o
LOAD ./Sources/ADC.o
START GROUP
LOAD c:/nxp/s32ds_arm_v1.3/cross_tools/gcc-arm-none-eabi-4_9/bin/../lib/gcc/arm-none-eabi/4.9.3/armv7e-m/fpu\libgcc.a
LOAD C:/NXP/S32DS_ARM_v1.3/Cross_Tools/gcc-arm-none-eabi-4_9/arm-none-eabi/newlib/lib/armv7e-m/fpu\libc_nano.a
END GROUP
START GROUP
LOAD c:/nxp/s32ds_arm_v1.3/cross_tools/gcc-arm-none-eabi-4_9/bin/../lib/gcc/arm-none-eabi/4.9.3/armv7e-m/fpu\libgcc.a
LOAD C:/NXP/S32DS_ARM_v1.3/Cross_Tools/gcc-arm-none-eabi-4_9/arm-none-eabi/newlib/lib/armv7e-m/fpu\libc_nano.a
LOAD C:/NXP/S32DS_ARM_v1.3/Cross_Tools/gcc-arm-none-eabi-4_9/arm-none-eabi/newlib/lib/armv7e-m/fpu\libnosys.a
END GROUP
START GROUP
LOAD c:/nxp/s32ds_arm_v1.3/cross_tools/gcc-arm-none-eabi-4_9/bin/../lib/gcc/arm-none-eabi/4.9.3/armv7e-m/fpu\libgcc.a
LOAD C:/NXP/S32DS_ARM_v1.3/Cross_Tools/gcc-arm-none-eabi-4_9/arm-none-eabi/newlib/lib/armv7e-m/fpu\libc_nano.a
LOAD C:/NXP/S32DS_ARM_v1.3/Cross_Tools/gcc-arm-none-eabi-4_9/arm-none-eabi/newlib/lib/armv7e-m/fpu\libnosys.a
END GROUP
LOAD c:/nxp/s32ds_arm_v1.3/cross_tools/gcc-arm-none-eabi-4_9/bin/../lib/gcc/arm-none-eabi/4.9.3/armv7e-m/fpu/crtend.o
LOAD c:/nxp/s32ds_arm_v1.3/cross_tools/gcc-arm-none-eabi-4_9/bin/../lib/gcc/arm-none-eabi/4.9.3/armv7e-m/fpu/crtn.o
                0x00000400                HEAP_SIZE = DEFINED (__heap_size__)?__heap_size__:0x400
                0x00000400                STACK_SIZE = DEFINED (__stack_size__)?__stack_size__:0x400
                0x00000400                M_VECTOR_RAM_SIZE = DEFINED (__flash_vector_table__)?0x0:0x400

.interrupts     0x00000000      0x400
                0x00000000                __VECTOR_TABLE = .
                0x00000000                . = ALIGN (0x4)
 *(.isr_vector)
 .isr_vector    0x00000000      0x400 ./Project_Settings/Startup_Code/startup_S32K144.o
                0x00000000                __isr_vector
                0x00000400                . = ALIGN (0x4)

.flash_config   0x00000400       0x10
                0x00000400                . = ALIGN (0x4)
 *(.FlashConfig)
 .FlashConfig   0x00000400       0x10 ./Project_Settings/Startup_Code/startup_S32K144.o
                0x00000410                . = ALIGN (0x4)

.text           0x00000410     0x5634
                0x00000410                . = ALIGN (0x4)
 *(.text)
 .text          0x00000410       0x5c c:/nxp/s32ds_arm_v1.3/cross_tools/gcc-arm-none-eabi-4_9/bin/../lib/gcc/arm-none-eabi/4.9.3/armv7e-m/fpu/crtbegin.o
 .text          0x0000046c       0x44 ./Project_Settings/Startup_Code/startup_S32K144.o
                0x0000046c                Reset_Handler
                0x000004ac                DebugMon_Handler
                0x000004ac                Reserved88_IRQHandler
                0x000004ac                CAN0_ORed_IRQHandler
                0x000004ac                HardFault_Handler
                0x000004ac                Reserved86_IRQHandler
                0x000004ac                Reserved103_IRQHandler
                0x000004ac                FTM2_Ovf_Reload_IRQHandler
                0x000004ac                Reserved50_IRQHandler
                0x000004ac                FTFC_Fault_IRQHandler
                0x000004ac                Reserved114_IRQHandler
                0x000004ac                NMI_Handler
                0x000004ac                Reserved89_IRQHandler
                0x000004ac                ERM_double_fault_IRQHandler
                0x000004ac                DMA2_IRQHandler
                0x000004ac                Reserved59_IRQHandler
                0x000004ac                LPIT0_Ch0_IRQHandler
                0x000004ac                Reserved99_IRQHandler
                0x000004ac                CAN2_ORed_0_15_MB_IRQHandler
                0x000004ac                LPIT0_Ch3_IRQHandler
                0x000004ac                Reserved92_IRQHandler
                0x000004ac                CAN1_Error_IRQHandler
                0x000004ac                SWI_IRQHandler
                0x000004ac                ADC0_IRQHandler
                0x000004ac                UsageFault_Handler
                0x000004ac                FTM0_Ovf_Reload_IRQHandler
                0x000004ac                DefaultISR
                0x000004ac                DMA9_IRQHandler
                0x000004ac                Reserved58_IRQHandler
                0x000004ac                CAN1_ORed_0_15_MB_IRQHandler
                0x000004ac                DMA14_IRQHandler
                0x000004ac                Reserved82_IRQHandler
                0x000004ac                CAN0_ORed_16_31_MB_IRQHandler
                0x000004ac                LPI2C0_Slave_IRQHandler
                0x000004ac                Reserved71_IRQHandler
                0x000004ac                PORTD_IRQHandler
                0x000004ac                Reserved69_IRQHandler
                0x000004ac                PORTB_IRQHandler
                0x000004ac                Reserved70_IRQHandler
                0x000004ac                ADC1_IRQHandler
                0x000004ac                Reserved53_IRQHandler
                0x000004ac                DMA5_IRQHandler
                0x000004ac                RTC_IRQHandler
                0x000004ac                PDB0_IRQHandler
                0x000004ac                Reserved54_IRQHandler
                0x000004ac                LPSPI1_IRQHandler
                0x000004ac                LPUART1_RxTx_IRQHandler
                0x000004ac                RTC_Seconds_IRQHandler
                0x000004ac                CAN2_ORed_IRQHandler
                0x000004ac                Reserved72_IRQHandler
                0x000004ac                Reserved110_IRQHandler
                0x000004ac                DMA11_IRQHandler
                0x000004ac                Reserved107_IRQHandler
                0x000004ac                Read_Collision_IRQHandler
                0x000004ac                CAN2_Error_IRQHandler
                0x000004ac                FTFC_IRQHandler
                0x000004ac                DMA7_IRQHandler
                0x000004ac                Reserved105_IRQHandler
                0x000004ac                LPIT0_Ch1_IRQHandler
                0x000004ac                FTM3_Ovf_Reload_IRQHandler
                0x000004ac                LPUART2_RxTx_IRQHandler
                0x000004ac                LPSPI0_IRQHandler
                0x000004ac                WDOG_EWM_IRQHandler
                0x000004ac                MemManage_Handler
                0x000004ac                Reserved90_IRQHandler
                0x000004ac                Reserved83_IRQHandler
                0x000004ac                FTM0_Fault_IRQHandler
                0x000004ac                Reserved48_IRQHandler
                0x000004ac                ERM_single_fault_IRQHandler
                0x000004ac                FTM2_Fault_IRQHandler
                0x000004ac                DMA13_IRQHandler
                0x000004ac                FTM3_Fault_IRQHandler
                0x000004ac                RCM_IRQHandler
                0x000004ac                DMA3_IRQHandler
                0x000004ac                Reserved100_IRQHandler
                0x000004ac                DMA0_IRQHandler
                0x000004ac                Reserved91_IRQHandler
                0x000004ac                CAN1_ORed_IRQHandler
                0x000004ac                DMA15_IRQHandler
                0x000004ac                SCG_IRQHandler
                0x000004ac                PDB1_IRQHandler
                0x000004ac                Reserved81_IRQHandler
                0x000004ac                Reserved46_IRQHandler
                0x000004ac                Reserved45_IRQHandler
                0x000004ac                CAN0_Error_IRQHandler
                0x000004ac                Reserved112_IRQHandler
                0x000004ac                LPI2C0_Master_IRQHandler
                0x000004ac                DMA4_IRQHandler
                0x000004ac                FTM1_Fault_IRQHandler
                0x000004ac                Reserved106_IRQHandler
                0x000004ac                DMA_Error_IRQHandler
                0x000004ac                LVD_LVW_IRQHandler
                0x000004ac                LPIT0_Ch2_IRQHandler
                0x000004ac                PORTA_IRQHandler
                0x000004ac                MCM_IRQHandler
                0x000004ac                LPSPI2_IRQHandler
                0x000004ac                DMA12_IRQHandler
                0x000004ac                CAN0_ORed_0_15_MB_IRQHandler
                0x000004ac                PORTE_IRQHandler
                0x000004ac                LPUART0_RxTx_IRQHandler
                0x000004ac                LPTMR0_IRQHandler
                0x000004ac                BusFault_Handler
                0x000004ac                Reserved87_IRQHandler
                0x000004ac                FTM1_Ovf_Reload_IRQHandler
                0x000004ac                DMA8_IRQHandler
                0x000004ac                Reserved93_IRQHandler
                0x000004ac                DMA10_IRQHandler
                0x000004ac                CAN0_Wake_Up_IRQHandler
                0x000004ac                CMP0_IRQHandler
                0x000004ac                Reserved52_IRQHandler
                0x000004ac                PORTC_IRQHandler
                0x000004ac                DMA6_IRQHandler
                0x000004ac                FLEXIO_IRQHandler
                0x000004ac                DMA1_IRQHandler
                0x000004ac                Reserved113_IRQHandler
 *(.text*)
 .text.SystemInit
                0x000004b0       0x58 ./SDK/platform/devices/S32K144/startup/system_S32K144.o
                0x000004b0                SystemInit
 .text.init_data_bss
                0x00000508       0xf4 ./SDK/platform/devices/startup.o
                0x00000508                init_data_bss
 .text.SCG_HAL_GetClockoutSourceSel
                0x000005fc       0x6c ./SDK/platform/drivers/src/clock/S32K144/clock_S32K144.o
 .text.SCG_HAL_SetClockoutSourceSel
                0x00000668       0x80 ./SDK/platform/drivers/src/clock/S32K144/clock_S32K144.o
 .text.PCC_HAL_GetClockMode
                0x000006e8       0x44 ./SDK/platform/drivers/src/clock/S32K144/clock_S32K144.o
 .text.PCC_HAL_GetClockSourceSel
                0x0000072c       0x80 ./SDK/platform/drivers/src/clock/S32K144/clock_S32K144.o
 .text.PCC_HAL_GetFracValueSel
                0x000007ac       0x4c ./SDK/platform/drivers/src/clock/S32K144/clock_S32K144.o
 .text.PCC_HAL_GetDividerSel
                0x000007f8       0x94 ./SDK/platform/drivers/src/clock/S32K144/clock_S32K144.o
 .text.SIM_HAL_GetRtcClkSrc
                0x0000088c       0x48 ./SDK/platform/drivers/src/clock/S32K144/clock_S32K144.o
 .text.SIM_HAL_SetLpoClocks
                0x000008d4       0x78 ./SDK/platform/drivers/src/clock/S32K144/clock_S32K144.o
 .text.SIM_HAL_SetEimClockGate
                0x0000094c       0x3c ./SDK/platform/drivers/src/clock/S32K144/clock_S32K144.o
 .text.SIM_HAL_GetEimClockGate
                0x00000988       0x30 ./SDK/platform/drivers/src/clock/S32K144/clock_S32K144.o
 .text.SIM_HAL_SetErmClockGate
                0x000009b8       0x3c ./SDK/platform/drivers/src/clock/S32K144/clock_S32K144.o
 .text.SIM_HAL_GetErmClockGate
                0x000009f4       0x30 ./SDK/platform/drivers/src/clock/S32K144/clock_S32K144.o
 .text.SIM_HAL_SetDmaClockGate
                0x00000a24       0x3c ./SDK/platform/drivers/src/clock/S32K144/clock_S32K144.o
 .text.SIM_HAL_GetDmaClockGate
                0x00000a60       0x30 ./SDK/platform/drivers/src/clock/S32K144/clock_S32K144.o
 .text.SIM_HAL_SetMpuClockGate
                0x00000a90       0x3c ./SDK/platform/drivers/src/clock/S32K144/clock_S32K144.o
 .text.SIM_HAL_GetMpuClockGate
                0x00000acc       0x30 ./SDK/platform/drivers/src/clock/S32K144/clock_S32K144.o
 .text.SIM_HAL_SetMscmClockGate
                0x00000afc       0x3c ./SDK/platform/drivers/src/clock/S32K144/clock_S32K144.o
 .text.SIM_HAL_GetMscmClockGate
                0x00000b38       0x30 ./SDK/platform/drivers/src/clock/S32K144/clock_S32K144.o
 .text.SIM_HAL_SetTClkFreq
                0x00000b68       0x2c ./SDK/platform/drivers/src/clock/S32K144/clock_S32K144.o
 .text.SIM_HAL_GetTClkFreq
                0x00000b94       0x34 ./SDK/platform/drivers/src/clock/S32K144/clock_S32K144.o
 .text.SMC_HAL_GetPowerModeStatus
                0x00000bc8       0x70 ./SDK/platform/drivers/src/clock/S32K144/clock_S32K144.o
 .text.PMC_HAL_SetLpoMode
                0x00000c38       0x40 ./SDK/platform/drivers/src/clock/S32K144/clock_S32K144.o
 .text.PMC_HAL_GetLpoMode
                0x00000c78       0x2c ./SDK/platform/drivers/src/clock/S32K144/clock_S32K144.o
 .text.PMC_HAL_SetLpoTrimValue
                0x00000ca4       0x58 ./SDK/platform/drivers/src/clock/S32K144/clock_S32K144.o
 .text.CLOCK_SYS_SetConfiguration
                0x00000cfc       0x44 ./SDK/platform/drivers/src/clock/S32K144/clock_S32K144.o
                0x00000cfc                CLOCK_SYS_SetConfiguration
 .text.CLOCK_SYS_SetScgConfiguration
                0x00000d40       0xb4 ./SDK/platform/drivers/src/clock/S32K144/clock_S32K144.o
                0x00000d40                CLOCK_SYS_SetScgConfiguration
 .text.CLOCK_SYS_SetPccConfiguration
                0x00000df4       0x1c ./SDK/platform/drivers/src/clock/S32K144/clock_S32K144.o
                0x00000df4                CLOCK_SYS_SetPccConfiguration
 .text.CLOCK_SYS_SetSimConfiguration
                0x00000e10       0xc8 ./SDK/platform/drivers/src/clock/S32K144/clock_S32K144.o
                0x00000e10                CLOCK_SYS_SetSimConfiguration
 .text.CLOCK_SYS_SetPmcConfiguration
                0x00000ed8       0x34 ./SDK/platform/drivers/src/clock/S32K144/clock_S32K144.o
                0x00000ed8                CLOCK_SYS_SetPmcConfiguration
 .text.CLOCK_SYS_GetScgClockFreq
                0x00000f0c       0xd8 ./SDK/platform/drivers/src/clock/S32K144/clock_S32K144.o
 .text.CLOCK_SYS_GetSimClockFreq
                0x00000fe4      0x1c0 ./SDK/platform/drivers/src/clock/S32K144/clock_S32K144.o
 .text.CLOCK_SYS_GetPccClockFreq
                0x000011a4      0x13c ./SDK/platform/drivers/src/clock/S32K144/clock_S32K144.o
 .text.CLOCK_SYS_GetFreq
                0x000012e0       0x5c ./SDK/platform/drivers/src/clock/S32K144/clock_S32K144.o
                0x000012e0                CLOCK_SYS_GetFreq
 .text.CLOCK_SYS_GetPeripheralClock
                0x0000133c       0xe0 ./SDK/platform/drivers/src/clock/S32K144/clock_S32K144.o
 .text.CLOCK_SYS_GetCurrentRunMode
                0x0000141c       0x40 ./SDK/platform/drivers/src/clock/S32K144/clock_S32K144.o
 .text.CLOCK_SYS_TransitionSystemClock
                0x0000145c       0x70 ./SDK/platform/drivers/src/clock/S32K144/clock_S32K144.o
 .text.CLOCK_SYS_GetSimClkOutFreq
                0x000014cc       0xe8 ./SDK/platform/drivers/src/clock/S32K144/clock_S32K144.o
 .text.CLOCK_SYS_GetScgClkOutFreq
                0x000015b4       0x80 ./SDK/platform/drivers/src/clock/S32K144/clock_S32K144.o
 .text.CLOCK_SYS_GetSimRtcClkFreq
                0x00001634       0x70 ./SDK/platform/drivers/src/clock/S32K144/clock_S32K144.o
 .text.CLOCK_SYS_ConfigureSIRC
                0x000016a4       0x88 ./SDK/platform/drivers/src/clock/S32K144/clock_S32K144.o
 .text.CLOCK_SYS_ConfigureFIRC
                0x0000172c       0x88 ./SDK/platform/drivers/src/clock/S32K144/clock_S32K144.o
 .text.CLOCK_SYS_ConfigureSOSC
                0x000017b4       0x8c ./SDK/platform/drivers/src/clock/S32K144/clock_S32K144.o
 .text.CLOCK_SYS_ConfigureSPLL
                0x00001840       0x8c ./SDK/platform/drivers/src/clock/S32K144/clock_S32K144.o
 .text.CLOCK_SYS_ConfigureTemporarySystemClock
                0x000018cc       0x64 ./SDK/platform/drivers/src/clock/S32K144/clock_S32K144.o
 .text.CLOCK_SYS_ConfigureModulesFromScg
                0x00001930      0x190 ./SDK/platform/drivers/src/clock/S32K144/clock_S32K144.o
 .text.CLOCK_SYS_Init
                0x00001ac0       0x44 ./SDK/platform/drivers/src/clock/clock_manager.o
                0x00001ac0                CLOCK_SYS_Init
 .text.CLOCK_SYS_UpdateConfiguration
                0x00001b04      0x180 ./SDK/platform/drivers/src/clock/clock_manager.o
                0x00001b04                CLOCK_SYS_UpdateConfiguration
 .text.PCC_HAL_GetClockSourceSel
                0x00001c84       0x80 ./SDK/platform/drivers/src/ftm/ftm_driver.o
 .text.FTM_HAL_SetClockSource
                0x00001d04       0x2c ./SDK/platform/drivers/src/ftm/ftm_driver.o
 .text.FTM_HAL_GetClockSource
                0x00001d30       0x20 ./SDK/platform/drivers/src/ftm/ftm_driver.o
 .text.FTM_HAL_GetClockPs
                0x00001d50       0x20 ./SDK/platform/drivers/src/ftm/ftm_driver.o
 .text.FTM_HAL_SetTimerOverflowInt
                0x00001d70       0x2c ./SDK/platform/drivers/src/ftm/ftm_driver.o
 .text.FTM_HAL_EnablePwmChannelOutputs
                0x00001d9c       0x38 ./SDK/platform/drivers/src/ftm/ftm_driver.o
 .text.FTM_HAL_DisablePwmChannelOutputs
                0x00001dd4       0x34 ./SDK/platform/drivers/src/ftm/ftm_driver.o
 .text.FTM_HAL_ClearTimerOverflow
                0x00001e08       0x24 ./SDK/platform/drivers/src/ftm/ftm_driver.o
 .text.FTM_HAL_SetCpwms
                0x00001e2c       0x2c ./SDK/platform/drivers/src/ftm/ftm_driver.o
 .text.FTM_HAL_GetCpwms
                0x00001e58       0x28 ./SDK/platform/drivers/src/ftm/ftm_driver.o
 .text.FTM_HAL_SetMod
                0x00001e80       0x28 ./SDK/platform/drivers/src/ftm/ftm_driver.o
 .text.FTM_HAL_GetMod
                0x00001ea8       0x1c ./SDK/platform/drivers/src/ftm/ftm_driver.o
 .text.FTM_HAL_SetCounterInitVal
                0x00001ec4       0x28 ./SDK/platform/drivers/src/ftm/ftm_driver.o
 .text.FTM_HAL_SetChnMSnBAMode
                0x00001eec       0x70 ./SDK/platform/drivers/src/ftm/ftm_driver.o
 .text.FTM_HAL_SetChnEdgeLevel
                0x00001f5c       0x70 ./SDK/platform/drivers/src/ftm/ftm_driver.o
 .text.FTM_HAL_EnableChnInt
                0x00001fcc       0x34 ./SDK/platform/drivers/src/ftm/ftm_driver.o
 .text.FTM_HAL_HasChnEventOccurred
                0x00002000       0x34 ./SDK/platform/drivers/src/ftm/ftm_driver.o
 .text.FTM_HAL_ClearChnEventFlag
                0x00002034       0x40 ./SDK/platform/drivers/src/ftm/ftm_driver.o
 .text.FTM_HAL_SetChnCountVal
                0x00002074       0x28 ./SDK/platform/drivers/src/ftm/ftm_driver.o
 .text.FTM_HAL_GetChnCountVal
                0x0000209c       0x28 ./SDK/platform/drivers/src/ftm/ftm_driver.o
 .text.FTM_HAL_SetChnOutputPolarityCmd
                0x000020c4       0x48 ./SDK/platform/drivers/src/ftm/ftm_driver.o
 .text.FTM_HAL_SetChnFaultInputPolarityCmd
                0x0000210c       0x50 ./SDK/platform/drivers/src/ftm/ftm_driver.o
 .text.FTM_HAL_SetFaultInt
                0x0000215c       0x28 ./SDK/platform/drivers/src/ftm/ftm_driver.o
 .text.FTM_HAL_SetFaultControlMode
                0x00002184       0x2c ./SDK/platform/drivers/src/ftm/ftm_driver.o
 .text.FTM_HAL_SetWriteProtectionCmd
                0x000021b0       0x34 ./SDK/platform/drivers/src/ftm/ftm_driver.o
 .text.FTM_HAL_Enable
                0x000021e4       0x28 ./SDK/platform/drivers/src/ftm/ftm_driver.o
 .text.FTM_HAL_SetInitChnOutputCmd
                0x0000220c       0x2c ./SDK/platform/drivers/src/ftm/ftm_driver.o
 .text.FTM_HAL_SetPwmSyncMode
                0x00002238       0x2c ./SDK/platform/drivers/src/ftm/ftm_driver.o
 .text.FTM_HAL_SetSoftwareTriggerCmd
                0x00002264       0x28 ./SDK/platform/drivers/src/ftm/ftm_driver.o
 .text.FTM_HAL_SetHardwareSyncTriggerSrc
                0x0000228c       0x48 ./SDK/platform/drivers/src/ftm/ftm_driver.o
 .text.FTM_HAL_SetOutmaskPwmSyncModeCmd
                0x000022d4       0x2c ./SDK/platform/drivers/src/ftm/ftm_driver.o
 .text.FTM_HAL_SetMaxLoadingCmd
                0x00002300       0x2c ./SDK/platform/drivers/src/ftm/ftm_driver.o
 .text.FTM_HAL_SetMinLoadingCmd
                0x0000232c       0x28 ./SDK/platform/drivers/src/ftm/ftm_driver.o
 .text.FTM_HAL_SetDualChnMofCombineCmd
                0x00002354       0x4c ./SDK/platform/drivers/src/ftm/ftm_driver.o
 .text.FTM_HAL_SetDualChnFaultCmd
                0x000023a0       0x4c ./SDK/platform/drivers/src/ftm/ftm_driver.o
 .text.FTM_HAL_SetDualChnPwmSyncCmd
                0x000023ec       0x4c ./SDK/platform/drivers/src/ftm/ftm_driver.o
 .text.FTM_HAL_SetDualChnDeadtimeCmd
                0x00002438       0x4c ./SDK/platform/drivers/src/ftm/ftm_driver.o
 .text.FTM_HAL_SetDualChnDecapCmd
                0x00002484       0x4c ./SDK/platform/drivers/src/ftm/ftm_driver.o
 .text.FTM_HAL_SetDualEdgeCaptureCmd
                0x000024d0       0x4c ./SDK/platform/drivers/src/ftm/ftm_driver.o
 .text.FTM_HAL_GetDualEdgeCaptureBit
                0x0000251c       0x34 ./SDK/platform/drivers/src/ftm/ftm_driver.o
 .text.FTM_HAL_SetDualChnCompCmd
                0x00002550       0x4c ./SDK/platform/drivers/src/ftm/ftm_driver.o
 .text.FTM_HAL_SetDualChnCombineCmd
                0x0000259c       0x4c ./SDK/platform/drivers/src/ftm/ftm_driver.o
 .text.FTM_HAL_GetDualChnCombineCmd
                0x000025e8       0x34 ./SDK/platform/drivers/src/ftm/ftm_driver.o
 .text.FTM_HAL_GetDualChnMofCombineCmd
                0x0000261c       0x34 ./SDK/platform/drivers/src/ftm/ftm_driver.o
 .text.FTM_HAL_SetDeadtimePrescale
                0x00002650       0x2c ./SDK/platform/drivers/src/ftm/ftm_driver.o
 .text.FTM_HAL_SetDeadtimeCount
                0x0000267c       0x2c ./SDK/platform/drivers/src/ftm/ftm_driver.o
 .text.FTM_HAL_SetInitTriggerCmd
                0x000026a8       0x2c ./SDK/platform/drivers/src/ftm/ftm_driver.o
 .text.FTM_HAL_SetFaultInputFilterVal
                0x000026d4       0x2c ./SDK/platform/drivers/src/ftm/ftm_driver.o
 .text.FTM_HAL_SetFaultInputFilterCmd
                0x00002700       0x4c ./SDK/platform/drivers/src/ftm/ftm_driver.o
 .text.FTM_HAL_SetFaultInputCmd
                0x0000274c       0x48 ./SDK/platform/drivers/src/ftm/ftm_driver.o
 .text.FTM_HAL_SetPwmFaultBehavior
                0x00002794       0x34 ./SDK/platform/drivers/src/ftm/ftm_driver.o
 .text.FTM_HAL_SetBdmMode
                0x000027c8       0x30 ./SDK/platform/drivers/src/ftm/ftm_driver.o
 .text.FTM_HAL_SetSwoctrlHardwareSyncModeCmd
                0x000027f8       0x30 ./SDK/platform/drivers/src/ftm/ftm_driver.o
 .text.FTM_HAL_SetInvctrlHardwareSyncModeCmd
                0x00002828       0x30 ./SDK/platform/drivers/src/ftm/ftm_driver.o
 .text.FTM_HAL_SetOutmaskHardwareSyncModeCmd
                0x00002858       0x30 ./SDK/platform/drivers/src/ftm/ftm_driver.o
 .text.FTM_HAL_SetModCntinCvHardwareSyncModeCmd
                0x00002888       0x30 ./SDK/platform/drivers/src/ftm/ftm_driver.o
 .text.FTM_HAL_SetCounterHardwareSyncModeCmd
                0x000028b8       0x30 ./SDK/platform/drivers/src/ftm/ftm_driver.o
 .text.FTM_HAL_SetSwoctrlSoftwareSyncModeCmd
                0x000028e8       0x30 ./SDK/platform/drivers/src/ftm/ftm_driver.o
 .text.FTM_HAL_SetInvctrlSoftwareSyncModeCmd
                0x00002918       0x30 ./SDK/platform/drivers/src/ftm/ftm_driver.o
 .text.FTM_HAL_SetOutmaskSoftwareSyncModeCmd
                0x00002948       0x30 ./SDK/platform/drivers/src/ftm/ftm_driver.o
 .text.FTM_HAL_SetModCntinCvSoftwareSyncModeCmd
                0x00002978       0x30 ./SDK/platform/drivers/src/ftm/ftm_driver.o
 .text.FTM_HAL_SetHwTriggerSyncModeCmd
                0x000029a8       0x2c ./SDK/platform/drivers/src/ftm/ftm_driver.o
 .text.FTM_HAL_SetCounterSoftwareSyncModeCmd
                0x000029d4       0x30 ./SDK/platform/drivers/src/ftm/ftm_driver.o
 .text.FTM_HAL_SetPwmSyncModeCmd
                0x00002a04       0x2c ./SDK/platform/drivers/src/ftm/ftm_driver.o
 .text.FTM_HAL_SetSwoctrlPwmSyncModeCmd
                0x00002a30       0x30 ./SDK/platform/drivers/src/ftm/ftm_driver.o
 .text.FTM_HAL_SetInvctrlPwmSyncModeCmd
                0x00002a60       0x30 ./SDK/platform/drivers/src/ftm/ftm_driver.o
 .text.FTM_HAL_SetCntinPwmSyncModeCmd
                0x00002a90       0x30 ./SDK/platform/drivers/src/ftm/ftm_driver.o
 .text.FTM_DRV_Init
                0x00002ac0      0x108 ./SDK/platform/drivers/src/ftm/ftm_driver.o
                0x00002ac0                FTM_DRV_Init
 .text.FTM_DRV_InitPwm
                0x00002bc8      0x504 ./SDK/platform/drivers/src/ftm/ftm_driver.o
                0x00002bc8                FTM_DRV_InitPwm
 .text.FTM_DRV_UpdatePwmChannel
                0x000030cc      0x1a0 ./SDK/platform/drivers/src/ftm/ftm_driver.o
                0x000030cc                FTM_DRV_UpdatePwmChannel
 .text.FTM_DRV_SetSync
                0x0000326c      0x164 ./SDK/platform/drivers/src/ftm/ftm_driver.o
                0x0000326c                FTM_DRV_SetSync
 .text.FTM_DRV_InitInputCapture
                0x000033d0      0x2f8 ./SDK/platform/drivers/src/ftm/ftm_driver.o
                0x000033d0                FTM_DRV_InitInputCapture
 .text.FTM_DRV_GetInputCaptureMeasurement
                0x000036c8       0x30 ./SDK/platform/drivers/src/ftm/ftm_driver.o
                0x000036c8                FTM_DRV_GetInputCaptureMeasurement
 .text.FTM_DRV_GetFrequency
                0x000036f8       0xc8 ./SDK/platform/drivers/src/ftm/ftm_driver.o
                0x000036f8                FTM_DRV_GetFrequency
 .text.FTM_DRV_ConvertFreqToPeriodTicks
                0x000037c0       0x34 ./SDK/platform/drivers/src/ftm/ftm_driver.o
                0x000037c0                FTM_DRV_ConvertFreqToPeriodTicks
 .text.FTM0_Ch0_Ch1_IRQHandler
                0x000037f4       0x10 ./SDK/platform/drivers/src/ftm/ftm_driver.o
                0x000037f4                FTM0_Ch0_Ch1_IRQHandler
 .text.FTM0_Ch2_Ch3_IRQHandler
                0x00003804       0x10 ./SDK/platform/drivers/src/ftm/ftm_driver.o
                0x00003804                FTM0_Ch2_Ch3_IRQHandler
 .text.FTM0_Ch4_Ch5_IRQHandler
                0x00003814       0x10 ./SDK/platform/drivers/src/ftm/ftm_driver.o
                0x00003814                FTM0_Ch4_Ch5_IRQHandler
 .text.FTM0_Ch6_Ch7_IRQHandler
                0x00003824       0x10 ./SDK/platform/drivers/src/ftm/ftm_driver.o
                0x00003824                FTM0_Ch6_Ch7_IRQHandler
 .text.FTM1_Ch0_Ch1_IRQHandler
                0x00003834       0x10 ./SDK/platform/drivers/src/ftm/ftm_driver.o
                0x00003834                FTM1_Ch0_Ch1_IRQHandler
 .text.FTM1_Ch2_Ch3_IRQHandler
                0x00003844       0x10 ./SDK/platform/drivers/src/ftm/ftm_driver.o
                0x00003844                FTM1_Ch2_Ch3_IRQHandler
 .text.FTM1_Ch4_Ch5_IRQHandler
                0x00003854       0x10 ./SDK/platform/drivers/src/ftm/ftm_driver.o
                0x00003854                FTM1_Ch4_Ch5_IRQHandler
 .text.FTM1_Ch6_Ch7_IRQHandler
                0x00003864       0x10 ./SDK/platform/drivers/src/ftm/ftm_driver.o
                0x00003864                FTM1_Ch6_Ch7_IRQHandler
 .text.FTM2_Ch0_Ch1_IRQHandler
                0x00003874       0x10 ./SDK/platform/drivers/src/ftm/ftm_driver.o
                0x00003874                FTM2_Ch0_Ch1_IRQHandler
 .text.FTM2_Ch2_Ch3_IRQHandler
                0x00003884       0x10 ./SDK/platform/drivers/src/ftm/ftm_driver.o
                0x00003884                FTM2_Ch2_Ch3_IRQHandler
 .text.FTM2_Ch4_Ch5_IRQHandler
                0x00003894       0x10 ./SDK/platform/drivers/src/ftm/ftm_driver.o
                0x00003894                FTM2_Ch4_Ch5_IRQHandler
 .text.FTM2_Ch6_Ch7_IRQHandler
                0x000038a4       0x10 ./SDK/platform/drivers/src/ftm/ftm_driver.o
                0x000038a4                FTM2_Ch6_Ch7_IRQHandler
 .text.FTM3_Ch0_Ch1_IRQHandler
                0x000038b4       0x10 ./SDK/platform/drivers/src/ftm/ftm_driver.o
                0x000038b4                FTM3_Ch0_Ch1_IRQHandler
 .text.FTM3_Ch2_Ch3_IRQHandler
                0x000038c4       0x10 ./SDK/platform/drivers/src/ftm/ftm_driver.o
                0x000038c4                FTM3_Ch2_Ch3_IRQHandler
 .text.FTM3_Ch4_Ch5_IRQHandler
                0x000038d4       0x10 ./SDK/platform/drivers/src/ftm/ftm_driver.o
                0x000038d4                FTM3_Ch4_Ch5_IRQHandler
 .text.FTM3_Ch6_Ch7_IRQHandler
                0x000038e4       0x10 ./SDK/platform/drivers/src/ftm/ftm_driver.o
                0x000038e4                FTM3_Ch6_Ch7_IRQHandler
 .text.FTM_DRV_IrqHandler
                0x000038f4       0x38 ./SDK/platform/drivers/src/ftm/ftm_driver.o
 .text.FTM_DRV_InputCaptureHandler
                0x0000392c      0x1cc ./SDK/platform/drivers/src/ftm/ftm_driver.o
 .text.INT_SYS_EnableIRQ
                0x00003af8       0x30 ./SDK/platform/drivers/src/interrupt/interrupt_manager.o
                0x00003af8                INT_SYS_EnableIRQ
 .text.INT_SYS_DisableIRQ
                0x00003b28       0x34 ./SDK/platform/drivers/src/interrupt/interrupt_manager.o
                0x00003b28                INT_SYS_DisableIRQ
 .text.INT_SYS_EnableIRQGlobal
                0x00003b5c       0x2c ./SDK/platform/drivers/src/interrupt/interrupt_manager.o
                0x00003b5c                INT_SYS_EnableIRQGlobal
 .text.INT_SYS_DisableIRQGlobal
                0x00003b88       0x1c ./SDK/platform/drivers/src/interrupt/interrupt_manager.o
                0x00003b88                INT_SYS_DisableIRQGlobal
 .text.PORT_HAL_SetPullSel
                0x00003ba4       0x8c ./SDK/platform/drivers/src/pins/pins_driver.o
 .text.PORT_HAL_SetPassiveFilterMode
                0x00003c30       0x40 ./SDK/platform/drivers/src/pins/pins_driver.o
 .text.PORT_HAL_SetDriveStrengthMode
                0x00003c70       0x48 ./SDK/platform/drivers/src/pins/pins_driver.o
 .text.PORT_HAL_SetMuxModeSel
                0x00003cb8       0x44 ./SDK/platform/drivers/src/pins/pins_driver.o
 .text.PORT_HAL_SetPinCtrlLockMode
                0x00003cfc       0x40 ./SDK/platform/drivers/src/pins/pins_driver.o
 .text.PORT_HAL_SetPinIntSel
                0x00003d3c       0x44 ./SDK/platform/drivers/src/pins/pins_driver.o
 .text.PORT_HAL_ClearPinIntFlagCmd
                0x00003d80       0x38 ./SDK/platform/drivers/src/pins/pins_driver.o
 .text.GPIO_HAL_SetPinDirection
                0x00003db8       0x40 ./SDK/platform/drivers/src/pins/pins_driver.o
 .text.PINS_DRV_Init
                0x00003df8      0x268 ./SDK/platform/drivers/src/pins/pins_driver.o
                0x00003df8                PINS_DRV_Init
 .text.FTM_HAL_SetClockPs
                0x00004060       0x2c ./SDK/platform/hal/src/ftm/ftm_hal.o
 .text.FTM_HAL_Enable
                0x0000408c       0x28 ./SDK/platform/hal/src/ftm/ftm_hal.o
 .text.FTM_HAL_Init
                0x000040b4       0x24 ./SDK/platform/hal/src/ftm/ftm_hal.o
                0x000040b4                FTM_HAL_Init
 .text.FTM_HAL_Reset
                0x000040d8       0xfc ./SDK/platform/hal/src/ftm/ftm_hal.o
                0x000040d8                FTM_HAL_Reset
 .text.FTM_HAL_SetChnTriggerCmd
                0x000041d4       0x74 ./SDK/platform/hal/src/ftm/ftm_hal.o
                0x000041d4                FTM_HAL_SetChnTriggerCmd
 .text.FTM_HAL_SetChnInputCaptureFilter
                0x00004248       0x94 ./SDK/platform/hal/src/ftm/ftm_hal.o
                0x00004248                FTM_HAL_SetChnInputCaptureFilter
 .text.PCC_HAL_SetPeripheralClockConfig
                0x000042dc       0xc8 ./SDK/platform/hal/src/pcc/pcc_hal.o
                0x000042dc                PCC_HAL_SetPeripheralClockConfig
 .text.SCG_HAL_GetSystemClockSrc
                0x000043a4       0x6c ./SDK/platform/hal/src/scg/scg_hal.o
 .text.SCG_HAL_GetSystemClockFreq
                0x00004410       0xe4 ./SDK/platform/hal/src/scg/scg_hal.o
                0x00004410                SCG_HAL_GetSystemClockFreq
 .text.SCG_HAL_SetSystemClockConfig
                0x000044f4      0x184 ./SDK/platform/hal/src/scg/scg_hal.o
                0x000044f4                SCG_HAL_SetSystemClockConfig
 .text.SCG_HAL_GetSystemClockConfig
                0x00004678       0xe4 ./SDK/platform/hal/src/scg/scg_hal.o
                0x00004678                SCG_HAL_GetSystemClockConfig
 .text.SCG_HAL_GetSysOscDefaultConfig
                0x0000475c       0x50 ./SDK/platform/hal/src/scg/scg_hal.o
                0x0000475c                SCG_HAL_GetSysOscDefaultConfig
 .text.SCG_HAL_InitSysOsc
                0x000047ac       0xdc ./SDK/platform/hal/src/scg/scg_hal.o
                0x000047ac                SCG_HAL_InitSysOsc
 .text.SCG_HAL_DeinitSysOsc
                0x00004888       0x54 ./SDK/platform/hal/src/scg/scg_hal.o
                0x00004888                SCG_HAL_DeinitSysOsc
 .text.SCG_HAL_GetSysOscFreq
                0x000048dc       0x38 ./SDK/platform/hal/src/scg/scg_hal.o
                0x000048dc                SCG_HAL_GetSysOscFreq
 .text.SCG_HAL_GetSysOscAsyncFreq
                0x00004914       0x7c ./SDK/platform/hal/src/scg/scg_hal.o
                0x00004914                SCG_HAL_GetSysOscAsyncFreq
 .text.SCG_HAL_GetSircDefaultConfig
                0x00004990       0x3c ./SDK/platform/hal/src/scg/scg_hal.o
                0x00004990                SCG_HAL_GetSircDefaultConfig
 .text.SCG_HAL_InitSirc
                0x000049cc       0xbc ./SDK/platform/hal/src/scg/scg_hal.o
                0x000049cc                SCG_HAL_InitSirc
 .text.SCG_HAL_DeinitSirc
                0x00004a88       0x48 ./SDK/platform/hal/src/scg/scg_hal.o
                0x00004a88                SCG_HAL_DeinitSirc
 .text.SCG_HAL_GetSircFreq
                0x00004ad0       0x4c ./SDK/platform/hal/src/scg/scg_hal.o
                0x00004ad0                SCG_HAL_GetSircFreq
 .text.SCG_HAL_GetSircAsyncFreq
                0x00004b1c       0x7c ./SDK/platform/hal/src/scg/scg_hal.o
                0x00004b1c                SCG_HAL_GetSircAsyncFreq
 .text.SCG_HAL_GetFircDefaultConfig
                0x00004b98       0x44 ./SDK/platform/hal/src/scg/scg_hal.o
                0x00004b98                SCG_HAL_GetFircDefaultConfig
 .text.SCG_HAL_InitFirc
                0x00004bdc       0xdc ./SDK/platform/hal/src/scg/scg_hal.o
                0x00004bdc                SCG_HAL_InitFirc
 .text.SCG_HAL_DeinitFirc
                0x00004cb8       0x4c ./SDK/platform/hal/src/scg/scg_hal.o
                0x00004cb8                SCG_HAL_DeinitFirc
 .text.SCG_HAL_GetFircFreq
                0x00004d04       0x4c ./SDK/platform/hal/src/scg/scg_hal.o
                0x00004d04                SCG_HAL_GetFircFreq
 .text.SCG_HAL_GetFircAsyncFreq
                0x00004d50       0x7c ./SDK/platform/hal/src/scg/scg_hal.o
                0x00004d50                SCG_HAL_GetFircAsyncFreq
 .text.SCG_HAL_GetSysPllDefaultConfig
                0x00004dcc       0x48 ./SDK/platform/hal/src/scg/scg_hal.o
                0x00004dcc                SCG_HAL_GetSysPllDefaultConfig
 .text.SCG_HAL_InitSysPll
                0x00004e14       0xd4 ./SDK/platform/hal/src/scg/scg_hal.o
                0x00004e14                SCG_HAL_InitSysPll
 .text.SCG_HAL_DeinitSysPll
                0x00004ee8       0x4c ./SDK/platform/hal/src/scg/scg_hal.o
                0x00004ee8                SCG_HAL_DeinitSysPll
 .text.SCG_HAL_GetSysPllFreq
                0x00004f34       0x80 ./SDK/platform/hal/src/scg/scg_hal.o
                0x00004f34                SCG_HAL_GetSysPllFreq
 .text.SCG_HAL_GetSysPllAsyncFreq
                0x00004fb4       0x7c ./SDK/platform/hal/src/scg/scg_hal.o
                0x00004fb4                SCG_HAL_GetSysPllAsyncFreq
 .text.SCG_HAL_SetRtcClkInFreq
                0x00005030       0x20 ./SDK/platform/hal/src/scg/scg_hal.o
                0x00005030                SCG_HAL_SetRtcClkInFreq
 .text.SCG_HAL_GetRtcClkInFreq
                0x00005050       0x1c ./SDK/platform/hal/src/scg/scg_hal.o
                0x00005050                SCG_HAL_GetRtcClkInFreq
 .text.SIM_HAL_GetClkoutConfig
                0x0000506c      0x12c ./SDK/platform/hal/src/sim/S32K144/sim_hal_S32K144.o
                0x0000506c                SIM_HAL_GetClkoutConfig
 .text.SIM_HAL_InitClkout
                0x00005198       0x5c ./SDK/platform/hal/src/sim/S32K144/sim_hal_S32K144.o
                0x00005198                SIM_HAL_InitClkout
 .text.SIM_HAL_GetFtmExternalClkPinMode
                0x000051f4       0x94 ./SDK/platform/hal/src/sim/S32K144/sim_hal_S32K144.o
                0x000051f4                SIM_HAL_GetFtmExternalClkPinMode
 .text.SIM_HAL_GetLpoFreq
                0x00005288       0x60 ./SDK/platform/hal/src/sim/S32K144/sim_hal_S32K144.o
                0x00005288                SIM_HAL_GetLpoFreq
 .text.SIM_HAL_GetLpo128KFreq
                0x000052e8       0x18 ./SDK/platform/hal/src/sim/S32K144/sim_hal_S32K144.o
                0x000052e8                SIM_HAL_GetLpo128KFreq
 .text.SIM_HAL_GetLpo32KFreq
                0x00005300       0x30 ./SDK/platform/hal/src/sim/S32K144/sim_hal_S32K144.o
                0x00005300                SIM_HAL_GetLpo32KFreq
 .text.SIM_HAL_GetLpo1KFreq
                0x00005330       0x2c ./SDK/platform/hal/src/sim/S32K144/sim_hal_S32K144.o
                0x00005330                SIM_HAL_GetLpo1KFreq
 .text.SIM_HAL_InitTraceClock
                0x0000535c       0xbc ./SDK/platform/hal/src/sim/S32K144/sim_hal_S32K144.o
                0x0000535c                SIM_HAL_InitTraceClock
 .text.SVC_Handler
                0x00005418       0x20 ./SDK/rtos/FreeRTOS_S32K/Source/portable/GCC/ARM_CM4F/port.o
                0x00005418                SVC_Handler
 .text.PendSV_Handler
                0x00005438       0x60 ./SDK/rtos/FreeRTOS_S32K/Source/portable/GCC/ARM_CM4F/port.o
                0x00005438                PendSV_Handler
 .text.SysTick_Handler
                0x00005498       0x44 ./SDK/rtos/FreeRTOS_S32K/Source/portable/GCC/ARM_CM4F/port.o
                0x00005498                SysTick_Handler
 .text.xTaskIncrementTick
                0x000054dc      0x180 ./SDK/rtos/FreeRTOS_S32K/Source/tasks.o
                0x000054dc                xTaskIncrementTick
 .text.vTaskSwitchContext
                0x0000565c       0xb4 ./SDK/rtos/FreeRTOS_S32K/Source/tasks.o
                0x0000565c                vTaskSwitchContext
 .text.prvResetNextTaskUnblockTime
                0x00005710       0x48 ./SDK/rtos/FreeRTOS_S32K/Source/tasks.o
 .text.vListInsertEnd
                0x00005758       0x48 ./SDK/rtos/FreeRTOS_S32K/Source/list.o
                0x00005758                vListInsertEnd
 .text.uxListRemove
                0x000057a0       0x54 ./SDK/rtos/FreeRTOS_S32K/Source/list.o
                0x000057a0                uxListRemove
 .text.main     0x000057f4      0x10c ./Sources/main.o
                0x000057f4                main
 *(.rodata)
 .rodata        0x00005900        0xb ./Sources/main.o
 *(.rodata*)
 *fill*         0x0000590b        0x1 
 .rodata.g_ftmBase
                0x0000590c       0x10 ./SDK/platform/drivers/src/ftm/ftm_driver.o
                0x0000590c                g_ftmBase
 .rodata.g_ftmIrqId
                0x0000591c       0x20 ./SDK/platform/drivers/src/ftm/ftm_driver.o
                0x0000591c                g_ftmIrqId
 .rodata.g_ftmOverflowIrqId
                0x0000593c        0x4 ./SDK/platform/drivers/src/ftm/ftm_driver.o
                0x0000593c                g_ftmOverflowIrqId
 .rodata.g_ftmExtClockSel
                0x00005940        0x8 ./SDK/platform/drivers/src/ftm/ftm_driver.o
 .rodata.clockNameMappings
                0x00005948       0x9e ./SDK/platform/hal/src/pcc/pcc_hal.o
                0x00005948                clockNameMappings
 *fill*         0x000059e6        0x2 
 .rodata.maxClocksFreq.5346
                0x000059e8       0x24 ./SDK/platform/hal/src/scg/scg_hal.o
 .rodata.systemClockDividerValues.5368
                0x00005a0c       0x10 ./SDK/platform/hal/src/scg/scg_hal.o
 .rodata.fircFreq.5456
                0x00005a1c       0x10 ./SDK/platform/hal/src/scg/scg_hal.o
 *(.glue_7)
 .glue_7        0x00000000        0x0 linker stubs
 *(.glue_7t)
 .glue_7t       0x00000000        0x0 linker stubs
 *(.eh_frame)
 .eh_frame      0x00005a2c        0x0 c:/nxp/s32ds_arm_v1.3/cross_tools/gcc-arm-none-eabi-4_9/bin/../lib/gcc/arm-none-eabi/4.9.3/armv7e-m/fpu/crtbegin.o
 *(.init)
 .init          0x00005a2c        0x4 c:/nxp/s32ds_arm_v1.3/cross_tools/gcc-arm-none-eabi-4_9/bin/../lib/gcc/arm-none-eabi/4.9.3/armv7e-m/fpu/crti.o
                0x00005a2c                _init
 .init          0x00005a30        0x8 c:/nxp/s32ds_arm_v1.3/cross_tools/gcc-arm-none-eabi-4_9/bin/../lib/gcc/arm-none-eabi/4.9.3/armv7e-m/fpu/crtn.o
 *(.fini)
 .fini          0x00005a38        0x4 c:/nxp/s32ds_arm_v1.3/cross_tools/gcc-arm-none-eabi-4_9/bin/../lib/gcc/arm-none-eabi/4.9.3/armv7e-m/fpu/crti.o
                0x00005a38                _fini
 .fini          0x00005a3c        0x8 c:/nxp/s32ds_arm_v1.3/cross_tools/gcc-arm-none-eabi-4_9/bin/../lib/gcc/arm-none-eabi/4.9.3/armv7e-m/fpu/crtn.o
                0x00005a44                . = ALIGN (0x4)

.vfp11_veneer   0x00005a44        0x0
 .vfp11_veneer  0x00000000        0x0 linker stubs

.v4_bx          0x00005a44        0x0
 .v4_bx         0x00000000        0x0 linker stubs

.iplt           0x00005a44        0x0
 .iplt          0x00000000        0x0 c:/nxp/s32ds_arm_v1.3/cross_tools/gcc-arm-none-eabi-4_9/bin/../lib/gcc/arm-none-eabi/4.9.3/armv7e-m/fpu/crtbegin.o

.rel.dyn        0x00005a44        0x0
 .rel.iplt      0x00000000        0x0 c:/nxp/s32ds_arm_v1.3/cross_tools/gcc-arm-none-eabi-4_9/bin/../lib/gcc/arm-none-eabi/4.9.3/armv7e-m/fpu/crtbegin.o

.ARM.extab
 *(.ARM.extab* .gnu.linkonce.armextab.*)

.ARM            0x00005a44        0x0
                0x00005a44                __exidx_start = .
 *(.ARM.exidx*)
                0x00005a44                __exidx_end = .

.ctors          0x00005a44        0x0
                0x00005a44                __CTOR_LIST__ = .
 *crtbegin.o(.ctors)
 *crtbegin?.o(.ctors)
 *(EXCLUDE_FILE(*crtend.o *crtend?.o) .ctors)
 *(SORT(.ctors.*))
 *(.ctors)
                0x00005a44                __CTOR_END__ = .

.dtors          0x00005a44        0x0
                0x00005a44                __DTOR_LIST__ = .
 *crtbegin.o(.dtors)
 *crtbegin?.o(.dtors)
 *(EXCLUDE_FILE(*crtend.o *crtend?.o) .dtors)
 *(SORT(.dtors.*))
 *(.dtors)
                0x00005a44                __DTOR_END__ = .

.preinit_array  0x00005a44        0x0
                0x00005a44                PROVIDE (__preinit_array_start, .)
 *(.preinit_array*)
                0x00005a44                PROVIDE (__preinit_array_end, .)

.init_array     0x00005a44        0x4
                0x00005a44                PROVIDE (__init_array_start, .)
 *(SORT(.init_array.*))
 *(.init_array*)
 .init_array    0x00005a44        0x4 c:/nxp/s32ds_arm_v1.3/cross_tools/gcc-arm-none-eabi-4_9/bin/../lib/gcc/arm-none-eabi/4.9.3/armv7e-m/fpu/crtbegin.o
                0x00005a48                PROVIDE (__init_array_end, .)

.fini_array     0x00005a48        0x4
                0x00005a48                PROVIDE (__fini_array_start, .)
 *(SORT(.fini_array.*))
 *(.fini_array*)
 .fini_array    0x00005a48        0x4 c:/nxp/s32ds_arm_v1.3/cross_tools/gcc-arm-none-eabi-4_9/bin/../lib/gcc/arm-none-eabi/4.9.3/armv7e-m/fpu/crtbegin.o
                0x00005a4c                PROVIDE (__fini_array_end, .)
                0x00005a4c                __etext = .
                0x00005a4c                __DATA_ROM = .

.interrupts_ram
                0x1fff8000      0x400
                0x1fff8000                . = ALIGN (0x4)
                0x1fff8000                __VECTOR_RAM__ = .
                0x1fff8000                __interrupts_ram_start__ = .
 *(.m_interrupts_ram)
                0x1fff8400                . = (. + M_VECTOR_RAM_SIZE)
 *fill*         0x1fff8000      0x400 
                0x1fff8400                . = ALIGN (0x4)
                0x1fff8400                __interrupts_ram_end__ = .
                0x1fff8000                __VECTOR_RAM = DEFINED (__flash_vector_table__)?ORIGIN (m_interrupts):__VECTOR_RAM__
                0x00000400                __RAM_VECTOR_TABLE_SIZE = DEFINED (__flash_vector_table__)?0x0:(__interrupts_ram_end__ - __interrupts_ram_start__)

.data           0x1fff8400     0x103c load address 0x00005a4c
                0x1fff8400                . = ALIGN (0x4)
                0x1fff8400                __DATA_RAM = .
                0x1fff8400                __data_start__ = .
 *(.data)
 *(.data*)
 .data.g_pin_mux_InitConfigArr
                0x1fff8400      0xde8 ./Generated_Code/pin_mux.o
                0x1fff8400                g_pin_mux_InitConfigArr
 .data.flexTimer3_InputCaptureChannelConfig
                0x1fff91e8       0x18 ./Generated_Code/flexTimer3.o
                0x1fff91e8                flexTimer3_InputCaptureChannelConfig
 .data.flexTimer3_InputCaptureConfig
                0x1fff9200        0x8 ./Generated_Code/flexTimer3.o
                0x1fff9200                flexTimer3_InputCaptureConfig
 .data.flexTimer3_InitConfig
                0x1fff9208       0x30 ./Generated_Code/flexTimer3.o
                0x1fff9208                flexTimer3_InitConfig
 .data.flexTimer2_IndependentChannelsConfig
                0x1fff9238        0x8 ./Generated_Code/flexTimer2.o
                0x1fff9238                flexTimer2_IndependentChannelsConfig
 .data.flexTimer2_PwmConfig
                0x1fff9240       0x18 ./Generated_Code/flexTimer2.o
                0x1fff9240                flexTimer2_PwmConfig
 .data.flexTimer2_InitConfig
                0x1fff9258       0x30 ./Generated_Code/flexTimer2.o
                0x1fff9258                flexTimer2_InitConfig
 .data.flexTimer1_IndependentChannelsConfig
                0x1fff9288        0x8 ./Generated_Code/flexTimer1.o
                0x1fff9288                flexTimer1_IndependentChannelsConfig
 .data.flexTimer1_PwmConfig
                0x1fff9290       0x18 ./Generated_Code/flexTimer1.o
                0x1fff9290                flexTimer1_PwmConfig
 .data.flexTimer1_InitConfig
                0x1fff92a8       0x30 ./Generated_Code/flexTimer1.o
                0x1fff92a8                flexTimer1_InitConfig
 .data.peripheralClockConfig0
                0x1fff92d8       0x6c ./Generated_Code/clockMan1.o
                0x1fff92d8                peripheralClockConfig0
 .data.clockMan1_InitConfig0
                0x1fff9344       0xf0 ./Generated_Code/clockMan1.o
                0x1fff9344                clockMan1_InitConfig0
 .data.g_clockManConfigsArr
                0x1fff9434        0x4 ./Generated_Code/clockMan1.o
                0x1fff9434                g_clockManConfigsArr
 *(.jcr*)
 .jcr           0x1fff9438        0x0 c:/nxp/s32ds_arm_v1.3/cross_tools/gcc-arm-none-eabi-4_9/bin/../lib/gcc/arm-none-eabi/4.9.3/armv7e-m/fpu/crtbegin.o
 .jcr           0x1fff9438        0x4 c:/nxp/s32ds_arm_v1.3/cross_tools/gcc-arm-none-eabi-4_9/bin/../lib/gcc/arm-none-eabi/4.9.3/armv7e-m/fpu/crtend.o
                0x1fff943c                . = ALIGN (0x4)
                0x1fff943c                __data_end__ = .
                0x00006a88                __DATA_END = (__DATA_ROM + (__data_end__ - __data_start__))
                0x00006a88                __CODE_ROM = __DATA_END

.igot.plt       0x1fff943c        0x0 load address 0x00006a88
 .igot.plt      0x00000000        0x0 c:/nxp/s32ds_arm_v1.3/cross_tools/gcc-arm-none-eabi-4_9/bin/../lib/gcc/arm-none-eabi/4.9.3/armv7e-m/fpu/crtbegin.o

.code           0x1fff943c        0x0 load address 0x00006a88
                0x1fff943c                . = ALIGN (0x4)
                0x1fff943c                __CODE_RAM = .
                0x1fff943c                __code_start__ = .
 *(.code_ram)
                0x1fff943c                . = ALIGN (0x4)
                0x1fff943c                __code_end__ = .
                0x00006a88                __CODE_END = (__CODE_ROM + (__code_end__ - __code_start__))

.customSectionBlock
 *(.customSection)

.bss            0x20000000      0x198
                0x20000000                . = ALIGN (0x4)
                0x20000000                __BSS_START = .
                0x20000000                __bss_start__ = .
 *(.bss)
 .bss           0x20000000       0x1c c:/nxp/s32ds_arm_v1.3/cross_tools/gcc-arm-none-eabi-4_9/bin/../lib/gcc/arm-none-eabi/4.9.3/armv7e-m/fpu/crtbegin.o
 *(.bss*)
 .bss.flexTimer2_FaultConfig
                0x2000001c       0x3c ./Generated_Code/flexTimer2.o
                0x2000001c                flexTimer2_FaultConfig
 .bss.flexTimer1_FaultConfig
                0x20000058       0x3c ./Generated_Code/flexTimer1.o
                0x20000058                flexTimer1_FaultConfig
 .bss.g_clockManCallbacksArr
                0x20000094        0x4 ./Generated_Code/clockMan1.o
                0x20000094                g_clockManCallbacksArr
 .bss.g_clockState
                0x20000098       0x10 ./SDK/platform/drivers/src/clock/clock_manager.o
 .bss.ftmStatePtr
                0x200000a8       0x10 ./SDK/platform/drivers/src/ftm/ftm_driver.o
                0x200000a8                ftmStatePtr
 .bss.g_interruptDisableCount
                0x200000b8        0x4 ./SDK/platform/drivers/src/interrupt/interrupt_manager.o
 .bss.pxCurrentTCB
                0x200000bc        0x4 ./SDK/rtos/FreeRTOS_S32K/Source/tasks.o
                0x200000bc                pxCurrentTCB
 .bss.pxReadyTasksLists
                0x200000c0       0xa0 ./SDK/rtos/FreeRTOS_S32K/Source/tasks.o
 .bss.pxDelayedTaskList
                0x20000160        0x4 ./SDK/rtos/FreeRTOS_S32K/Source/tasks.o
 .bss.pxOverflowDelayedTaskList
                0x20000164        0x4 ./SDK/rtos/FreeRTOS_S32K/Source/tasks.o
 .bss.xTickCount
                0x20000168        0x4 ./SDK/rtos/FreeRTOS_S32K/Source/tasks.o
 .bss.uxTopReadyPriority
                0x2000016c        0x4 ./SDK/rtos/FreeRTOS_S32K/Source/tasks.o
 .bss.uxPendedTicks
                0x20000170        0x4 ./SDK/rtos/FreeRTOS_S32K/Source/tasks.o
 .bss.xYieldPending
                0x20000174        0x4 ./SDK/rtos/FreeRTOS_S32K/Source/tasks.o
 .bss.xNumOfOverflows
                0x20000178        0x4 ./SDK/rtos/FreeRTOS_S32K/Source/tasks.o
 .bss.xNextTaskUnblockTime
                0x2000017c        0x4 ./SDK/rtos/FreeRTOS_S32K/Source/tasks.o
 .bss.uxSchedulerSuspended
                0x20000180        0x4 ./SDK/rtos/FreeRTOS_S32K/Source/tasks.o
 *(COMMON)
 COMMON         0x20000184       0x14 ./SDK/platform/drivers/src/clock/S32K144/clock_S32K144.o
                0x20000184                g_xtal0ClkFreq
                0x20000188                g_RtcClkInFreq
                0x2000018c                g_TClkFreq
                0x20000198                . = ALIGN (0x4)
                0x20000198                __bss_end__ = .
                0x20000198                __BSS_END = .

.heap           0x20000198      0x400
                0x20000198                . = ALIGN (0x8)
                0x20000198                __end__ = .
                0x20000198                PROVIDE (end, .)
                0x20000198                PROVIDE (_end, .)
                0x20000198                PROVIDE (__end, .)
                0x20000198                __HeapBase = .
                0x20000598                . = (. + HEAP_SIZE)
 *fill*         0x20000198      0x400 
                0x20000598                __HeapLimit = .
                0x20000598                __heap_limit = .

.stack          0x20000598      0x400
                0x20000598                . = ALIGN (0x8)
                0x20000998                . = (. + STACK_SIZE)
 *fill*         0x20000598      0x400 
                0x20007000                __StackTop = (ORIGIN (m_data_2) + 0x7000)
                0x20006c00                __StackLimit = (__StackTop - STACK_SIZE)
                0x20007000                PROVIDE (__stack, __StackTop)

.ARM.attributes
                0x00000000       0x30
 *(.ARM.attributes)
 .ARM.attributes
                0x00000000       0x22 c:/nxp/s32ds_arm_v1.3/cross_tools/gcc-arm-none-eabi-4_9/bin/../lib/gcc/arm-none-eabi/4.9.3/armv7e-m/fpu/crti.o
 .ARM.attributes
                0x00000022       0x34 c:/nxp/s32ds_arm_v1.3/cross_tools/gcc-arm-none-eabi-4_9/bin/../lib/gcc/arm-none-eabi/4.9.3/armv7e-m/fpu/crtbegin.o
 .ARM.attributes
                0x00000056       0x39 ./Generated_Code/pin_mux.o
 .ARM.attributes
                0x0000008f       0x39 ./Generated_Code/flexTimer3.o
 .ARM.attributes
                0x000000c8       0x39 ./Generated_Code/flexTimer2.o
 .ARM.attributes
                0x00000101       0x39 ./Generated_Code/flexTimer1.o
 .ARM.attributes
                0x0000013a       0x39 ./Generated_Code/clockMan1.o
 .ARM.attributes
                0x00000173       0x1f ./Project_Settings/Startup_Code/startup_S32K144.o
 .ARM.attributes
                0x00000192       0x39 ./SDK/platform/devices/S32K144/startup/system_S32K144.o
 .ARM.attributes
                0x000001cb       0x39 ./SDK/platform/devices/startup.o
 .ARM.attributes
                0x00000204       0x39 ./SDK/platform/drivers/src/clock/S32K144/clock_S32K144.o
 .ARM.attributes
                0x0000023d       0x39 ./SDK/platform/drivers/src/clock/clock_manager.o
 .ARM.attributes
                0x00000276       0x39 ./SDK/platform/drivers/src/ftm/ftm_driver.o
 .ARM.attributes
                0x000002af       0x39 ./SDK/platform/drivers/src/interrupt/interrupt_manager.o
 .ARM.attributes
                0x000002e8       0x39 ./SDK/platform/drivers/src/pins/pins_driver.o
 .ARM.attributes
                0x00000321       0x39 ./SDK/platform/hal/src/ftm/ftm_hal.o
 .ARM.attributes
                0x0000035a       0x39 ./SDK/platform/hal/src/pcc/pcc_hal.o
 .ARM.attributes
                0x00000393       0x39 ./SDK/platform/hal/src/scg/scg_hal.o
 .ARM.attributes
                0x000003cc       0x39 ./SDK/platform/hal/src/sim/S32K144/sim_hal_S32K144.o
 .ARM.attributes
                0x00000405       0x39 ./SDK/rtos/FreeRTOS_S32K/Source/portable/GCC/ARM_CM4F/port.o
 .ARM.attributes
                0x0000043e       0x39 ./SDK/rtos/FreeRTOS_S32K/Source/tasks.o
 .ARM.attributes
                0x00000477       0x39 ./SDK/rtos/FreeRTOS_S32K/Source/list.o
 .ARM.attributes
                0x000004b0       0x39 ./Sources/main.o
 .ARM.attributes
                0x000004e9       0x34 c:/nxp/s32ds_arm_v1.3/cross_tools/gcc-arm-none-eabi-4_9/bin/../lib/gcc/arm-none-eabi/4.9.3/armv7e-m/fpu/crtend.o
 .ARM.attributes
                0x0000051d       0x22 c:/nxp/s32ds_arm_v1.3/cross_tools/gcc-arm-none-eabi-4_9/bin/../lib/gcc/arm-none-eabi/4.9.3/armv7e-m/fpu/crtn.o
                0x00000001                ASSERT ((__StackLimit >= __HeapLimit), region m_data_2 overflowed with stack and heap)
OUTPUT(S32K144_FreeRTOS.elf elf32-littlearm)

.debug_info     0x00000000    0x10bdb
 .debug_info    0x00000000      0x379 ./Generated_Code/pin_mux.o
 .debug_info    0x00000379      0x660 ./Generated_Code/flexTimer3.o
 .debug_info    0x000009d9      0x7ba ./Generated_Code/flexTimer2.o
 .debug_info    0x00001193      0x7ba ./Generated_Code/flexTimer1.o
 .debug_info    0x0000194d      0xf66 ./Generated_Code/clockMan1.o
 .debug_info    0x000028b3       0x8e ./Project_Settings/Startup_Code/startup_S32K144.o
 .debug_info    0x00002941      0x4f2 ./SDK/platform/devices/S32K144/startup/system_S32K144.o
 .debug_info    0x00002e33      0x3e4 ./SDK/platform/devices/startup.o
 .debug_info    0x00003217     0x20af ./SDK/platform/drivers/src/clock/S32K144/clock_S32K144.o
 .debug_info    0x000052c6     0x1087 ./SDK/platform/drivers/src/clock/clock_manager.o
 .debug_info    0x0000634d     0x34c4 ./SDK/platform/drivers/src/ftm/ftm_driver.o
 .debug_info    0x00009811      0x554 ./SDK/platform/drivers/src/interrupt/interrupt_manager.o
 .debug_info    0x00009d65      0x7f7 ./SDK/platform/drivers/src/pins/pins_driver.o
 .debug_info    0x0000a55c      0x433 ./SDK/platform/hal/src/ftm/ftm_hal.o
 .debug_info    0x0000a98f      0x436 ./SDK/platform/hal/src/pcc/pcc_hal.o
 .debug_info    0x0000adc5     0x110b ./SDK/platform/hal/src/scg/scg_hal.o
 .debug_info    0x0000bed0      0xbcb ./SDK/platform/hal/src/sim/S32K144/sim_hal_S32K144.o
 .debug_info    0x0000ca9b      0x512 ./SDK/rtos/FreeRTOS_S32K/Source/portable/GCC/ARM_CM4F/port.o
 .debug_info    0x0000cfad     0x1ac3 ./SDK/rtos/FreeRTOS_S32K/Source/tasks.o
 .debug_info    0x0000ea70      0x28f ./SDK/rtos/FreeRTOS_S32K/Source/list.o
 .debug_info    0x0000ecff     0x1edc ./Sources/main.o

.debug_abbrev   0x00000000     0x1d2e
 .debug_abbrev  0x00000000       0xe9 ./Generated_Code/pin_mux.o
 .debug_abbrev  0x000000e9       0xf9 ./Generated_Code/flexTimer3.o
 .debug_abbrev  0x000001e2       0xe2 ./Generated_Code/flexTimer2.o
 .debug_abbrev  0x000002c4       0xe2 ./Generated_Code/flexTimer1.o
 .debug_abbrev  0x000003a6      0x12a ./Generated_Code/clockMan1.o
 .debug_abbrev  0x000004d0       0x14 ./Project_Settings/Startup_Code/startup_S32K144.o
 .debug_abbrev  0x000004e4      0x118 ./SDK/platform/devices/S32K144/startup/system_S32K144.o
 .debug_abbrev  0x000005fc      0x101 ./SDK/platform/devices/startup.o
 .debug_abbrev  0x000006fd      0x274 ./SDK/platform/drivers/src/clock/S32K144/clock_S32K144.o
 .debug_abbrev  0x00000971      0x18b ./SDK/platform/drivers/src/clock/clock_manager.o
 .debug_abbrev  0x00000afc      0x22a ./SDK/platform/drivers/src/ftm/ftm_driver.o
 .debug_abbrev  0x00000d26      0x131 ./SDK/platform/drivers/src/interrupt/interrupt_manager.o
 .debug_abbrev  0x00000e57      0x1b6 ./SDK/platform/drivers/src/pins/pins_driver.o
 .debug_abbrev  0x0000100d      0x151 ./SDK/platform/hal/src/ftm/ftm_hal.o
 .debug_abbrev  0x0000115e      0x123 ./SDK/platform/hal/src/pcc/pcc_hal.o
 .debug_abbrev  0x00001281      0x215 ./SDK/platform/hal/src/scg/scg_hal.o
 .debug_abbrev  0x00001496      0x1c7 ./SDK/platform/hal/src/sim/S32K144/sim_hal_S32K144.o
 .debug_abbrev  0x0000165d      0x1c0 ./SDK/rtos/FreeRTOS_S32K/Source/portable/GCC/ARM_CM4F/port.o
 .debug_abbrev  0x0000181d      0x276 ./SDK/rtos/FreeRTOS_S32K/Source/tasks.o
 .debug_abbrev  0x00001a93       0xc1 ./SDK/rtos/FreeRTOS_S32K/Source/list.o
 .debug_abbrev  0x00001b54      0x1da ./Sources/main.o

.debug_aranges  0x00000000      0xc50
 .debug_aranges
                0x00000000       0x18 ./Generated_Code/pin_mux.o
 .debug_aranges
                0x00000018       0x18 ./Generated_Code/flexTimer3.o
 .debug_aranges
                0x00000030       0x18 ./Generated_Code/flexTimer2.o
 .debug_aranges
                0x00000048       0x18 ./Generated_Code/flexTimer1.o
 .debug_aranges
                0x00000060       0x18 ./Generated_Code/clockMan1.o
 .debug_aranges
                0x00000078       0x20 ./Project_Settings/Startup_Code/startup_S32K144.o
 .debug_aranges
                0x00000098       0x30 ./SDK/platform/devices/S32K144/startup/system_S32K144.o
 .debug_aranges
                0x000000c8       0x20 ./SDK/platform/devices/startup.o
 .debug_aranges
                0x000000e8      0x180 ./SDK/platform/drivers/src/clock/S32K144/clock_S32K144.o
 .debug_aranges
                0x00000268       0x38 ./SDK/platform/drivers/src/clock/clock_manager.o
 .debug_aranges
                0x000002a0      0x450 ./SDK/platform/drivers/src/ftm/ftm_driver.o
 .debug_aranges
                0x000006f0       0x40 ./SDK/platform/drivers/src/interrupt/interrupt_manager.o
 .debug_aranges
                0x00000730       0x60 ./SDK/platform/drivers/src/pins/pins_driver.o
 .debug_aranges
                0x00000790       0x48 ./SDK/platform/hal/src/ftm/ftm_hal.o
 .debug_aranges
                0x000007d8       0x20 ./SDK/platform/hal/src/pcc/pcc_hal.o
 .debug_aranges
                0x000007f8       0xe8 ./SDK/platform/hal/src/scg/scg_hal.o
 .debug_aranges
                0x000008e0       0xe0 ./SDK/platform/hal/src/sim/S32K144/sim_hal_S32K144.o
 .debug_aranges
                0x000009c0       0x80 ./SDK/rtos/FreeRTOS_S32K/Source/portable/GCC/ARM_CM4F/port.o
 .debug_aranges
                0x00000a40      0x1a8 ./SDK/rtos/FreeRTOS_S32K/Source/tasks.o
 .debug_aranges
                0x00000be8       0x40 ./SDK/rtos/FreeRTOS_S32K/Source/list.o
 .debug_aranges
                0x00000c28       0x28 ./Sources/main.o

.debug_macro    0x00000000    0x1fda0
 .debug_macro   0x00000000       0xfa ./Generated_Code/pin_mux.o
 .debug_macro   0x000000fa      0x86e ./Generated_Code/pin_mux.o
 .debug_macro   0x00000968       0x10 ./Generated_Code/pin_mux.o
 .debug_macro   0x00000978       0x19 ./Generated_Code/pin_mux.o
 .debug_macro   0x00000991       0x16 ./Generated_Code/pin_mux.o
 .debug_macro   0x000009a7       0x64 ./Generated_Code/pin_mux.o
 .debug_macro   0x00000a0b      0x1b5 ./Generated_Code/pin_mux.o
 .debug_macro   0x00000bc0      0x147 ./Generated_Code/pin_mux.o
 .debug_macro   0x00000d07       0x9d ./Generated_Code/pin_mux.o
 .debug_macro   0x00000da4       0x10 ./Generated_Code/pin_mux.o
 .debug_macro   0x00000db4      0x1a1 ./Generated_Code/pin_mux.o
 .debug_macro   0x00000f55     0xdf8d ./Generated_Code/pin_mux.o
 .debug_macro   0x0000eee2      0x7be ./Generated_Code/pin_mux.o
 .debug_macro   0x0000f6a0       0x58 ./Generated_Code/pin_mux.o
 .debug_macro   0x0000f6f8       0x1c ./Generated_Code/pin_mux.o
 .debug_macro   0x0000f714      0x1c9 ./Generated_Code/flexTimer3.o
 .debug_macro   0x0000f8dd       0x16 ./Generated_Code/flexTimer3.o
 .debug_macro   0x0000f8f3     0xdfa2 ./Generated_Code/flexTimer3.o
 .debug_macro   0x0001d895       0x16 ./Generated_Code/flexTimer3.o
 .debug_macro   0x0001d8ab       0x16 ./Generated_Code/flexTimer3.o
 .debug_macro   0x0001d8c1       0x16 ./Generated_Code/flexTimer3.o
 .debug_macro   0x0001d8d7       0x10 ./Generated_Code/flexTimer3.o
 .debug_macro   0x0001d8e7       0xe6 ./Generated_Code/flexTimer3.o
 .debug_macro   0x0001d9cd       0x10 ./Generated_Code/flexTimer3.o
 .debug_macro   0x0001d9dd       0x22 ./Generated_Code/flexTimer3.o
 .debug_macro   0x0001d9ff       0x16 ./Generated_Code/flexTimer3.o
 .debug_macro   0x0001da15      0x1c9 ./Generated_Code/flexTimer2.o
 .debug_macro   0x0001dbde      0x1c9 ./Generated_Code/flexTimer1.o
 .debug_macro   0x0001dda7      0x1b9 ./Generated_Code/clockMan1.o
 .debug_macro   0x0001df60       0xc6 ./SDK/platform/devices/S32K144/startup/system_S32K144.o
 .debug_macro   0x0001e026       0xc7 ./SDK/platform/devices/startup.o
 .debug_macro   0x0001e0ed      0x15d ./SDK/platform/drivers/src/clock/S32K144/clock_S32K144.o
 .debug_macro   0x0001e24a      0x163 ./SDK/platform/drivers/src/clock/clock_manager.o
 .debug_macro   0x0001e3ad      0x17b ./SDK/platform/drivers/src/ftm/ftm_driver.o
 .debug_macro   0x0001e528       0xc7 ./SDK/platform/drivers/src/interrupt/interrupt_manager.o
 .debug_macro   0x0001e5ef      0x171 ./SDK/platform/drivers/src/pins/pins_driver.o
 .debug_macro   0x0001e760      0x115 ./SDK/platform/hal/src/ftm/ftm_hal.o
 .debug_macro   0x0001e875       0xe0 ./SDK/platform/hal/src/ftm/ftm_hal.o
 .debug_macro   0x0001e955      0x10a ./SDK/platform/hal/src/pcc/pcc_hal.o
 .debug_macro   0x0001ea5f      0x12c ./SDK/platform/hal/src/scg/scg_hal.o
 .debug_macro   0x0001eb8b      0x12c ./SDK/platform/hal/src/sim/S32K144/sim_hal_S32K144.o
 .debug_macro   0x0001ecb7      0x1e4 ./SDK/rtos/FreeRTOS_S32K/Source/portable/GCC/ARM_CM4F/port.o
 .debug_macro   0x0001ee9b      0x167 ./SDK/rtos/FreeRTOS_S32K/Source/portable/GCC/ARM_CM4F/port.o
 .debug_macro   0x0001f002      0x15d ./SDK/rtos/FreeRTOS_S32K/Source/portable/GCC/ARM_CM4F/port.o
 .debug_macro   0x0001f15f       0xe4 ./SDK/rtos/FreeRTOS_S32K/Source/portable/GCC/ARM_CM4F/port.o
 .debug_macro   0x0001f243       0x10 ./SDK/rtos/FreeRTOS_S32K/Source/portable/GCC/ARM_CM4F/port.o
 .debug_macro   0x0001f253       0x1f ./SDK/rtos/FreeRTOS_S32K/Source/portable/GCC/ARM_CM4F/port.o
 .debug_macro   0x0001f272      0x345 ./SDK/rtos/FreeRTOS_S32K/Source/portable/GCC/ARM_CM4F/port.o
 .debug_macro   0x0001f5b7       0xc0 ./SDK/rtos/FreeRTOS_S32K/Source/portable/GCC/ARM_CM4F/port.o
 .debug_macro   0x0001f677       0x8c ./SDK/rtos/FreeRTOS_S32K/Source/portable/GCC/ARM_CM4F/port.o
 .debug_macro   0x0001f703      0x1f6 ./SDK/rtos/FreeRTOS_S32K/Source/tasks.o
 .debug_macro   0x0001f8f9       0x10 ./SDK/rtos/FreeRTOS_S32K/Source/tasks.o
 .debug_macro   0x0001f909       0x16 ./SDK/rtos/FreeRTOS_S32K/Source/tasks.o
 .debug_macro   0x0001f91f      0x13a ./SDK/rtos/FreeRTOS_S32K/Source/list.o
 .debug_macro   0x0001fa59      0x327 ./Sources/main.o
 .debug_macro   0x0001fd80       0x10 ./Sources/main.o
 .debug_macro   0x0001fd90       0x10 ./Sources/main.o

.debug_line     0x00000000     0x81d4
 .debug_line    0x00000000      0x35a ./Generated_Code/pin_mux.o
 .debug_line    0x0000035a      0x576 ./Generated_Code/flexTimer3.o
 .debug_line    0x000008d0      0x576 ./Generated_Code/flexTimer2.o
 .debug_line    0x00000e46      0x576 ./Generated_Code/flexTimer1.o
 .debug_line    0x000013bc      0x565 ./Generated_Code/clockMan1.o
 .debug_line    0x00001921       0x83 ./Project_Settings/Startup_Code/startup_S32K144.o
 .debug_line    0x000019a4      0x322 ./SDK/platform/devices/S32K144/startup/system_S32K144.o
 .debug_line    0x00001cc6      0x292 ./SDK/platform/devices/startup.o
 .debug_line    0x00001f58      0xb94 ./SDK/platform/drivers/src/clock/S32K144/clock_S32K144.o
 .debug_line    0x00002aec      0x570 ./SDK/platform/drivers/src/clock/clock_manager.o
 .debug_line    0x0000305c     0x13df ./SDK/platform/drivers/src/ftm/ftm_driver.o
 .debug_line    0x0000443b      0x36b ./SDK/platform/drivers/src/interrupt/interrupt_manager.o
 .debug_line    0x000047a6      0x5d0 ./SDK/platform/drivers/src/pins/pins_driver.o
 .debug_line    0x00004d76      0x3de ./SDK/platform/hal/src/ftm/ftm_hal.o
 .debug_line    0x00005154      0x392 ./SDK/platform/hal/src/pcc/pcc_hal.o
 .debug_line    0x000054e6      0x75b ./SDK/platform/hal/src/scg/scg_hal.o
 .debug_line    0x00005c41      0x72c ./SDK/platform/hal/src/sim/S32K144/sim_hal_S32K144.o
 .debug_line    0x0000636d      0x4eb ./SDK/rtos/FreeRTOS_S32K/Source/portable/GCC/ARM_CM4F/port.o
 .debug_line    0x00006858      0xe38 ./SDK/rtos/FreeRTOS_S32K/Source/tasks.o
 .debug_line    0x00007690      0x37e ./SDK/rtos/FreeRTOS_S32K/Source/list.o
 .debug_line    0x00007a0e      0x7c6 ./Sources/main.o

.debug_str      0x00000000    0x6dffa
 .debug_str     0x00000000    0x60d70 ./Generated_Code/pin_mux.o
                              0x60e01 (size before relaxing)
 .debug_str     0x00060d70     0x15c3 ./Generated_Code/flexTimer3.o
                              0x62111 (size before relaxing)
 .debug_str     0x00062333      0x456 ./Generated_Code/flexTimer2.o
                              0x622a2 (size before relaxing)
 .debug_str     0x00062789       0xa7 ./Generated_Code/flexTimer1.o
                              0x622a2 (size before relaxing)
 .debug_str     0x00062830     0x13e4 ./Generated_Code/clockMan1.o
                              0x62e34 (size before relaxing)
 .debug_str     0x00063c14      0x1f2 ./SDK/platform/devices/S32K144/startup/system_S32K144.o
                              0x60cb2 (size before relaxing)
 .debug_str     0x00063e06      0x117 ./SDK/platform/devices/startup.o
                              0x60bdf (size before relaxing)
 .debug_str     0x00063f1d      0x8df ./SDK/platform/drivers/src/clock/S32K144/clock_S32K144.o
                              0x62be9 (size before relaxing)
 .debug_str     0x000647fc      0x191 ./SDK/platform/drivers/src/clock/clock_manager.o
                              0x625b5 (size before relaxing)
 .debug_str     0x0006498d     0x1a2a ./SDK/platform/drivers/src/ftm/ftm_driver.o
                              0x64235 (size before relaxing)
 .debug_str     0x000663b7      0x111 ./SDK/platform/drivers/src/interrupt/interrupt_manager.o
                              0x6116a (size before relaxing)
 .debug_str     0x000664c8      0x174 ./SDK/platform/drivers/src/pins/pins_driver.o
                              0x614f5 (size before relaxing)
 .debug_str     0x0006663c       0xa9 ./SDK/platform/hal/src/ftm/ftm_hal.o
                              0x61678 (size before relaxing)
 .debug_str     0x000666e5       0x5f ./SDK/platform/hal/src/pcc/pcc_hal.o
                              0x61205 (size before relaxing)
 .debug_str     0x00066744      0x38e ./SDK/platform/hal/src/scg/scg_hal.o
                              0x61b93 (size before relaxing)
 .debug_str     0x00066ad2      0x5d1 ./SDK/platform/hal/src/sim/S32K144/sim_hal_S32K144.o
                              0x61526 (size before relaxing)
 .debug_str     0x000670a3     0x3cf4 ./SDK/rtos/FreeRTOS_S32K/Source/portable/GCC/ARM_CM4F/port.o
                               0x79f5 (size before relaxing)
 .debug_str     0x0006ad97     0x1a15 ./SDK/rtos/FreeRTOS_S32K/Source/tasks.o
                               0x8c9e (size before relaxing)
 .debug_str     0x0006c7ac       0xbc ./SDK/rtos/FreeRTOS_S32K/Source/list.o
                               0x6d97 (size before relaxing)
 .debug_str     0x0006c868     0x1792 ./Sources/main.o
                              0x6912d (size before relaxing)

.comment        0x00000000       0x70
 .comment       0x00000000       0x70 ./Generated_Code/pin_mux.o
                                 0x71 (size before relaxing)
 .comment       0x00000000       0x71 ./Generated_Code/flexTimer3.o
 .comment       0x00000000       0x71 ./Generated_Code/flexTimer2.o
 .comment       0x00000000       0x71 ./Generated_Code/flexTimer1.o
 .comment       0x00000000       0x71 ./Generated_Code/clockMan1.o
 .comment       0x00000000       0x71 ./SDK/platform/devices/S32K144/startup/system_S32K144.o
 .comment       0x00000000       0x71 ./SDK/platform/devices/startup.o
 .comment       0x00000000       0x71 ./SDK/platform/drivers/src/clock/S32K144/clock_S32K144.o
 .comment       0x00000000       0x71 ./SDK/platform/drivers/src/clock/clock_manager.o
 .comment       0x00000000       0x71 ./SDK/platform/drivers/src/ftm/ftm_driver.o
 .comment       0x00000000       0x71 ./SDK/platform/drivers/src/interrupt/interrupt_manager.o
 .comment       0x00000000       0x71 ./SDK/platform/drivers/src/pins/pins_driver.o
 .comment       0x00000000       0x71 ./SDK/platform/hal/src/ftm/ftm_hal.o
 .comment       0x00000000       0x71 ./SDK/platform/hal/src/pcc/pcc_hal.o
 .comment       0x00000000       0x71 ./SDK/platform/hal/src/scg/scg_hal.o
 .comment       0x00000000       0x71 ./SDK/platform/hal/src/sim/S32K144/sim_hal_S32K144.o
 .comment       0x00000000       0x71 ./SDK/rtos/FreeRTOS_S32K/Source/portable/GCC/ARM_CM4F/port.o
 .comment       0x00000000       0x71 ./SDK/rtos/FreeRTOS_S32K/Source/tasks.o
 .comment       0x00000000       0x71 ./SDK/rtos/FreeRTOS_S32K/Source/list.o
 .comment       0x00000000       0x71 ./Sources/main.o

.debug_ranges   0x00000000      0xac8
 .debug_ranges  0x00000000       0x20 ./SDK/platform/devices/S32K144/startup/system_S32K144.o
 .debug_ranges  0x00000020       0x10 ./SDK/platform/devices/startup.o
 .debug_ranges  0x00000030      0x170 ./SDK/platform/drivers/src/clock/S32K144/clock_S32K144.o
 .debug_ranges  0x000001a0       0x28 ./SDK/platform/drivers/src/clock/clock_manager.o
 .debug_ranges  0x000001c8      0x440 ./SDK/platform/drivers/src/ftm/ftm_driver.o
 .debug_ranges  0x00000608       0x30 ./SDK/platform/drivers/src/interrupt/interrupt_manager.o
 .debug_ranges  0x00000638       0x50 ./SDK/platform/drivers/src/pins/pins_driver.o
 .debug_ranges  0x00000688       0x38 ./SDK/platform/hal/src/ftm/ftm_hal.o
 .debug_ranges  0x000006c0       0x10 ./SDK/platform/hal/src/pcc/pcc_hal.o
 .debug_ranges  0x000006d0       0xd8 ./SDK/platform/hal/src/scg/scg_hal.o
 .debug_ranges  0x000007a8       0xd0 ./SDK/platform/hal/src/sim/S32K144/sim_hal_S32K144.o
 .debug_ranges  0x00000878       0x70 ./SDK/rtos/FreeRTOS_S32K/Source/portable/GCC/ARM_CM4F/port.o
 .debug_ranges  0x000008e8      0x198 ./SDK/rtos/FreeRTOS_S32K/Source/tasks.o
 .debug_ranges  0x00000a80       0x30 ./SDK/rtos/FreeRTOS_S32K/Source/list.o
 .debug_ranges  0x00000ab0       0x18 ./Sources/main.o

.debug_frame    0x00000000     0x318c
 .debug_frame   0x00000000       0x80 ./SDK/platform/devices/S32K144/startup/system_S32K144.o
 .debug_frame   0x00000080       0x38 ./SDK/platform/devices/startup.o
 .debug_frame   0x000000b8      0x6cc ./SDK/platform/drivers/src/clock/S32K144/clock_S32K144.o
 .debug_frame   0x00000784       0xa4 ./SDK/platform/drivers/src/clock/clock_manager.o
 .debug_frame   0x00000828     0x1400 ./SDK/platform/drivers/src/ftm/ftm_driver.o
 .debug_frame   0x00001c28       0xc8 ./SDK/platform/drivers/src/interrupt/interrupt_manager.o
 .debug_frame   0x00001cf0      0x178 ./SDK/platform/drivers/src/pins/pins_driver.o
 .debug_frame   0x00001e68       0xfc ./SDK/platform/hal/src/ftm/ftm_hal.o
 .debug_frame   0x00001f64       0x38 ./SDK/platform/hal/src/pcc/pcc_hal.o
 .debug_frame   0x00001f9c      0x400 ./SDK/platform/hal/src/scg/scg_hal.o
 .debug_frame   0x0000239c      0x3f4 ./SDK/platform/hal/src/sim/S32K144/sim_hal_S32K144.o
 .debug_frame   0x00002790      0x19c ./SDK/rtos/FreeRTOS_S32K/Source/portable/GCC/ARM_CM4F/port.o
 .debug_frame   0x0000292c      0x72c ./SDK/rtos/FreeRTOS_S32K/Source/tasks.o
 .debug_frame   0x00003058       0xd8 ./SDK/rtos/FreeRTOS_S32K/Source/list.o
 .debug_frame   0x00003130       0x5c ./Sources/main.o
